Archive member included to satisfy reference by file (symbol)

c:/progra~1/gcc-arm-none-eabi-10.3-2021.10/bin/../lib/gcc/arm-none-eabi/10.3.1/thumb/v7-m/nofp\libgcc.a(_arm_muldf3.o)
                              CMakeFiles/ZET6_HC_SR04.elf.dir/Core/Src/freertos.c.obj (__aeabi_dmul)
c:/progra~1/gcc-arm-none-eabi-10.3-2021.10/bin/../lib/gcc/arm-none-eabi/10.3.1/thumb/v7-m/nofp\libgcc.a(_arm_mulsf3.o)
                              CMakeFiles/ZET6_HC_SR04.elf.dir/Drivers/LCD_240_280/Src/lcd.c.obj (__aeabi_fmul)
c:/progra~1/gcc-arm-none-eabi-10.3-2021.10/bin/../lib/gcc/arm-none-eabi/10.3.1/thumb/v7-m/nofp\libgcc.a(_arm_addsubdf3.o)
                              CMakeFiles/ZET6_HC_SR04.elf.dir/Core/Src/freertos.c.obj (__aeabi_i2d)
c:/progra~1/gcc-arm-none-eabi-10.3-2021.10/bin/../lib/gcc/arm-none-eabi/10.3.1/thumb/v7-m/nofp\libgcc.a(_arm_muldivdf3.o)
                              CMakeFiles/ZET6_HC_SR04.elf.dir/Core/Src/freertos.c.obj (__aeabi_ddiv)
c:/progra~1/gcc-arm-none-eabi-10.3-2021.10/bin/../lib/gcc/arm-none-eabi/10.3.1/thumb/v7-m/nofp\libgcc.a(_arm_truncdfsf2.o)
                              CMakeFiles/ZET6_HC_SR04.elf.dir/Core/Src/freertos.c.obj (__aeabi_d2f)
c:/progra~1/gcc-arm-none-eabi-10.3-2021.10/bin/../lib/gcc/arm-none-eabi/10.3.1/thumb/v7-m/nofp\libgcc.a(_arm_cmpsf2.o)
                              CMakeFiles/ZET6_HC_SR04.elf.dir/Drivers/LCD_240_280/Src/lcd.c.obj (__aeabi_fcmpge)
c:/progra~1/gcc-arm-none-eabi-10.3-2021.10/bin/../lib/gcc/arm-none-eabi/10.3.1/thumb/v7-m/nofp\libgcc.a(_arm_fixunssfsi.o)
                              CMakeFiles/ZET6_HC_SR04.elf.dir/Drivers/LCD_240_280/Src/lcd.c.obj (__aeabi_f2uiz)
c:/progra~1/gcc-arm-none-eabi-10.3-2021.10/bin/../lib/gcc/arm-none-eabi/10.3.1/../../../../arm-none-eabi/lib/thumb/v7-m/nofp\libg.a(lib_a-errno.o)
                              CMakeFiles/ZET6_HC_SR04.elf.dir/Core/Src/syscalls.c.obj (__errno)
c:/progra~1/gcc-arm-none-eabi-10.3-2021.10/bin/../lib/gcc/arm-none-eabi/10.3.1/../../../../arm-none-eabi/lib/thumb/v7-m/nofp\libg.a(lib_a-exit.o)
                              c:/progra~1/gcc-arm-none-eabi-10.3-2021.10/bin/../lib/gcc/arm-none-eabi/10.3.1/../../../../arm-none-eabi/lib/thumb/v7-m/nofp/crt0.o (exit)
c:/progra~1/gcc-arm-none-eabi-10.3-2021.10/bin/../lib/gcc/arm-none-eabi/10.3.1/../../../../arm-none-eabi/lib/thumb/v7-m/nofp\libg.a(lib_a-impure.o)
                              c:/progra~1/gcc-arm-none-eabi-10.3-2021.10/bin/../lib/gcc/arm-none-eabi/10.3.1/../../../../arm-none-eabi/lib/thumb/v7-m/nofp\libg.a(lib_a-exit.o) (_global_impure_ptr)
c:/progra~1/gcc-arm-none-eabi-10.3-2021.10/bin/../lib/gcc/arm-none-eabi/10.3.1/../../../../arm-none-eabi/lib/thumb/v7-m/nofp\libg.a(lib_a-init.o)
                              c:/progra~1/gcc-arm-none-eabi-10.3-2021.10/bin/../lib/gcc/arm-none-eabi/10.3.1/../../../../arm-none-eabi/lib/thumb/v7-m/nofp/crt0.o (__libc_init_array)
c:/progra~1/gcc-arm-none-eabi-10.3-2021.10/bin/../lib/gcc/arm-none-eabi/10.3.1/../../../../arm-none-eabi/lib/thumb/v7-m/nofp\libg.a(lib_a-memcpy.o)
                              CMakeFiles/ZET6_HC_SR04.elf.dir/Middlewares/Third_Party/FreeRTOS/Source/CMSIS_RTOS_V2/cmsis_os2.c.obj (memcpy)
c:/progra~1/gcc-arm-none-eabi-10.3-2021.10/bin/../lib/gcc/arm-none-eabi/10.3.1/../../../../arm-none-eabi/lib/thumb/v7-m/nofp\libg.a(lib_a-memset.o)
                              c:/progra~1/gcc-arm-none-eabi-10.3-2021.10/bin/../lib/gcc/arm-none-eabi/10.3.1/../../../../arm-none-eabi/lib/thumb/v7-m/nofp/crt0.o (memset)
c:/progra~1/gcc-arm-none-eabi-10.3-2021.10/bin/../lib/gcc/arm-none-eabi/10.3.1/../../../../arm-none-eabi/lib/thumb/v7-m/nofp\libg.a(lib_a-__call_atexit.o)
                              c:/progra~1/gcc-arm-none-eabi-10.3-2021.10/bin/../lib/gcc/arm-none-eabi/10.3.1/../../../../arm-none-eabi/lib/thumb/v7-m/nofp\libg.a(lib_a-exit.o) (__call_exitprocs)
c:/progra~1/gcc-arm-none-eabi-10.3-2021.10/bin/../lib/gcc/arm-none-eabi/10.3.1/../../../../arm-none-eabi/lib/thumb/v7-m/nofp\libg.a(lib_a-atexit.o)
                              c:/progra~1/gcc-arm-none-eabi-10.3-2021.10/bin/../lib/gcc/arm-none-eabi/10.3.1/../../../../arm-none-eabi/lib/thumb/v7-m/nofp\libg.a(lib_a-__call_atexit.o) (atexit)
c:/progra~1/gcc-arm-none-eabi-10.3-2021.10/bin/../lib/gcc/arm-none-eabi/10.3.1/../../../../arm-none-eabi/lib/thumb/v7-m/nofp\libg.a(lib_a-fini.o)
                              c:/progra~1/gcc-arm-none-eabi-10.3-2021.10/bin/../lib/gcc/arm-none-eabi/10.3.1/../../../../arm-none-eabi/lib/thumb/v7-m/nofp\libg.a(lib_a-__call_atexit.o) (__libc_fini_array)
c:/progra~1/gcc-arm-none-eabi-10.3-2021.10/bin/../lib/gcc/arm-none-eabi/10.3.1/../../../../arm-none-eabi/lib/thumb/v7-m/nofp\libg.a(lib_a-lock.o)
                              c:/progra~1/gcc-arm-none-eabi-10.3-2021.10/bin/../lib/gcc/arm-none-eabi/10.3.1/../../../../arm-none-eabi/lib/thumb/v7-m/nofp\libg.a(lib_a-__call_atexit.o) (__retarget_lock_acquire_recursive)
[...]
Memory Configuration

Name             Origin             Length             Attributes
RAM              0x20000000         0x00010000         xrw
FLASH            0x08000000         0x00080000         xr
*default*        0x00000000         0xffffffff

Linker script and memory map

LOAD c:/progra~1/gcc-arm-none-eabi-10.3-2021.10/bin/../lib/gcc/arm-none-eabi/10.3.1/thumb/v7-m/nofp/crti.o
LOAD c:/progra~1/gcc-arm-none-eabi-10.3-2021.10/bin/../lib/gcc/arm-none-eabi/10.3.1/thumb/v7-m/nofp/crtbegin.o
LOAD c:/progra~1/gcc-arm-none-eabi-10.3-2021.10/bin/../lib/gcc/arm-none-eabi/10.3.1/../../../../arm-none-eabi/lib/thumb/v7-m/nofp/crt0.o
LOAD CMakeFiles/ZET6_HC_SR04.elf.dir/Core/Src/freertos.c.obj
LOAD CMakeFiles/ZET6_HC_SR04.elf.dir/Core/Src/gpio.c.obj
LOAD CMakeFiles/ZET6_HC_SR04.elf.dir/Core/Src/main.c.obj
LOAD CMakeFiles/ZET6_HC_SR04.elf.dir/Core/Src/spi.c.obj
LOAD CMakeFiles/ZET6_HC_SR04.elf.dir/Core/Src/stm32f1xx_hal_msp.c.obj
LOAD CMakeFiles/ZET6_HC_SR04.elf.dir/Core/Src/stm32f1xx_hal_timebase_tim.c.obj
LOAD CMakeFiles/ZET6_HC_SR04.elf.dir/Core/Src/stm32f1xx_it.c.obj
LOAD CMakeFiles/ZET6_HC_SR04.elf.dir/Core/Src/syscalls.c.obj
LOAD CMakeFiles/ZET6_HC_SR04.elf.dir/Core/Src/sysmem.c.obj
LOAD CMakeFiles/ZET6_HC_SR04.elf.dir/Core/Src/system_stm32f1xx.c.obj
LOAD CMakeFiles/ZET6_HC_SR04.elf.dir/Core/Src/tim.c.obj
LOAD CMakeFiles/ZET6_HC_SR04.elf.dir/Core/Startup/startup_stm32f103zetx.s.obj
LOAD CMakeFiles/ZET6_HC_SR04.elf.dir/Drivers/LCD_240_280/Src/lcd.c.obj
LOAD CMakeFiles/ZET6_HC_SR04.elf.dir/Drivers/LCD_240_280/Src/lcd_interface.c.obj
LOAD CMakeFiles/ZET6_HC_SR04.elf.dir/Drivers/STM32F1xx_HAL_Driver/Src/stm32f1xx_hal.c.obj
LOAD CMakeFiles/ZET6_HC_SR04.elf.dir/Drivers/STM32F1xx_HAL_Driver/Src/stm32f1xx_hal_cortex.c.obj
LOAD CMakeFiles/ZET6_HC_SR04.elf.dir/Drivers/STM32F1xx_HAL_Driver/Src/stm32f1xx_hal_dma.c.obj
LOAD CMakeFiles/ZET6_HC_SR04.elf.dir/Drivers/STM32F1xx_HAL_Driver/Src/stm32f1xx_hal_exti.c.obj
LOAD CMakeFiles/ZET6_HC_SR04.elf.dir/Drivers/STM32F1xx_HAL_Driver/Src/stm32f1xx_hal_flash.c.obj
LOAD CMakeFiles/ZET6_HC_SR04.elf.dir/Drivers/STM32F1xx_HAL_Driver/Src/stm32f1xx_hal_flash_ex.c.obj
LOAD CMakeFiles/ZET6_HC_SR04.elf.dir/Drivers/STM32F1xx_HAL_Driver/Src/stm32f1xx_hal_gpio.c.obj
LOAD CMakeFiles/ZET6_HC_SR04.elf.dir/Drivers/STM32F1xx_HAL_Driver/Src/stm32f1xx_hal_gpio_ex.c.obj
LOAD CMakeFiles/ZET6_HC_SR04.elf.dir/Drivers/STM32F1xx_HAL_Driver/Src/stm32f1xx_hal_pwr.c.obj
LOAD CMakeFiles/ZET6_HC_SR04.elf.dir/Drivers/STM32F1xx_HAL_Driver/Src/stm32f1xx_hal_rcc.c.obj
LOAD CMakeFiles/ZET6_HC_SR04.elf.dir/Drivers/STM32F1xx_HAL_Driver/Src/stm32f1xx_hal_rcc_ex.c.obj
LOAD CMakeFiles/ZET6_HC_SR04.elf.dir/Drivers/STM32F1xx_HAL_Driver/Src/stm32f1xx_hal_spi.c.obj
LOAD CMakeFiles/ZET6_HC_SR04.elf.dir/Drivers/STM32F1xx_HAL_Driver/Src/stm32f1xx_hal_tim.c.obj
LOAD CMakeFiles/ZET6_HC_SR04.elf.dir/Drivers/STM32F1xx_HAL_Driver/Src/stm32f1xx_hal_tim_ex.c.obj
LOAD CMakeFiles/ZET6_HC_SR04.elf.dir/Middlewares/Third_Party/FreeRTOS/Source/CMSIS_RTOS_V2/cmsis_os2.c.obj
LOAD CMakeFiles/ZET6_HC_SR04.elf.dir/Middlewares/Third_Party/FreeRTOS/Source/croutine.c.obj
LOAD CMakeFiles/ZET6_HC_SR04.elf.dir/Middlewares/Third_Party/FreeRTOS/Source/event_groups.c.obj
LOAD CMakeFiles/ZET6_HC_SR04.elf.dir/Middlewares/Third_Party/FreeRTOS/Source/list.c.obj
LOAD CMakeFiles/ZET6_HC_SR04.elf.dir/Middlewares/Third_Party/FreeRTOS/Source/portable/GCC/ARM_CM3/port.c.obj
LOAD CMakeFiles/ZET6_HC_SR04.elf.dir/Middlewares/Third_Party/FreeRTOS/Source/portable/MemMang/heap_4.c.obj
LOAD CMakeFiles/ZET6_HC_SR04.elf.dir/Middlewares/Third_Party/FreeRTOS/Source/queue.c.obj
LOAD CMakeFiles/ZET6_HC_SR04.elf.dir/Middlewares/Third_Party/FreeRTOS/Source/stream_buffer.c.obj
LOAD CMakeFiles/ZET6_HC_SR04.elf.dir/Middlewares/Third_Party/FreeRTOS/Source/tasks.c.obj
LOAD CMakeFiles/ZET6_HC_SR04.elf.dir/Middlewares/Third_Party/FreeRTOS/Source/timers.c.obj
START GROUP
LOAD c:/progra~1/gcc-arm-none-eabi-10.3-2021.10/bin/../lib/gcc/arm-none-eabi/10.3.1/thumb/v7-m/nofp\libgcc.a
LOAD c:/progra~1/gcc-arm-none-eabi-10.3-2021.10/bin/../lib/gcc/arm-none-eabi/10.3.1/../../../../arm-none-eabi/lib/thumb/v7-m/nofp\libg.a
LOAD c:/progra~1/gcc-arm-none-eabi-10.3-2021.10/bin/../lib/gcc/arm-none-eabi/10.3.1/../../../../arm-none-eabi/lib/thumb/v7-m/nofp\libc.a
END GROUP
LOAD c:/progra~1/gcc-arm-none-eabi-10.3-2021.10/bin/../lib/gcc/arm-none-eabi/10.3.1/thumb/v7-m/nofp/crtend.o
LOAD c:/progra~1/gcc-arm-none-eabi-10.3-2021.10/bin/../lib/gcc/arm-none-eabi/10.3.1/thumb/v7-m/nofp/crtn.o
                0x20010000                _estack = (ORIGIN (RAM) + LENGTH (RAM))
                0x00000200                _Min_Heap_Size = 0x200
                0x00000400                _Min_Stack_Size = 0x400

.isr_vector     0x08000000      0x1e4
                0x08000000                . = ALIGN (0x4)
 *(.isr_vector)
 .isr_vector    0x08000000      0x1e4 CMakeFiles/ZET6_HC_SR04.elf.dir/Core/Startup/startup_stm32f103zetx.s.obj
                0x08000000                g_pfnVectors
                0x080001e4                . = ALIGN (0x4)

.text           0x080001f0     0x477c
                0x080001f0                . = ALIGN (0x4)
 *(.text)
 .text          0x080001f0       0x40 c:/progra~1/gcc-arm-none-eabi-10.3-2021.10/bin/../lib/gcc/arm-none-eabi/10.3.1/thumb/v7-m/nofp/crtbegin.o
 .text          0x08000230      0x168 c:/progra~1/gcc-arm-none-eabi-10.3-2021.10/bin/../lib/gcc/arm-none-eabi/10.3.1/thumb/v7-m/nofp\libgcc.a(_arm_mulsf3.o)
                0x08000230                __aeabi_fmul
                0x08000230                __mulsf3
 .text          0x08000398      0x378 c:/progra~1/gcc-arm-none-eabi-10.3-2021.10/bin/../lib/gcc/arm-none-eabi/10.3.1/thumb/v7-m/nofp\libgcc.a(_arm_addsubdf3.o)
                0x08000398                __aeabi_drsub
                0x080003a0                __aeabi_dsub
                0x080003a0                __subdf3
                0x080003a4                __aeabi_dadd
                0x080003a4                __adddf3
                0x0800061c                __floatunsidf
                0x0800061c                __aeabi_ui2d
                0x0800063c                __floatsidf
                0x0800063c                __aeabi_i2d
                0x08000660                __aeabi_f2d
                0x08000660                __extendsfdf2
                0x080006a4                __floatundidf
                0x080006a4                __aeabi_ul2d
                0x080006b4                __floatdidf
                0x080006b4                __aeabi_l2d
 .text          0x08000710      0x424 c:/progra~1/gcc-arm-none-eabi-10.3-2021.10/bin/../lib/gcc/arm-none-eabi/10.3.1/thumb/v7-m/nofp\libgcc.a(_arm_muldivdf3.o)
                0x08000710                __aeabi_dmul
                0x08000710                __muldf3
                0x08000964                __divdf3
                0x08000964                __aeabi_ddiv
 .text          0x08000b34       0xa0 c:/progra~1/gcc-arm-none-eabi-10.3-2021.10/bin/../lib/gcc/arm-none-eabi/10.3.1/thumb/v7-m/nofp\libgcc.a(_arm_truncdfsf2.o)
                0x08000b34                __truncdfsf2
                0x08000b34                __aeabi_d2f
 .text          0x08000bd4       0x40 c:/progra~1/gcc-arm-none-eabi-10.3-2021.10/bin/../lib/gcc/arm-none-eabi/10.3.1/thumb/v7-m/nofp\libgcc.a(_arm_fixunssfsi.o)
                0x08000bd4                __fixunssfsi
                0x08000bd4                __aeabi_f2uiz
 .text          0x08000c14       0xec c:/progra~1/gcc-arm-none-eabi-10.3-2021.10/bin/../lib/gcc/arm-none-eabi/10.3.1/../../../../arm-none-eabi/lib/thumb/v7-m/nofp\libg.a(lib_a-memcpy.o)
                0x08000c14                memcpy
 *(.text*)
 .text.APPTask_Main
                0x08000d00        0xa CMakeFiles/ZET6_HC_SR04.elf.dir/Core/Src/freertos.c.obj
                0x08000d00                APPTask_Main
 *fill*         0x08000d0a        0x2 
 .text.APP_LCDTask
                0x08000d0c       0x80 CMakeFiles/ZET6_HC_SR04.elf.dir/Core/Src/freertos.c.obj
                0x08000d0c                APP_LCDTask
 .text.MX_FREERTOS_Init
                0x08000d8c       0x54 CMakeFiles/ZET6_HC_SR04.elf.dir/Core/Src/freertos.c.obj
                0x08000d8c                MX_FREERTOS_Init
 .text.EXTI1_Rising
                0x08000de0       0x40 CMakeFiles/ZET6_HC_SR04.elf.dir/Core/Src/freertos.c.obj
                0x08000de0                EXTI1_Rising
 .text.APP_SR04Task
                0x08000e20       0x8c CMakeFiles/ZET6_HC_SR04.elf.dir/Core/Src/freertos.c.obj
                0x08000e20                APP_SR04Task
 .text.EXTI1_Falling
                0x08000eac       0x40 CMakeFiles/ZET6_HC_SR04.elf.dir/Core/Src/freertos.c.obj
                0x08000eac                EXTI1_Falling
 .text.HAL_GPIO_EXTI_Callback
                0x08000eec       0x3c CMakeFiles/ZET6_HC_SR04.elf.dir/Core/Src/freertos.c.obj
                0x08000eec                HAL_GPIO_EXTI_Callback
 .text.MX_GPIO_Init
                0x08000f28       0x98 CMakeFiles/ZET6_HC_SR04.elf.dir/Core/Src/gpio.c.obj
                0x08000f28                MX_GPIO_Init
 .text.Delay_us
                0x08000fc0       0x5c CMakeFiles/ZET6_HC_SR04.elf.dir/Core/Src/main.c.obj
                0x08000fc0                Delay_us
 .text.HAL_TIM_PeriodElapsedCallback
                0x0800101c       0x18 CMakeFiles/ZET6_HC_SR04.elf.dir/Core/Src/main.c.obj
                0x0800101c                HAL_TIM_PeriodElapsedCallback
 .text.Error_Handler
                0x08001034        0x4 CMakeFiles/ZET6_HC_SR04.elf.dir/Core/Src/main.c.obj
                0x08001034                Error_Handler
 .text.SystemClock_Config
                0x08001038       0x64 CMakeFiles/ZET6_HC_SR04.elf.dir/Core/Src/main.c.obj
                0x08001038                SystemClock_Config
 .text.main     0x0800109c       0x24 CMakeFiles/ZET6_HC_SR04.elf.dir/Core/Src/main.c.obj
                0x0800109c                main
 .text.MX_SPI1_Init
                0x080010c0       0x44 CMakeFiles/ZET6_HC_SR04.elf.dir/Core/Src/spi.c.obj
                0x080010c0                MX_SPI1_Init
 .text.HAL_SPI_MspInit
                0x08001104       0x64 CMakeFiles/ZET6_HC_SR04.elf.dir/Core/Src/spi.c.obj
                0x08001104                HAL_SPI_MspInit
 .text.HAL_MspInit
                0x08001168       0x54 CMakeFiles/ZET6_HC_SR04.elf.dir/Core/Src/stm32f1xx_hal_msp.c.obj
                0x08001168                HAL_MspInit
 .text.HAL_InitTick
                0x080011bc       0xa0 CMakeFiles/ZET6_HC_SR04.elf.dir/Core/Src/stm32f1xx_hal_timebase_tim.c.obj
                0x080011bc                HAL_InitTick
 .text.NMI_Handler
                0x0800125c        0x2 CMakeFiles/ZET6_HC_SR04.elf.dir/Core/Src/stm32f1xx_it.c.obj
                0x0800125c                NMI_Handler
 .text.HardFault_Handler
                0x0800125e        0x2 CMakeFiles/ZET6_HC_SR04.elf.dir/Core/Src/stm32f1xx_it.c.obj
                0x0800125e                HardFault_Handler
 .text.MemManage_Handler
                0x08001260        0x2 CMakeFiles/ZET6_HC_SR04.elf.dir/Core/Src/stm32f1xx_it.c.obj
                0x08001260                MemManage_Handler
 .text.BusFault_Handler
                0x08001262        0x2 CMakeFiles/ZET6_HC_SR04.elf.dir/Core/Src/stm32f1xx_it.c.obj
                0x08001262                BusFault_Handler
 .text.UsageFault_Handler
                0x08001264        0x2 CMakeFiles/ZET6_HC_SR04.elf.dir/Core/Src/stm32f1xx_it.c.obj
                0x08001264                UsageFault_Handler
 .text.DebugMon_Handler
                0x08001266        0x2 CMakeFiles/ZET6_HC_SR04.elf.dir/Core/Src/stm32f1xx_it.c.obj
                0x08001266                DebugMon_Handler
 .text.EXTI1_IRQHandler
                0x08001268        0xa CMakeFiles/ZET6_HC_SR04.elf.dir/Core/Src/stm32f1xx_it.c.obj
                0x08001268                EXTI1_IRQHandler
 *fill*         0x08001272        0x2 
 .text.TIM6_IRQHandler
                0x08001274       0x10 CMakeFiles/ZET6_HC_SR04.elf.dir/Core/Src/stm32f1xx_it.c.obj
                0x08001274                TIM6_IRQHandler
 .text.SystemInit
                0x08001284        0x2 CMakeFiles/ZET6_HC_SR04.elf.dir/Core/Src/system_stm32f1xx.c.obj
                0x08001284                SystemInit
 *fill*         0x08001286        0x2 
 .text.MX_TIM7_Init
                0x08001288       0x50 CMakeFiles/ZET6_HC_SR04.elf.dir/Core/Src/tim.c.obj
                0x08001288                MX_TIM7_Init
 .text.HAL_TIM_Base_MspInit
                0x080012d8       0x2c CMakeFiles/ZET6_HC_SR04.elf.dir/Core/Src/tim.c.obj
                0x080012d8                HAL_TIM_Base_MspInit
 .text.Reset_Handler
                0x08001304       0x48 CMakeFiles/ZET6_HC_SR04.elf.dir/Core/Startup/startup_stm32f103zetx.s.obj
                0x08001304                Reset_Handler
 .text.Default_Handler
                0x0800134c        0x2 CMakeFiles/ZET6_HC_SR04.elf.dir/Core/Startup/startup_stm32f103zetx.s.obj
                0x0800134c                RTC_Alarm_IRQHandler
                0x0800134c                EXTI2_IRQHandler
                0x0800134c                TIM8_TRG_COM_IRQHandler
                0x0800134c                TIM8_CC_IRQHandler
                0x0800134c                TIM1_CC_IRQHandler
                0x0800134c                PVD_IRQHandler
                0x0800134c                SDIO_IRQHandler
                0x0800134c                EXTI3_IRQHandler
                0x0800134c                EXTI0_IRQHandler
                0x0800134c                I2C2_EV_IRQHandler
                0x0800134c                ADC1_2_IRQHandler
                0x0800134c                SPI1_IRQHandler
                0x0800134c                TAMPER_IRQHandler
                0x0800134c                TIM8_UP_IRQHandler
                0x0800134c                DMA2_Channel2_IRQHandler
                0x0800134c                DMA1_Channel4_IRQHandler
                0x0800134c                USART3_IRQHandler
                0x0800134c                RTC_IRQHandler
                0x0800134c                DMA1_Channel7_IRQHandler
                0x0800134c                CAN1_RX1_IRQHandler
                0x0800134c                UART5_IRQHandler
                0x0800134c                ADC3_IRQHandler
                0x0800134c                TIM4_IRQHandler
                0x0800134c                DMA2_Channel1_IRQHandler
                0x0800134c                I2C1_EV_IRQHandler
                0x0800134c                DMA1_Channel6_IRQHandler
                0x0800134c                UART4_IRQHandler
                0x0800134c                TIM3_IRQHandler
                0x0800134c                RCC_IRQHandler
                0x0800134c                TIM1_TRG_COM_IRQHandler
                0x0800134c                DMA1_Channel1_IRQHandler
                0x0800134c                Default_Handler
                0x0800134c                EXTI15_10_IRQHandler
                0x0800134c                TIM7_IRQHandler
                0x0800134c                TIM5_IRQHandler
                0x0800134c                EXTI9_5_IRQHandler
                0x0800134c                SPI2_IRQHandler
                0x0800134c                DMA1_Channel5_IRQHandler
                0x0800134c                EXTI4_IRQHandler
                0x0800134c                USB_LP_CAN1_RX0_IRQHandler
                0x0800134c                USB_HP_CAN1_TX_IRQHandler
                0x0800134c                DMA1_Channel3_IRQHandler
                0x0800134c                FSMC_IRQHandler
                0x0800134c                TIM1_UP_IRQHandler
                0x0800134c                WWDG_IRQHandler
                0x0800134c                TIM2_IRQHandler
                0x0800134c                TIM1_BRK_IRQHandler
                0x0800134c                DMA2_Channel4_5_IRQHandler
                0x0800134c                USART2_IRQHandler
                0x0800134c                I2C2_ER_IRQHandler
                0x0800134c                DMA1_Channel2_IRQHandler
                0x0800134c                TIM8_BRK_IRQHandler
                0x0800134c                CAN1_SCE_IRQHandler
                0x0800134c                FLASH_IRQHandler
                0x0800134c                USART1_IRQHandler
                0x0800134c                SPI3_IRQHandler
                0x0800134c                I2C1_ER_IRQHandler
                0x0800134c                USBWakeUp_IRQHandler
                0x0800134c                DMA2_Channel3_IRQHandler
 .text.LCD_Write8BitData
                0x0800134e        0x8 CMakeFiles/ZET6_HC_SR04.elf.dir/Drivers/LCD_240_280/Src/lcd.c.obj
                0x0800134e                LCD_Write8BitData
 .text.LCD_Write16BitData
                0x08001356        0x8 CMakeFiles/ZET6_HC_SR04.elf.dir/Drivers/LCD_240_280/Src/lcd.c.obj
                0x08001356                LCD_Write16BitData
 .text.LCD_WriteCommand
                0x0800135e       0x14 CMakeFiles/ZET6_HC_SR04.elf.dir/Drivers/LCD_240_280/Src/lcd.c.obj
                0x0800135e                LCD_WriteCommand
 .text.LCD_Delayms
                0x08001372        0x8 CMakeFiles/ZET6_HC_SR04.elf.dir/Drivers/LCD_240_280/Src/lcd.c.obj
                0x08001372                LCD_Delayms
 .text.LCD_Address_Set
                0x0800137a       0x3e CMakeFiles/ZET6_HC_SR04.elf.dir/Drivers/LCD_240_280/Src/lcd.c.obj
                0x0800137a                LCD_Address_Set
 .text.LCD_Fill
                0x080013b8       0x3c CMakeFiles/ZET6_HC_SR04.elf.dir/Drivers/LCD_240_280/Src/lcd.c.obj
                0x080013b8                LCD_Fill
 .text.LCD_DrawPoint
                0x080013f4       0x14 CMakeFiles/ZET6_HC_SR04.elf.dir/Drivers/LCD_240_280/Src/lcd.c.obj
                0x080013f4                LCD_DrawPoint
 .text.LCD_ShowChar
                0x08001408      0x140 CMakeFiles/ZET6_HC_SR04.elf.dir/Drivers/LCD_240_280/Src/lcd.c.obj
                0x08001408                LCD_ShowChar
 .text.LCD_ShowString
                0x08001548       0x44 CMakeFiles/ZET6_HC_SR04.elf.dir/Drivers/LCD_240_280/Src/lcd.c.obj
                0x08001548                LCD_ShowString
 .text.mypow    0x0800158c       0x16 CMakeFiles/ZET6_HC_SR04.elf.dir/Drivers/LCD_240_280/Src/lcd.c.obj
                0x0800158c                mypow
 *fill*         0x080015a2        0x2 
 .text.LCD_ShowFloatNum1
                0x080015a4       0xb8 CMakeFiles/ZET6_HC_SR04.elf.dir/Drivers/LCD_240_280/Src/lcd.c.obj
                0x080015a4                LCD_ShowFloatNum1
 .text.LCD_Init
                0x0800165c      0x19e CMakeFiles/ZET6_HC_SR04.elf.dir/Drivers/LCD_240_280/Src/lcd.c.obj
                0x0800165c                LCD_Init
 *fill*         0x080017fa        0x2 
 .text.lcd_interface_gpio_init
                0x080017fc       0xcc CMakeFiles/ZET6_HC_SR04.elf.dir/Drivers/LCD_240_280/Src/lcd_interface.c.obj
                0x080017fc                lcd_interface_gpio_init
 .text.lcd_interface_delayms
                0x080018c8        0x8 CMakeFiles/ZET6_HC_SR04.elf.dir/Drivers/LCD_240_280/Src/lcd_interface.c.obj
                0x080018c8                lcd_interface_delayms
 .text.lcd_interface_res_clr
                0x080018d0       0x14 CMakeFiles/ZET6_HC_SR04.elf.dir/Drivers/LCD_240_280/Src/lcd_interface.c.obj
                0x080018d0                lcd_interface_res_clr
 .text.lcd_interface_res_set
                0x080018e4       0x14 CMakeFiles/ZET6_HC_SR04.elf.dir/Drivers/LCD_240_280/Src/lcd_interface.c.obj
                0x080018e4                lcd_interface_res_set
 .text.lcd_interface_dc_lcr
                0x080018f8       0x14 CMakeFiles/ZET6_HC_SR04.elf.dir/Drivers/LCD_240_280/Src/lcd_interface.c.obj
                0x080018f8                lcd_interface_dc_lcr
 .text.lcd_interface_dc_set
                0x0800190c       0x14 CMakeFiles/ZET6_HC_SR04.elf.dir/Drivers/LCD_240_280/Src/lcd_interface.c.obj
                0x0800190c                lcd_interface_dc_set
 .text.lcd_interface_cs_clr
                0x08001920       0x14 CMakeFiles/ZET6_HC_SR04.elf.dir/Drivers/LCD_240_280/Src/lcd_interface.c.obj
                0x08001920                lcd_interface_cs_clr
 .text.lcd_interface_cs_set
                0x08001934       0x14 CMakeFiles/ZET6_HC_SR04.elf.dir/Drivers/LCD_240_280/Src/lcd_interface.c.obj
                0x08001934                lcd_interface_cs_set
 .text.lcd_interface_write_8bit_data
                0x08001948       0x28 CMakeFiles/ZET6_HC_SR04.elf.dir/Drivers/LCD_240_280/Src/lcd_interface.c.obj
                0x08001948                lcd_interface_write_8bit_data
 .text.lcd_interface_write_16bit_data
                0x08001970       0x2c CMakeFiles/ZET6_HC_SR04.elf.dir/Drivers/LCD_240_280/Src/lcd_interface.c.obj
                0x08001970                lcd_interface_write_16bit_data
 .text.lcd_interface_blk_set
                0x0800199c       0x14 CMakeFiles/ZET6_HC_SR04.elf.dir/Drivers/LCD_240_280/Src/lcd_interface.c.obj
                0x0800199c                lcd_interface_blk_set
 .text.HAL_Init
                0x080019b0       0x24 CMakeFiles/ZET6_HC_SR04.elf.dir/Drivers/STM32F1xx_HAL_Driver/Src/stm32f1xx_hal.c.obj
                0x080019b0                HAL_Init
 .text.HAL_IncTick
                0x080019d4       0x18 CMakeFiles/ZET6_HC_SR04.elf.dir/Drivers/STM32F1xx_HAL_Driver/Src/stm32f1xx_hal.c.obj
                0x080019d4                HAL_IncTick
 .text.HAL_GetTick
                0x080019ec        0xc CMakeFiles/ZET6_HC_SR04.elf.dir/Drivers/STM32F1xx_HAL_Driver/Src/stm32f1xx_hal.c.obj
                0x080019ec                HAL_GetTick
 .text.HAL_Delay
                0x080019f8       0x28 CMakeFiles/ZET6_HC_SR04.elf.dir/Drivers/STM32F1xx_HAL_Driver/Src/stm32f1xx_hal.c.obj
                0x080019f8                HAL_Delay
 .text.HAL_NVIC_SetPriorityGrouping
                0x08001a20       0x24 CMakeFiles/ZET6_HC_SR04.elf.dir/Drivers/STM32F1xx_HAL_Driver/Src/stm32f1xx_hal_cortex.c.obj
                0x08001a20                HAL_NVIC_SetPriorityGrouping
 .text.HAL_NVIC_SetPriority
                0x08001a44       0x70 CMakeFiles/ZET6_HC_SR04.elf.dir/Drivers/STM32F1xx_HAL_Driver/Src/stm32f1xx_hal_cortex.c.obj
                0x08001a44                HAL_NVIC_SetPriority
 .text.HAL_NVIC_EnableIRQ
                0x08001ab4       0x1c CMakeFiles/ZET6_HC_SR04.elf.dir/Drivers/STM32F1xx_HAL_Driver/Src/stm32f1xx_hal_cortex.c.obj
                0x08001ab4                HAL_NVIC_EnableIRQ
 .text.HAL_GPIO_Init
                0x08001ad0      0x240 CMakeFiles/ZET6_HC_SR04.elf.dir/Drivers/STM32F1xx_HAL_Driver/Src/stm32f1xx_hal_gpio.c.obj
                0x08001ad0                HAL_GPIO_Init
 .text.HAL_GPIO_WritePin
                0x08001d10        0xc CMakeFiles/ZET6_HC_SR04.elf.dir/Drivers/STM32F1xx_HAL_Driver/Src/stm32f1xx_hal_gpio.c.obj
                0x08001d10                HAL_GPIO_WritePin
 .text.HAL_GPIO_EXTI_IRQHandler
                0x08001d1c       0x1c CMakeFiles/ZET6_HC_SR04.elf.dir/Drivers/STM32F1xx_HAL_Driver/Src/stm32f1xx_hal_gpio.c.obj
                0x08001d1c                HAL_GPIO_EXTI_IRQHandler
 .text.RCC_Delay
                0x08001d38       0x2c CMakeFiles/ZET6_HC_SR04.elf.dir/Drivers/STM32F1xx_HAL_Driver/Src/stm32f1xx_hal_rcc.c.obj
 .text.HAL_RCC_OscConfig
                0x08001d64      0x410 CMakeFiles/ZET6_HC_SR04.elf.dir/Drivers/STM32F1xx_HAL_Driver/Src/stm32f1xx_hal_rcc.c.obj
                0x08001d64                HAL_RCC_OscConfig
 .text.HAL_RCC_GetSysClockFreq
                0x08002174       0x54 CMakeFiles/ZET6_HC_SR04.elf.dir/Drivers/STM32F1xx_HAL_Driver/Src/stm32f1xx_hal_rcc.c.obj
                0x08002174                HAL_RCC_GetSysClockFreq
 .text.HAL_RCC_ClockConfig
                0x080021c8      0x16c CMakeFiles/ZET6_HC_SR04.elf.dir/Drivers/STM32F1xx_HAL_Driver/Src/stm32f1xx_hal_rcc.c.obj
                0x080021c8                HAL_RCC_ClockConfig
 .text.HAL_RCC_GetHCLKFreq
                0x08002334        0xc CMakeFiles/ZET6_HC_SR04.elf.dir/Drivers/STM32F1xx_HAL_Driver/Src/stm32f1xx_hal_rcc.c.obj
                0x08002334                HAL_RCC_GetHCLKFreq
 .text.HAL_RCC_GetPCLK1Freq
                0x08002340       0x20 CMakeFiles/ZET6_HC_SR04.elf.dir/Drivers/STM32F1xx_HAL_Driver/Src/stm32f1xx_hal_rcc.c.obj
                0x08002340                HAL_RCC_GetPCLK1Freq
 .text.HAL_RCC_GetClockConfig
                0x08002360       0x3c CMakeFiles/ZET6_HC_SR04.elf.dir/Drivers/STM32F1xx_HAL_Driver/Src/stm32f1xx_hal_rcc.c.obj
                0x08002360                HAL_RCC_GetClockConfig
 .text.SPI_WaitFlagStateUntilTimeout
                0x0800239c       0xd4 CMakeFiles/ZET6_HC_SR04.elf.dir/Drivers/STM32F1xx_HAL_Driver/Src/stm32f1xx_hal_spi.c.obj
 .text.SPI_EndRxTxTransaction
                0x08002470       0x24 CMakeFiles/ZET6_HC_SR04.elf.dir/Drivers/STM32F1xx_HAL_Driver/Src/stm32f1xx_hal_spi.c.obj
 .text.HAL_SPI_Init
                0x08002494       0xb6 CMakeFiles/ZET6_HC_SR04.elf.dir/Drivers/STM32F1xx_HAL_Driver/Src/stm32f1xx_hal_spi.c.obj
                0x08002494                HAL_SPI_Init
 .text.HAL_SPI_Transmit
                0x0800254a      0x1b8 CMakeFiles/ZET6_HC_SR04.elf.dir/Drivers/STM32F1xx_HAL_Driver/Src/stm32f1xx_hal_spi.c.obj
                0x0800254a                HAL_SPI_Transmit
 *fill*         0x08002702        0x2 
 .text.HAL_TIM_Base_Start
                0x08002704       0x6c CMakeFiles/ZET6_HC_SR04.elf.dir/Drivers/STM32F1xx_HAL_Driver/Src/stm32f1xx_hal_tim.c.obj
                0x08002704                HAL_TIM_Base_Start
 .text.HAL_TIM_Base_Start_IT
                0x08002770       0x78 CMakeFiles/ZET6_HC_SR04.elf.dir/Drivers/STM32F1xx_HAL_Driver/Src/stm32f1xx_hal_tim.c.obj
                0x08002770                HAL_TIM_Base_Start_IT
 .text.HAL_TIM_OC_DelayElapsedCallback
                0x080027e8        0x2 CMakeFiles/ZET6_HC_SR04.elf.dir/Drivers/STM32F1xx_HAL_Driver/Src/stm32f1xx_hal_tim.c.obj
                0x080027e8                HAL_TIM_OC_DelayElapsedCallback
 .text.HAL_TIM_IC_CaptureCallback
                0x080027ea        0x2 CMakeFiles/ZET6_HC_SR04.elf.dir/Drivers/STM32F1xx_HAL_Driver/Src/stm32f1xx_hal_tim.c.obj
                0x080027ea                HAL_TIM_IC_CaptureCallback
 .text.HAL_TIM_PWM_PulseFinishedCallback
                0x080027ec        0x2 CMakeFiles/ZET6_HC_SR04.elf.dir/Drivers/STM32F1xx_HAL_Driver/Src/stm32f1xx_hal_tim.c.obj
                0x080027ec                HAL_TIM_PWM_PulseFinishedCallback
 .text.HAL_TIM_TriggerCallback
                0x080027ee        0x2 CMakeFiles/ZET6_HC_SR04.elf.dir/Drivers/STM32F1xx_HAL_Driver/Src/stm32f1xx_hal_tim.c.obj
                0x080027ee                HAL_TIM_TriggerCallback
 .text.HAL_TIM_IRQHandler
                0x080027f0      0x17a CMakeFiles/ZET6_HC_SR04.elf.dir/Drivers/STM32F1xx_HAL_Driver/Src/stm32f1xx_hal_tim.c.obj
                0x080027f0                HAL_TIM_IRQHandler
 *fill*         0x0800296a        0x2 
 .text.TIM_Base_SetConfig
                0x0800296c       0x98 CMakeFiles/ZET6_HC_SR04.elf.dir/Drivers/STM32F1xx_HAL_Driver/Src/stm32f1xx_hal_tim.c.obj
                0x0800296c                TIM_Base_SetConfig
 .text.HAL_TIM_Base_Init
                0x08002a04       0x58 CMakeFiles/ZET6_HC_SR04.elf.dir/Drivers/STM32F1xx_HAL_Driver/Src/stm32f1xx_hal_tim.c.obj
                0x08002a04                HAL_TIM_Base_Init
 .text.HAL_TIMEx_MasterConfigSynchronization
                0x08002a5c       0x7c CMakeFiles/ZET6_HC_SR04.elf.dir/Drivers/STM32F1xx_HAL_Driver/Src/stm32f1xx_hal_tim_ex.c.obj
                0x08002a5c                HAL_TIMEx_MasterConfigSynchronization
 .text.HAL_TIMEx_CommutCallback
                0x08002ad8        0x2 CMakeFiles/ZET6_HC_SR04.elf.dir/Drivers/STM32F1xx_HAL_Driver/Src/stm32f1xx_hal_tim_ex.c.obj
                0x08002ad8                HAL_TIMEx_CommutCallback
 .text.HAL_TIMEx_BreakCallback
                0x08002ada        0x2 CMakeFiles/ZET6_HC_SR04.elf.dir/Drivers/STM32F1xx_HAL_Driver/Src/stm32f1xx_hal_tim_ex.c.obj
                0x08002ada                HAL_TIMEx_BreakCallback
 .text.osKernelInitialize
                0x08002adc       0x44 CMakeFiles/ZET6_HC_SR04.elf.dir/Middlewares/Third_Party/FreeRTOS/Source/CMSIS_RTOS_V2/cmsis_os2.c.obj
                0x08002adc                osKernelInitialize
 .text.osKernelStart
                0x08002b20       0x4c CMakeFiles/ZET6_HC_SR04.elf.dir/Middlewares/Third_Party/FreeRTOS/Source/CMSIS_RTOS_V2/cmsis_os2.c.obj
                0x08002b20                osKernelStart
 .text.osThreadNew
                0x08002b6c       0xec CMakeFiles/ZET6_HC_SR04.elf.dir/Middlewares/Third_Party/FreeRTOS/Source/CMSIS_RTOS_V2/cmsis_os2.c.obj
                0x08002b6c                osThreadNew
 .text.vApplicationGetIdleTaskMemory
                0x08002c58       0x18 CMakeFiles/ZET6_HC_SR04.elf.dir/Middlewares/Third_Party/FreeRTOS/Source/CMSIS_RTOS_V2/cmsis_os2.c.obj
                0x08002c58                vApplicationGetIdleTaskMemory
 .text.vApplicationGetTimerTaskMemory
                0x08002c70       0x18 CMakeFiles/ZET6_HC_SR04.elf.dir/Middlewares/Third_Party/FreeRTOS/Source/CMSIS_RTOS_V2/cmsis_os2.c.obj
                0x08002c70                vApplicationGetTimerTaskMemory
 .text.vListInitialise
                0x08002c88       0x16 CMakeFiles/ZET6_HC_SR04.elf.dir/Middlewares/Third_Party/FreeRTOS/Source/list.c.obj
                0x08002c88                vListInitialise
 .text.vListInitialiseItem
                0x08002c9e        0x6 CMakeFiles/ZET6_HC_SR04.elf.dir/Middlewares/Third_Party/FreeRTOS/Source/list.c.obj
                0x08002c9e                vListInitialiseItem
 .text.vListInsertEnd
                0x08002ca4       0x16 CMakeFiles/ZET6_HC_SR04.elf.dir/Middlewares/Third_Party/FreeRTOS/Source/list.c.obj
                0x08002ca4                vListInsertEnd
 .text.vListInsert
                0x08002cba       0x32 CMakeFiles/ZET6_HC_SR04.elf.dir/Middlewares/Third_Party/FreeRTOS/Source/list.c.obj
                0x08002cba                vListInsert
 .text.uxListRemove
                0x08002cec       0x26 CMakeFiles/ZET6_HC_SR04.elf.dir/Middlewares/Third_Party/FreeRTOS/Source/list.c.obj
                0x08002cec                uxListRemove
 *fill*         0x08002d12        0x2 
 .text.prvTaskExitError
                0x08002d14       0x40 CMakeFiles/ZET6_HC_SR04.elf.dir/Middlewares/Third_Party/FreeRTOS/Source/portable/GCC/ARM_CM3/port.c.obj
 .text.prvPortStartFirstTask
                0x08002d54       0x20 CMakeFiles/ZET6_HC_SR04.elf.dir/Middlewares/Third_Party/FreeRTOS/Source/portable/GCC/ARM_CM3/port.c.obj
 .text.pxPortInitialiseStack
                0x08002d74       0x24 CMakeFiles/ZET6_HC_SR04.elf.dir/Middlewares/Third_Party/FreeRTOS/Source/portable/GCC/ARM_CM3/port.c.obj
                0x08002d74                pxPortInitialiseStack
 *fill*         0x08002d98        0x8 
 .text.SVC_Handler
                0x08002da0       0x24 CMakeFiles/ZET6_HC_SR04.elf.dir/Middlewares/Third_Party/FreeRTOS/Source/portable/GCC/ARM_CM3/port.c.obj
                0x08002da0                SVC_Handler
 .text.vPortEnterCritical
                0x08002dc4       0x44 CMakeFiles/ZET6_HC_SR04.elf.dir/Middlewares/Third_Party/FreeRTOS/Source/portable/GCC/ARM_CM3/port.c.obj
                0x08002dc4                vPortEnterCritical
 .text.vPortExitCritical
                0x08002e08       0x2c CMakeFiles/ZET6_HC_SR04.elf.dir/Middlewares/Third_Party/FreeRTOS/Source/portable/GCC/ARM_CM3/port.c.obj
                0x08002e08                vPortExitCritical
 *fill*         0x08002e34        0xc 
 .text.PendSV_Handler
                0x08002e40       0x44 CMakeFiles/ZET6_HC_SR04.elf.dir/Middlewares/Third_Party/FreeRTOS/Source/portable/GCC/ARM_CM3/port.c.obj
                0x08002e40                PendSV_Handler
 .text.SysTick_Handler
                0x08002e84       0x2c CMakeFiles/ZET6_HC_SR04.elf.dir/Middlewares/Third_Party/FreeRTOS/Source/portable/GCC/ARM_CM3/port.c.obj
                0x08002e84                SysTick_Handler
 .text.vPortSetupTimerInterrupt
                0x08002eb0       0x28 CMakeFiles/ZET6_HC_SR04.elf.dir/Middlewares/Third_Party/FreeRTOS/Source/portable/GCC/ARM_CM3/port.c.obj
                0x08002eb0                vPortSetupTimerInterrupt
 .text.xPortStartScheduler
                0x08002ed8       0xc0 CMakeFiles/ZET6_HC_SR04.elf.dir/Middlewares/Third_Party/FreeRTOS/Source/portable/GCC/ARM_CM3/port.c.obj
                0x08002ed8                xPortStartScheduler
 .text.vPortValidateInterruptPriority
                0x08002f98       0x5c CMakeFiles/ZET6_HC_SR04.elf.dir/Middlewares/Third_Party/FreeRTOS/Source/portable/GCC/ARM_CM3/port.c.obj
                0x08002f98                vPortValidateInterruptPriority
 .text.prvHeapInit
                0x08002ff4       0x64 CMakeFiles/ZET6_HC_SR04.elf.dir/Middlewares/Third_Party/FreeRTOS/Source/portable/MemMang/heap_4.c.obj
 .text.prvInsertBlockIntoFreeList
                0x08003058       0x60 CMakeFiles/ZET6_HC_SR04.elf.dir/Middlewares/Third_Party/FreeRTOS/Source/portable/MemMang/heap_4.c.obj
 .text.pvPortMalloc
                0x080030b8       0xf0 CMakeFiles/ZET6_HC_SR04.elf.dir/Middlewares/Third_Party/FreeRTOS/Source/portable/MemMang/heap_4.c.obj
                0x080030b8                pvPortMalloc
 .text.vPortFree
                0x080031a8       0x70 CMakeFiles/ZET6_HC_SR04.elf.dir/Middlewares/Third_Party/FreeRTOS/Source/portable/MemMang/heap_4.c.obj
                0x080031a8                vPortFree
 .text.prvIsQueueFull
                0x08003218       0x1e CMakeFiles/ZET6_HC_SR04.elf.dir/Middlewares/Third_Party/FreeRTOS/Source/queue.c.obj
 .text.prvIsQueueEmpty
                0x08003236       0x1a CMakeFiles/ZET6_HC_SR04.elf.dir/Middlewares/Third_Party/FreeRTOS/Source/queue.c.obj
 .text.prvCopyDataToQueue
                0x08003250       0x76 CMakeFiles/ZET6_HC_SR04.elf.dir/Middlewares/Third_Party/FreeRTOS/Source/queue.c.obj
 .text.prvCopyDataFromQueue
                0x080032c6       0x24 CMakeFiles/ZET6_HC_SR04.elf.dir/Middlewares/Third_Party/FreeRTOS/Source/queue.c.obj
 .text.prvUnlockQueue
                0x080032ea       0x6e CMakeFiles/ZET6_HC_SR04.elf.dir/Middlewares/Third_Party/FreeRTOS/Source/queue.c.obj
 .text.xQueueGenericReset
                0x08003358       0x84 CMakeFiles/ZET6_HC_SR04.elf.dir/Middlewares/Third_Party/FreeRTOS/Source/queue.c.obj
                0x08003358                xQueueGenericReset
 .text.prvInitialiseNewQueue
                0x080033dc       0x22 CMakeFiles/ZET6_HC_SR04.elf.dir/Middlewares/Third_Party/FreeRTOS/Source/queue.c.obj
 .text.xQueueGenericCreateStatic
                0x080033fe       0x92 CMakeFiles/ZET6_HC_SR04.elf.dir/Middlewares/Third_Party/FreeRTOS/Source/queue.c.obj
                0x080033fe                xQueueGenericCreateStatic
 .text.xQueueGenericSend
                0x08003490      0x188 CMakeFiles/ZET6_HC_SR04.elf.dir/Middlewares/Third_Party/FreeRTOS/Source/queue.c.obj
                0x08003490                xQueueGenericSend
 .text.xQueueGenericSendFromISR
                0x08003618       0xcc CMakeFiles/ZET6_HC_SR04.elf.dir/Middlewares/Third_Party/FreeRTOS/Source/queue.c.obj
                0x08003618                xQueueGenericSendFromISR
 .text.xQueueReceive
                0x080036e4      0x15e CMakeFiles/ZET6_HC_SR04.elf.dir/Middlewares/Third_Party/FreeRTOS/Source/queue.c.obj
                0x080036e4                xQueueReceive
 *fill*         0x08003842        0x2 
 .text.vQueueAddToRegistry
                0x08003844       0x28 CMakeFiles/ZET6_HC_SR04.elf.dir/Middlewares/Third_Party/FreeRTOS/Source/queue.c.obj
                0x08003844                vQueueAddToRegistry
 .text.vQueueWaitForMessageRestricted
                0x0800386c       0x52 CMakeFiles/ZET6_HC_SR04.elf.dir/Middlewares/Third_Party/FreeRTOS/Source/queue.c.obj
                0x0800386c                vQueueWaitForMessageRestricted
 *fill*         0x080038be        0x2 
 .text.prvResetNextTaskUnblockTime
                0x080038c0       0x2c CMakeFiles/ZET6_HC_SR04.elf.dir/Middlewares/Third_Party/FreeRTOS/Source/tasks.c.obj
 .text.prvInitialiseNewTask
                0x080038ec       0x9c CMakeFiles/ZET6_HC_SR04.elf.dir/Middlewares/Third_Party/FreeRTOS/Source/tasks.c.obj
 .text.prvInitialiseTaskLists
                0x08003988       0x68 CMakeFiles/ZET6_HC_SR04.elf.dir/Middlewares/Third_Party/FreeRTOS/Source/tasks.c.obj
 .text.prvAddNewTaskToReadyList
                0x080039f0       0xac CMakeFiles/ZET6_HC_SR04.elf.dir/Middlewares/Third_Party/FreeRTOS/Source/tasks.c.obj
 .text.prvDeleteTCB
                0x08003a9c       0x38 CMakeFiles/ZET6_HC_SR04.elf.dir/Middlewares/Third_Party/FreeRTOS/Source/tasks.c.obj
 .text.prvCheckTasksWaitingTermination
                0x08003ad4       0x4c CMakeFiles/ZET6_HC_SR04.elf.dir/Middlewares/Third_Party/FreeRTOS/Source/tasks.c.obj
 .text.prvIdleTask
                0x08003b20       0x28 CMakeFiles/ZET6_HC_SR04.elf.dir/Middlewares/Third_Party/FreeRTOS/Source/tasks.c.obj
 .text.prvAddCurrentTaskToDelayedList
                0x08003b48       0x7c CMakeFiles/ZET6_HC_SR04.elf.dir/Middlewares/Third_Party/FreeRTOS/Source/tasks.c.obj
 .text.xTaskCreateStatic
                0x08003bc4       0x74 CMakeFiles/ZET6_HC_SR04.elf.dir/Middlewares/Third_Party/FreeRTOS/Source/tasks.c.obj
                0x08003bc4                xTaskCreateStatic
 .text.xTaskCreate
                0x08003c38       0x68 CMakeFiles/ZET6_HC_SR04.elf.dir/Middlewares/Third_Party/FreeRTOS/Source/tasks.c.obj
                0x08003c38                xTaskCreate
 .text.vTaskStartScheduler
                0x08003ca0       0x9c CMakeFiles/ZET6_HC_SR04.elf.dir/Middlewares/Third_Party/FreeRTOS/Source/tasks.c.obj
                0x08003ca0                vTaskStartScheduler
 .text.vTaskSuspendAll
                0x08003d3c       0x10 CMakeFiles/ZET6_HC_SR04.elf.dir/Middlewares/Third_Party/FreeRTOS/Source/tasks.c.obj
                0x08003d3c                vTaskSuspendAll
 .text.xTaskGetTickCount
                0x08003d4c        0xc CMakeFiles/ZET6_HC_SR04.elf.dir/Middlewares/Third_Party/FreeRTOS/Source/tasks.c.obj
                0x08003d4c                xTaskGetTickCount
 .text.xTaskIncrementTick
                0x08003d58      0x118 CMakeFiles/ZET6_HC_SR04.elf.dir/Middlewares/Third_Party/FreeRTOS/Source/tasks.c.obj
                0x08003d58                xTaskIncrementTick
 .text.xTaskResumeAll
                0x08003e70       0xf8 CMakeFiles/ZET6_HC_SR04.elf.dir/Middlewares/Third_Party/FreeRTOS/Source/tasks.c.obj
                0x08003e70                xTaskResumeAll
 .text.vTaskDelay
                0x08003f68       0x4c CMakeFiles/ZET6_HC_SR04.elf.dir/Middlewares/Third_Party/FreeRTOS/Source/tasks.c.obj
                0x08003f68                vTaskDelay
 .text.vTaskSwitchContext
                0x08003fb4       0x94 CMakeFiles/ZET6_HC_SR04.elf.dir/Middlewares/Third_Party/FreeRTOS/Source/tasks.c.obj
                0x08003fb4                vTaskSwitchContext
 .text.vTaskSuspend
                0x08004048       0xc4 CMakeFiles/ZET6_HC_SR04.elf.dir/Middlewares/Third_Party/FreeRTOS/Source/tasks.c.obj
                0x08004048                vTaskSuspend
 .text.vTaskPlaceOnEventList
                0x0800410c       0x30 CMakeFiles/ZET6_HC_SR04.elf.dir/Middlewares/Third_Party/FreeRTOS/Source/tasks.c.obj
                0x0800410c                vTaskPlaceOnEventList
 .text.vTaskPlaceOnEventListRestricted
                0x0800413c       0x38 CMakeFiles/ZET6_HC_SR04.elf.dir/Middlewares/Third_Party/FreeRTOS/Source/tasks.c.obj
                0x0800413c                vTaskPlaceOnEventListRestricted
 .text.xTaskRemoveFromEventList
                0x08004174       0x8c CMakeFiles/ZET6_HC_SR04.elf.dir/Middlewares/Third_Party/FreeRTOS/Source/tasks.c.obj
                0x08004174                xTaskRemoveFromEventList
 .text.vTaskInternalSetTimeOutState
                0x08004200       0x18 CMakeFiles/ZET6_HC_SR04.elf.dir/Middlewares/Third_Party/FreeRTOS/Source/tasks.c.obj
                0x08004200                vTaskInternalSetTimeOutState
 .text.xTaskCheckForTimeOut
                0x08004218       0x84 CMakeFiles/ZET6_HC_SR04.elf.dir/Middlewares/Third_Party/FreeRTOS/Source/tasks.c.obj
                0x08004218                xTaskCheckForTimeOut
 .text.vTaskMissedYield
                0x0800429c        0xc CMakeFiles/ZET6_HC_SR04.elf.dir/Middlewares/Third_Party/FreeRTOS/Source/tasks.c.obj
                0x0800429c                vTaskMissedYield
 .text.xTaskGetSchedulerState
                0x080042a8       0x20 CMakeFiles/ZET6_HC_SR04.elf.dir/Middlewares/Third_Party/FreeRTOS/Source/tasks.c.obj
                0x080042a8                xTaskGetSchedulerState
 .text.xTaskPriorityDisinherit
                0x080042c8       0x90 CMakeFiles/ZET6_HC_SR04.elf.dir/Middlewares/Third_Party/FreeRTOS/Source/tasks.c.obj
                0x080042c8                xTaskPriorityDisinherit
 .text.prvGetNextExpireTime
                0x08004358       0x20 CMakeFiles/ZET6_HC_SR04.elf.dir/Middlewares/Third_Party/FreeRTOS/Source/timers.c.obj
 .text.prvInsertTimerInActiveList
                0x08004378       0x48 CMakeFiles/ZET6_HC_SR04.elf.dir/Middlewares/Third_Party/FreeRTOS/Source/timers.c.obj
 .text.prvCheckForValidListAndQueue
                0x080043c0       0x70 CMakeFiles/ZET6_HC_SR04.elf.dir/Middlewares/Third_Party/FreeRTOS/Source/timers.c.obj
 .text.xTimerCreateTimerTask
                0x08004430       0x64 CMakeFiles/ZET6_HC_SR04.elf.dir/Middlewares/Third_Party/FreeRTOS/Source/timers.c.obj
                0x08004430                xTimerCreateTimerTask
 .text.xTimerGenericCommand
                0x08004494       0x6c CMakeFiles/ZET6_HC_SR04.elf.dir/Middlewares/Third_Party/FreeRTOS/Source/timers.c.obj
                0x08004494                xTimerGenericCommand
 .text.prvSwitchTimerLists
                0x08004500       0x78 CMakeFiles/ZET6_HC_SR04.elf.dir/Middlewares/Third_Party/FreeRTOS/Source/timers.c.obj
 .text.prvSampleTimeNow
                0x08004578       0x2c CMakeFiles/ZET6_HC_SR04.elf.dir/Middlewares/Third_Party/FreeRTOS/Source/timers.c.obj
 .text.prvProcessExpiredTimer
                0x080045a4       0x60 CMakeFiles/ZET6_HC_SR04.elf.dir/Middlewares/Third_Party/FreeRTOS/Source/timers.c.obj
 .text.prvProcessTimerOrBlockTask
                0x08004604       0x74 CMakeFiles/ZET6_HC_SR04.elf.dir/Middlewares/Third_Party/FreeRTOS/Source/timers.c.obj
 .text.prvProcessReceivedCommands
                0x08004678       0xf8 CMakeFiles/ZET6_HC_SR04.elf.dir/Middlewares/Third_Party/FreeRTOS/Source/timers.c.obj
 .text.prvTimerTask
                0x08004770       0x16 CMakeFiles/ZET6_HC_SR04.elf.dir/Middlewares/Third_Party/FreeRTOS/Source/timers.c.obj
 *fill*         0x08004786        0x2 
 .text.__libc_init_array
                0x08004788       0x48 c:/progra~1/gcc-arm-none-eabi-10.3-2021.10/bin/../lib/gcc/arm-none-eabi/10.3.1/../../../../arm-none-eabi/lib/thumb/v7-m/nofp\libg.a(lib_a-init.o)
                0x08004788                __libc_init_array
 .text.memset   0x080047d0       0xa4 c:/progra~1/gcc-arm-none-eabi-10.3-2021.10/bin/../lib/gcc/arm-none-eabi/10.3.1/../../../../arm-none-eabi/lib/thumb/v7-m/nofp\libg.a(lib_a-memset.o)
                0x080047d0                memset
 .text.startup.register_fini
                0x08004874       0x14 c:/progra~1/gcc-arm-none-eabi-10.3-2021.10/bin/../lib/gcc/arm-none-eabi/10.3.1/../../../../arm-none-eabi/lib/thumb/v7-m/nofp\libg.a(lib_a-__call_atexit.o)
 .text.atexit   0x08004888        0xc c:/progra~1/gcc-arm-none-eabi-10.3-2021.10/bin/../lib/gcc/arm-none-eabi/10.3.1/../../../../arm-none-eabi/lib/thumb/v7-m/nofp\libg.a(lib_a-atexit.o)
                0x08004888                atexit
 .text.__libc_fini_array
                0x08004894       0x2c c:/progra~1/gcc-arm-none-eabi-10.3-2021.10/bin/../lib/gcc/arm-none-eabi/10.3.1/../../../../arm-none-eabi/lib/thumb/v7-m/nofp\libg.a(lib_a-fini.o)
                0x08004894                __libc_fini_array
 .text.__retarget_lock_acquire_recursive
                0x080048c0        0x4 c:/progra~1/gcc-arm-none-eabi-10.3-2021.10/bin/../lib/gcc/arm-none-eabi/10.3.1/../../../../arm-none-eabi/lib/thumb/v7-m/nofp\libg.a(lib_a-lock.o)
                0x080048c0                __retarget_lock_acquire_recursive
 .text.__retarget_lock_release_recursive
                0x080048c4        0x4 c:/progra~1/gcc-arm-none-eabi-10.3-2021.10/bin/../lib/gcc/arm-none-eabi/10.3.1/../../../../arm-none-eabi/lib/thumb/v7-m/nofp\libg.a(lib_a-lock.o)
                0x080048c4                __retarget_lock_release_recursive
 .text.__register_exitproc
                0x080048c8       0x8c c:/progra~1/gcc-arm-none-eabi-10.3-2021.10/bin/../lib/gcc/arm-none-eabi/10.3.1/../../../../arm-none-eabi/lib/thumb/v7-m/nofp\libg.a(lib_a-__atexit.o)
                0x080048c8                __register_exitproc
 *(.glue_7)
 .glue_7        0x08004954        0x0 linker stubs
 *(.glue_7t)
 .glue_7t       0x08004954        0x0 linker stubs
 *(.eh_frame)
 .eh_frame      0x08004954        0x0 c:/progra~1/gcc-arm-none-eabi-10.3-2021.10/bin/../lib/gcc/arm-none-eabi/10.3.1/thumb/v7-m/nofp/crtbegin.o
 *(.init)
 .init          0x08004954        0x4 c:/progra~1/gcc-arm-none-eabi-10.3-2021.10/bin/../lib/gcc/arm-none-eabi/10.3.1/thumb/v7-m/nofp/crti.o
                0x08004954                _init
 .init          0x08004958        0x8 c:/progra~1/gcc-arm-none-eabi-10.3-2021.10/bin/../lib/gcc/arm-none-eabi/10.3.1/thumb/v7-m/nofp/crtn.o
 *(.fini)
 .fini          0x08004960        0x4 c:/progra~1/gcc-arm-none-eabi-10.3-2021.10/bin/../lib/gcc/arm-none-eabi/10.3.1/thumb/v7-m/nofp/crti.o
                0x08004960                _fini
 .fini          0x08004964        0x8 c:/progra~1/gcc-arm-none-eabi-10.3-2021.10/bin/../lib/gcc/arm-none-eabi/10.3.1/thumb/v7-m/nofp/crtn.o
                0x0800496c                . = ALIGN (0x4)
                0x0800496c                _etext = .

.vfp11_veneer   0x0800496c        0x0
 .vfp11_veneer  0x0800496c        0x0 linker stubs

.v4_bx          0x0800496c        0x0
 .v4_bx         0x0800496c        0x0 linker stubs

.iplt           0x0800496c        0x0
 .iplt          0x0800496c        0x0 c:/progra~1/gcc-arm-none-eabi-10.3-2021.10/bin/../lib/gcc/arm-none-eabi/10.3.1/thumb/v7-m/nofp/crtbegin.o

.rodata         0x0800496c     0x34e8
                0x0800496c                . = ALIGN (0x4)
 *(.rodata)
 *(.rodata*)
 .rodata.APP_LCDTask.str1.4
                0x0800496c       0x1f CMakeFiles/ZET6_HC_SR04.elf.dir/Core/Src/freertos.c.obj
 *fill*         0x0800498b        0x1 
 .rodata.str1.4
                0x0800498c       0x20 CMakeFiles/ZET6_HC_SR04.elf.dir/Core/Src/freertos.c.obj
 .rodata.APP_LCD_attributs
                0x080049ac       0x24 CMakeFiles/ZET6_HC_SR04.elf.dir/Core/Src/freertos.c.obj
                0x080049ac                APP_LCD_attributs
 .rodata.APP_Main_attributes
                0x080049d0       0x24 CMakeFiles/ZET6_HC_SR04.elf.dir/Core/Src/freertos.c.obj
                0x080049d0                APP_Main_attributes
 .rodata.APP_SR04_attributs
                0x080049f4       0x24 CMakeFiles/ZET6_HC_SR04.elf.dir/Core/Src/freertos.c.obj
                0x080049f4                APP_SR04_attributs
 .rodata.AHBPrescTable
                0x08004a18       0x10 CMakeFiles/ZET6_HC_SR04.elf.dir/Core/Src/system_stm32f1xx.c.obj
                0x08004a18                AHBPrescTable
 .rodata.APBPrescTable
                0x08004a28        0x8 CMakeFiles/ZET6_HC_SR04.elf.dir/Core/Src/system_stm32f1xx.c.obj
                0x08004a28                APBPrescTable
 .rodata.ascii_1206
                0x08004a30      0x474 CMakeFiles/ZET6_HC_SR04.elf.dir/Drivers/LCD_240_280/Src/lcd.c.obj
                0x08004a30                ascii_1206
 .rodata.ascii_1608
                0x08004ea4      0x5f0 CMakeFiles/ZET6_HC_SR04.elf.dir/Drivers/LCD_240_280/Src/lcd.c.obj
                0x08004ea4                ascii_1608
 .rodata.ascii_2412
                0x08005494     0x11d0 CMakeFiles/ZET6_HC_SR04.elf.dir/Drivers/LCD_240_280/Src/lcd.c.obj
                0x08005494                ascii_2412
 .rodata.ascii_3216
                0x08006664     0x17c0 CMakeFiles/ZET6_HC_SR04.elf.dir/Drivers/LCD_240_280/Src/lcd.c.obj
                0x08006664                ascii_3216
 .rodata.aPLLMULFactorTable.1
                0x08007e24       0x10 CMakeFiles/ZET6_HC_SR04.elf.dir/Drivers/STM32F1xx_HAL_Driver/Src/stm32f1xx_hal_rcc.c.obj
 .rodata.aPredivFactorTable.0
                0x08007e34        0x2 CMakeFiles/ZET6_HC_SR04.elf.dir/Drivers/STM32F1xx_HAL_Driver/Src/stm32f1xx_hal_rcc.c.obj
 *fill*         0x08007e36        0x2 
 .rodata.vTaskStartScheduler.str1.4
                0x08007e38        0x5 CMakeFiles/ZET6_HC_SR04.elf.dir/Middlewares/Third_Party/FreeRTOS/Source/tasks.c.obj
 *fill*         0x08007e3d        0x3 
 .rodata.prvCheckForValidListAndQueue.str1.4
                0x08007e40        0x5 CMakeFiles/ZET6_HC_SR04.elf.dir/Middlewares/Third_Party/FreeRTOS/Source/timers.c.obj
 *fill*         0x08007e45        0x3 
 .rodata.xTimerCreateTimerTask.str1.4
                0x08007e48        0x8 CMakeFiles/ZET6_HC_SR04.elf.dir/Middlewares/Third_Party/FreeRTOS/Source/timers.c.obj
 .rodata._global_impure_ptr
                0x08007e50        0x4 c:/progra~1/gcc-arm-none-eabi-10.3-2021.10/bin/../lib/gcc/arm-none-eabi/10.3.1/../../../../arm-none-eabi/lib/thumb/v7-m/nofp\libg.a(lib_a-impure.o)
                0x08007e50                _global_impure_ptr
                0x08007e54                . = ALIGN (0x4)

.rel.dyn        0x08007e54        0x0
 .rel.iplt      0x08007e54        0x0 c:/progra~1/gcc-arm-none-eabi-10.3-2021.10/bin/../lib/gcc/arm-none-eabi/10.3.1/thumb/v7-m/nofp/crtbegin.o

.ARM.extab      0x08007e54        0x0
                0x08007e54                . = ALIGN (0x4)
 *(.ARM.extab* .gnu.linkonce.armextab.*)
                0x08007e54                . = ALIGN (0x4)

.ARM            0x08007e54        0x0
                0x08007e54                . = ALIGN (0x4)
                0x08007e54                __exidx_start = .
 *(.ARM.exidx*)
                0x08007e54                __exidx_end = .
                0x08007e54                . = ALIGN (0x4)

.preinit_array  0x08007e54        0x0
                0x08007e54                . = ALIGN (0x4)
                0x08007e54                PROVIDE (__preinit_array_start = .)
 *(.preinit_array*)
                0x08007e54                PROVIDE (__preinit_array_end = .)
                0x08007e54                . = ALIGN (0x4)

.init_array     0x08007e54        0x8
                0x08007e54                . = ALIGN (0x4)
                0x08007e54                PROVIDE (__init_array_start = .)
 *(SORT_BY_NAME(.init_array.*))
 .init_array.00000
                0x08007e54        0x4 c:/progra~1/gcc-arm-none-eabi-10.3-2021.10/bin/../lib/gcc/arm-none-eabi/10.3.1/../../../../arm-none-eabi/lib/thumb/v7-m/nofp\libg.a(lib_a-__call_atexit.o)
 *(.init_array*)
 .init_array    0x08007e58        0x4 c:/progra~1/gcc-arm-none-eabi-10.3-2021.10/bin/../lib/gcc/arm-none-eabi/10.3.1/thumb/v7-m/nofp/crtbegin.o
                0x08007e5c                PROVIDE (__init_array_end = .)
                0x08007e5c                . = ALIGN (0x4)

.fini_array     0x08007e5c        0x4
                0x08007e5c                . = ALIGN (0x4)
                0x08007e5c                PROVIDE (__fini_array_start = .)
 *(SORT_BY_NAME(.fini_array.*))
 *(.fini_array*)
 .fini_array    0x08007e5c        0x4 c:/progra~1/gcc-arm-none-eabi-10.3-2021.10/bin/../lib/gcc/arm-none-eabi/10.3.1/thumb/v7-m/nofp/crtbegin.o
                0x08007e60                PROVIDE (__fini_array_end = .)
                0x08007e60                . = ALIGN (0x4)
                0x08007e60                _sidata = LOADADDR (.data)

.data           0x20000000      0x43c load address 0x08007e60
                0x20000000                . = ALIGN (0x4)
                0x20000000                _sdata = .
 *(.data)
 *(.data*)
 .data.SystemCoreClock
                0x20000000        0x4 CMakeFiles/ZET6_HC_SR04.elf.dir/Core/Src/system_stm32f1xx.c.obj
                0x20000000                SystemCoreClock
 .data.uwTickFreq
                0x20000004        0x1 CMakeFiles/ZET6_HC_SR04.elf.dir/Drivers/STM32F1xx_HAL_Driver/Src/stm32f1xx_hal.c.obj
                0x20000004                uwTickFreq
 *fill*         0x20000005        0x3 
 .data.uwTickPrio
                0x20000008        0x4 CMakeFiles/ZET6_HC_SR04.elf.dir/Drivers/STM32F1xx_HAL_Driver/Src/stm32f1xx_hal.c.obj
                0x20000008                uwTickPrio
 .data.uxCriticalNesting
                0x2000000c        0x4 CMakeFiles/ZET6_HC_SR04.elf.dir/Middlewares/Third_Party/FreeRTOS/Source/portable/GCC/ARM_CM3/port.c.obj
 .data.impure_data
                0x20000010      0x428 c:/progra~1/gcc-arm-none-eabi-10.3-2021.10/bin/../lib/gcc/arm-none-eabi/10.3.1/../../../../arm-none-eabi/lib/thumb/v7-m/nofp\libg.a(lib_a-impure.o)
 .data.__atexit_recursive_mutex
                0x20000438        0x4 c:/progra~1/gcc-arm-none-eabi-10.3-2021.10/bin/../lib/gcc/arm-none-eabi/10.3.1/../../../../arm-none-eabi/lib/thumb/v7-m/nofp\libg.a(lib_a-__call_atexit.o)
                0x20000438                __atexit_recursive_mutex
 *(.RamFunc)
 *(.RamFunc*)
                0x2000043c                . = ALIGN (0x4)
                0x2000043c                _edata = .

.igot.plt       0x2000043c        0x0 load address 0x0800829c
 .igot.plt      0x2000043c        0x0 c:/progra~1/gcc-arm-none-eabi-10.3-2021.10/bin/../lib/gcc/arm-none-eabi/10.3.1/thumb/v7-m/nofp/crtbegin.o
                0x2000043c                . = ALIGN (0x4)

.bss            0x2000043c     0x1a68 load address 0x0800829c
                0x2000043c                _sbss = .
                0x2000043c                __bss_start__ = _sbss
 *(.bss)
 .bss           0x2000043c       0x1c c:/progra~1/gcc-arm-none-eabi-10.3-2021.10/bin/../lib/gcc/arm-none-eabi/10.3.1/thumb/v7-m/nofp/crtbegin.o
 *(.bss*)
 .bss.APP_LCDhandle
                0x20000458        0x4 CMakeFiles/ZET6_HC_SR04.elf.dir/Core/Src/freertos.c.obj
                0x20000458                APP_LCDhandle
 .bss.APP_MainHandle
                0x2000045c        0x4 CMakeFiles/ZET6_HC_SR04.elf.dir/Core/Src/freertos.c.obj
                0x2000045c                APP_MainHandle
 .bss.APP_SR04Handle
                0x20000460        0x4 CMakeFiles/ZET6_HC_SR04.elf.dir/Core/Src/freertos.c.obj
                0x20000460                APP_SR04Handle
 .bss.Distance_mm
                0x20000464        0x4 CMakeFiles/ZET6_HC_SR04.elf.dir/Core/Src/freertos.c.obj
                0x20000464                Distance_mm
 .bss.EXTIState
                0x20000468        0x1 CMakeFiles/ZET6_HC_SR04.elf.dir/Core/Src/freertos.c.obj
                0x20000468                EXTIState
 *fill*         0x20000469        0x1 
 .bss.deltaTim  0x2000046a        0x2 CMakeFiles/ZET6_HC_SR04.elf.dir/Core/Src/freertos.c.obj
                0x2000046a                deltaTim
 .bss.hspi1     0x2000046c       0x58 CMakeFiles/ZET6_HC_SR04.elf.dir/Core/Src/spi.c.obj
                0x2000046c                hspi1
 .bss.htim6     0x200004c4       0x48 CMakeFiles/ZET6_HC_SR04.elf.dir/Core/Src/stm32f1xx_hal_timebase_tim.c.obj
                0x200004c4                htim6
 .bss.htim7     0x2000050c       0x48 CMakeFiles/ZET6_HC_SR04.elf.dir/Core/Src/tim.c.obj
                0x2000050c                htim7
 .bss.uwTick    0x20000554        0x4 CMakeFiles/ZET6_HC_SR04.elf.dir/Drivers/STM32F1xx_HAL_Driver/Src/stm32f1xx_hal.c.obj
                0x20000554                uwTick
 .bss.Idle_Stack
                0x20000558      0x200 CMakeFiles/ZET6_HC_SR04.elf.dir/Middlewares/Third_Party/FreeRTOS/Source/CMSIS_RTOS_V2/cmsis_os2.c.obj
 .bss.Idle_TCB  0x20000758       0x5c CMakeFiles/ZET6_HC_SR04.elf.dir/Middlewares/Third_Party/FreeRTOS/Source/CMSIS_RTOS_V2/cmsis_os2.c.obj
 .bss.KernelState
                0x200007b4        0x4 CMakeFiles/ZET6_HC_SR04.elf.dir/Middlewares/Third_Party/FreeRTOS/Source/CMSIS_RTOS_V2/cmsis_os2.c.obj
 .bss.Timer_Stack
                0x200007b8      0x400 CMakeFiles/ZET6_HC_SR04.elf.dir/Middlewares/Third_Party/FreeRTOS/Source/CMSIS_RTOS_V2/cmsis_os2.c.obj
 .bss.Timer_TCB
                0x20000bb8       0x5c CMakeFiles/ZET6_HC_SR04.elf.dir/Middlewares/Third_Party/FreeRTOS/Source/CMSIS_RTOS_V2/cmsis_os2.c.obj
 .bss.ucMaxSysCallPriority
                0x20000c14        0x1 CMakeFiles/ZET6_HC_SR04.elf.dir/Middlewares/Third_Party/FreeRTOS/Source/portable/GCC/ARM_CM3/port.c.obj
 *fill*         0x20000c15        0x3 
 .bss.ulMaxPRIGROUPValue
                0x20000c18        0x4 CMakeFiles/ZET6_HC_SR04.elf.dir/Middlewares/Third_Party/FreeRTOS/Source/portable/GCC/ARM_CM3/port.c.obj
 .bss.pxEnd     0x20000c1c        0x4 CMakeFiles/ZET6_HC_SR04.elf.dir/Middlewares/Third_Party/FreeRTOS/Source/portable/MemMang/heap_4.c.obj
 .bss.ucHeap    0x20000c20      0xc00 CMakeFiles/ZET6_HC_SR04.elf.dir/Middlewares/Third_Party/FreeRTOS/Source/portable/MemMang/heap_4.c.obj
 .bss.xBlockAllocatedBit
                0x20001820        0x4 CMakeFiles/ZET6_HC_SR04.elf.dir/Middlewares/Third_Party/FreeRTOS/Source/portable/MemMang/heap_4.c.obj
 .bss.xFreeBytesRemaining
                0x20001824        0x4 CMakeFiles/ZET6_HC_SR04.elf.dir/Middlewares/Third_Party/FreeRTOS/Source/portable/MemMang/heap_4.c.obj
 .bss.xMinimumEverFreeBytesRemaining
                0x20001828        0x4 CMakeFiles/ZET6_HC_SR04.elf.dir/Middlewares/Third_Party/FreeRTOS/Source/portable/MemMang/heap_4.c.obj
 .bss.xStart    0x2000182c        0x8 CMakeFiles/ZET6_HC_SR04.elf.dir/Middlewares/Third_Party/FreeRTOS/Source/portable/MemMang/heap_4.c.obj
 .bss.xQueueRegistry
                0x20001834       0x40 CMakeFiles/ZET6_HC_SR04.elf.dir/Middlewares/Third_Party/FreeRTOS/Source/queue.c.obj
                0x20001834                xQueueRegistry
 .bss.pxCurrentTCB
                0x20001874        0x4 CMakeFiles/ZET6_HC_SR04.elf.dir/Middlewares/Third_Party/FreeRTOS/Source/tasks.c.obj
                0x20001874                pxCurrentTCB
 .bss.pxDelayedTaskList
                0x20001878        0x4 CMakeFiles/ZET6_HC_SR04.elf.dir/Middlewares/Third_Party/FreeRTOS/Source/tasks.c.obj
 .bss.pxOverflowDelayedTaskList
                0x2000187c        0x4 CMakeFiles/ZET6_HC_SR04.elf.dir/Middlewares/Third_Party/FreeRTOS/Source/tasks.c.obj
 .bss.pxReadyTasksLists
                0x20001880      0x460 CMakeFiles/ZET6_HC_SR04.elf.dir/Middlewares/Third_Party/FreeRTOS/Source/tasks.c.obj
 .bss.uxCurrentNumberOfTasks
                0x20001ce0        0x4 CMakeFiles/ZET6_HC_SR04.elf.dir/Middlewares/Third_Party/FreeRTOS/Source/tasks.c.obj
 .bss.uxDeletedTasksWaitingCleanUp
                0x20001ce4        0x4 CMakeFiles/ZET6_HC_SR04.elf.dir/Middlewares/Third_Party/FreeRTOS/Source/tasks.c.obj
 .bss.uxPendedTicks
                0x20001ce8        0x4 CMakeFiles/ZET6_HC_SR04.elf.dir/Middlewares/Third_Party/FreeRTOS/Source/tasks.c.obj
 .bss.uxSchedulerSuspended
                0x20001cec        0x4 CMakeFiles/ZET6_HC_SR04.elf.dir/Middlewares/Third_Party/FreeRTOS/Source/tasks.c.obj
 .bss.uxTaskNumber
                0x20001cf0        0x4 CMakeFiles/ZET6_HC_SR04.elf.dir/Middlewares/Third_Party/FreeRTOS/Source/tasks.c.obj
 .bss.uxTopReadyPriority
                0x20001cf4        0x4 CMakeFiles/ZET6_HC_SR04.elf.dir/Middlewares/Third_Party/FreeRTOS/Source/tasks.c.obj
 .bss.xDelayedTaskList1
                0x20001cf8       0x14 CMakeFiles/ZET6_HC_SR04.elf.dir/Middlewares/Third_Party/FreeRTOS/Source/tasks.c.obj
 .bss.xDelayedTaskList2
                0x20001d0c       0x14 CMakeFiles/ZET6_HC_SR04.elf.dir/Middlewares/Third_Party/FreeRTOS/Source/tasks.c.obj
 .bss.xIdleTaskHandle
                0x20001d20        0x4 CMakeFiles/ZET6_HC_SR04.elf.dir/Middlewares/Third_Party/FreeRTOS/Source/tasks.c.obj
 .bss.xNextTaskUnblockTime
                0x20001d24        0x4 CMakeFiles/ZET6_HC_SR04.elf.dir/Middlewares/Third_Party/FreeRTOS/Source/tasks.c.obj
 .bss.xNumOfOverflows
                0x20001d28        0x4 CMakeFiles/ZET6_HC_SR04.elf.dir/Middlewares/Third_Party/FreeRTOS/Source/tasks.c.obj
 .bss.xPendingReadyList
                0x20001d2c       0x14 CMakeFiles/ZET6_HC_SR04.elf.dir/Middlewares/Third_Party/FreeRTOS/Source/tasks.c.obj
 .bss.xSchedulerRunning
                0x20001d40        0x4 CMakeFiles/ZET6_HC_SR04.elf.dir/Middlewares/Third_Party/FreeRTOS/Source/tasks.c.obj
 .bss.xSuspendedTaskList
                0x20001d44       0x14 CMakeFiles/ZET6_HC_SR04.elf.dir/Middlewares/Third_Party/FreeRTOS/Source/tasks.c.obj
 .bss.xTasksWaitingTermination
                0x20001d58       0x14 CMakeFiles/ZET6_HC_SR04.elf.dir/Middlewares/Third_Party/FreeRTOS/Source/tasks.c.obj
 .bss.xTickCount
                0x20001d6c        0x4 CMakeFiles/ZET6_HC_SR04.elf.dir/Middlewares/Third_Party/FreeRTOS/Source/tasks.c.obj
 .bss.xYieldPending
                0x20001d70        0x4 CMakeFiles/ZET6_HC_SR04.elf.dir/Middlewares/Third_Party/FreeRTOS/Source/tasks.c.obj
 .bss.pxCurrentTimerList
                0x20001d74        0x4 CMakeFiles/ZET6_HC_SR04.elf.dir/Middlewares/Third_Party/FreeRTOS/Source/timers.c.obj
 .bss.pxOverflowTimerList
                0x20001d78        0x4 CMakeFiles/ZET6_HC_SR04.elf.dir/Middlewares/Third_Party/FreeRTOS/Source/timers.c.obj
 .bss.ucStaticTimerQueueStorage.1
                0x20001d7c       0xa0 CMakeFiles/ZET6_HC_SR04.elf.dir/Middlewares/Third_Party/FreeRTOS/Source/timers.c.obj
 .bss.xActiveTimerList1
                0x20001e1c       0x14 CMakeFiles/ZET6_HC_SR04.elf.dir/Middlewares/Third_Party/FreeRTOS/Source/timers.c.obj
 .bss.xActiveTimerList2
                0x20001e30       0x14 CMakeFiles/ZET6_HC_SR04.elf.dir/Middlewares/Third_Party/FreeRTOS/Source/timers.c.obj
 .bss.xLastTime.2
                0x20001e44        0x4 CMakeFiles/ZET6_HC_SR04.elf.dir/Middlewares/Third_Party/FreeRTOS/Source/timers.c.obj
 .bss.xStaticTimerQueue.0
                0x20001e48       0x50 CMakeFiles/ZET6_HC_SR04.elf.dir/Middlewares/Third_Party/FreeRTOS/Source/timers.c.obj
 .bss.xTimerQueue
                0x20001e98        0x4 CMakeFiles/ZET6_HC_SR04.elf.dir/Middlewares/Third_Party/FreeRTOS/Source/timers.c.obj
 .bss.xTimerTaskHandle
                0x20001e9c        0x4 CMakeFiles/ZET6_HC_SR04.elf.dir/Middlewares/Third_Party/FreeRTOS/Source/timers.c.obj
 .bss.__lock___atexit_recursive_mutex
                0x20001ea0        0x1 c:/progra~1/gcc-arm-none-eabi-10.3-2021.10/bin/../lib/gcc/arm-none-eabi/10.3.1/../../../../arm-none-eabi/lib/thumb/v7-m/nofp\libg.a(lib_a-lock.o)
                0x20001ea0                __lock___atexit_recursive_mutex
 *(COMMON)
                0x20001ea4                . = ALIGN (0x4)
 *fill*         0x20001ea1        0x3 
                0x20001ea4                _ebss = .
                0x20001ea4                __bss_end__ = _ebss

._user_heap_stack
                0x20001ea4      0x604 load address 0x0800829c
                0x20001ea8                . = ALIGN (0x8)
 *fill*         0x20001ea4        0x4 
                [!provide]                PROVIDE (end = .)
                0x20001ea8                PROVIDE (_end = .)
                0x200020a8                . = (. + _Min_Heap_Size)
 *fill*         0x20001ea8      0x200 
                0x200024a8                . = (. + _Min_Stack_Size)
 *fill*         0x200020a8      0x400 
                0x200024a8                . = ALIGN (0x8)

/DISCARD/
 libc.a(*)
 libm.a(*)
 libgcc.a(*)

.ARM.attributes
                0x00000000       0x29
 *(.ARM.attributes)
 .ARM.attributes
                0x00000000       0x1d c:/progra~1/gcc-arm-none-eabi-10.3-2021.10/bin/../lib/gcc/arm-none-eabi/10.3.1/thumb/v7-m/nofp/crti.o
 .ARM.attributes
                0x0000001d       0x2d c:/progra~1/gcc-arm-none-eabi-10.3-2021.10/bin/../lib/gcc/arm-none-eabi/10.3.1/thumb/v7-m/nofp/crtbegin.o
 .ARM.attributes
                0x0000004a       0x2d CMakeFiles/ZET6_HC_SR04.elf.dir/Core/Src/freertos.c.obj
 .ARM.attributes
                0x00000077       0x2d CMakeFiles/ZET6_HC_SR04.elf.dir/Core/Src/gpio.c.obj
 .ARM.attributes
                0x000000a4       0x2d CMakeFiles/ZET6_HC_SR04.elf.dir/Core/Src/main.c.obj
 .ARM.attributes
                0x000000d1       0x2d CMakeFiles/ZET6_HC_SR04.elf.dir/Core/Src/spi.c.obj
 .ARM.attributes
                0x000000fe       0x2d CMakeFiles/ZET6_HC_SR04.elf.dir/Core/Src/stm32f1xx_hal_msp.c.obj
 .ARM.attributes
                0x0000012b       0x2d CMakeFiles/ZET6_HC_SR04.elf.dir/Core/Src/stm32f1xx_hal_timebase_tim.c.obj
 .ARM.attributes
                0x00000158       0x2d CMakeFiles/ZET6_HC_SR04.elf.dir/Core/Src/stm32f1xx_it.c.obj
 .ARM.attributes
                0x00000185       0x2d CMakeFiles/ZET6_HC_SR04.elf.dir/Core/Src/system_stm32f1xx.c.obj
 .ARM.attributes
                0x000001b2       0x2d CMakeFiles/ZET6_HC_SR04.elf.dir/Core/Src/tim.c.obj
 .ARM.attributes
                0x000001df       0x21 CMakeFiles/ZET6_HC_SR04.elf.dir/Core/Startup/startup_stm32f103zetx.s.obj
 .ARM.attributes
                0x00000200       0x2d CMakeFiles/ZET6_HC_SR04.elf.dir/Drivers/LCD_240_280/Src/lcd.c.obj
 .ARM.attributes
                0x0000022d       0x2d CMakeFiles/ZET6_HC_SR04.elf.dir/Drivers/LCD_240_280/Src/lcd_interface.c.obj
 .ARM.attributes
                0x0000025a       0x2d CMakeFiles/ZET6_HC_SR04.elf.dir/Drivers/STM32F1xx_HAL_Driver/Src/stm32f1xx_hal.c.obj
 .ARM.attributes
                0x00000287       0x2d CMakeFiles/ZET6_HC_SR04.elf.dir/Drivers/STM32F1xx_HAL_Driver/Src/stm32f1xx_hal_cortex.c.obj
 .ARM.attributes
                0x000002b4       0x2d CMakeFiles/ZET6_HC_SR04.elf.dir/Drivers/STM32F1xx_HAL_Driver/Src/stm32f1xx_hal_gpio.c.obj
 .ARM.attributes
                0x000002e1       0x2d CMakeFiles/ZET6_HC_SR04.elf.dir/Drivers/STM32F1xx_HAL_Driver/Src/stm32f1xx_hal_rcc.c.obj
 .ARM.attributes
                0x0000030e       0x2d CMakeFiles/ZET6_HC_SR04.elf.dir/Drivers/STM32F1xx_HAL_Driver/Src/stm32f1xx_hal_spi.c.obj
 .ARM.attributes
                0x0000033b       0x2d CMakeFiles/ZET6_HC_SR04.elf.dir/Drivers/STM32F1xx_HAL_Driver/Src/stm32f1xx_hal_tim.c.obj
 .ARM.attributes
                0x00000368       0x2d CMakeFiles/ZET6_HC_SR04.elf.dir/Drivers/STM32F1xx_HAL_Driver/Src/stm32f1xx_hal_tim_ex.c.obj
 .ARM.attributes
                0x00000395       0x2d CMakeFiles/ZET6_HC_SR04.elf.dir/Middlewares/Third_Party/FreeRTOS/Source/CMSIS_RTOS_V2/cmsis_os2.c.obj
 .ARM.attributes
                0x000003c2       0x2d CMakeFiles/ZET6_HC_SR04.elf.dir/Middlewares/Third_Party/FreeRTOS/Source/list.c.obj
 .ARM.attributes
                0x000003ef       0x2d CMakeFiles/ZET6_HC_SR04.elf.dir/Middlewares/Third_Party/FreeRTOS/Source/portable/GCC/ARM_CM3/port.c.obj
 .ARM.attributes
                0x0000041c       0x2d CMakeFiles/ZET6_HC_SR04.elf.dir/Middlewares/Third_Party/FreeRTOS/Source/portable/MemMang/heap_4.c.obj
 .ARM.attributes
                0x00000449       0x2d CMakeFiles/ZET6_HC_SR04.elf.dir/Middlewares/Third_Party/FreeRTOS/Source/queue.c.obj
 .ARM.attributes
                0x00000476       0x2d CMakeFiles/ZET6_HC_SR04.elf.dir/Middlewares/Third_Party/FreeRTOS/Source/tasks.c.obj
 .ARM.attributes
                0x000004a3       0x2d CMakeFiles/ZET6_HC_SR04.elf.dir/Middlewares/Third_Party/FreeRTOS/Source/timers.c.obj
 .ARM.attributes
                0x000004d0       0x1d c:/progra~1/gcc-arm-none-eabi-10.3-2021.10/bin/../lib/gcc/arm-none-eabi/10.3.1/thumb/v7-m/nofp\libgcc.a(_arm_mulsf3.o)
 .ARM.attributes
                0x000004ed       0x1d c:/progra~1/gcc-arm-none-eabi-10.3-2021.10/bin/../lib/gcc/arm-none-eabi/10.3.1/thumb/v7-m/nofp\libgcc.a(_arm_addsubdf3.o)
 .ARM.attributes
                0x0000050a       0x1d c:/progra~1/gcc-arm-none-eabi-10.3-2021.10/bin/../lib/gcc/arm-none-eabi/10.3.1/thumb/v7-m/nofp\libgcc.a(_arm_muldivdf3.o)
 .ARM.attributes
                0x00000527       0x1d c:/progra~1/gcc-arm-none-eabi-10.3-2021.10/bin/../lib/gcc/arm-none-eabi/10.3.1/thumb/v7-m/nofp\libgcc.a(_arm_truncdfsf2.o)
 .ARM.attributes
                0x00000544       0x1d c:/progra~1/gcc-arm-none-eabi-10.3-2021.10/bin/../lib/gcc/arm-none-eabi/10.3.1/thumb/v7-m/nofp\libgcc.a(_arm_fixunssfsi.o)
 .ARM.attributes
                0x00000561       0x2d c:/progra~1/gcc-arm-none-eabi-10.3-2021.10/bin/../lib/gcc/arm-none-eabi/10.3.1/../../../../arm-none-eabi/lib/thumb/v7-m/nofp\libg.a(lib_a-impure.o)
 .ARM.attributes
                0x0000058e       0x2d c:/progra~1/gcc-arm-none-eabi-10.3-2021.10/bin/../lib/gcc/arm-none-eabi/10.3.1/../../../../arm-none-eabi/lib/thumb/v7-m/nofp\libg.a(lib_a-init.o)
 .ARM.attributes
                0x000005bb       0x1b c:/progra~1/gcc-arm-none-eabi-10.3-2021.10/bin/../lib/gcc/arm-none-eabi/10.3.1/../../../../arm-none-eabi/lib/thumb/v7-m/nofp\libg.a(lib_a-memcpy.o)
 .ARM.attributes
                0x000005d6       0x2d c:/progra~1/gcc-arm-none-eabi-10.3-2021.10/bin/../lib/gcc/arm-none-eabi/10.3.1/../../../../arm-none-eabi/lib/thumb/v7-m/nofp\libg.a(lib_a-memset.o)
 .ARM.attributes
                0x00000603       0x2d c:/progra~1/gcc-arm-none-eabi-10.3-2021.10/bin/../lib/gcc/arm-none-eabi/10.3.1/../../../../arm-none-eabi/lib/thumb/v7-m/nofp\libg.a(lib_a-__call_atexit.o)
 .ARM.attributes
                0x00000630       0x2d c:/progra~1/gcc-arm-none-eabi-10.3-2021.10/bin/../lib/gcc/arm-none-eabi/10.3.1/../../../../arm-none-eabi/lib/thumb/v7-m/nofp\libg.a(lib_a-atexit.o)
 .ARM.attributes
                0x0000065d       0x2d c:/progra~1/gcc-arm-none-eabi-10.3-2021.10/bin/../lib/gcc/arm-none-eabi/10.3.1/../../../../arm-none-eabi/lib/thumb/v7-m/nofp\libg.a(lib_a-fini.o)
 .ARM.attributes
                0x0000068a       0x2d c:/progra~1/gcc-arm-none-eabi-10.3-2021.10/bin/../lib/gcc/arm-none-eabi/10.3.1/../../../../arm-none-eabi/lib/thumb/v7-m/nofp\libg.a(lib_a-lock.o)
 .ARM.attributes
                0x000006b7       0x2d c:/progra~1/gcc-arm-none-eabi-10.3-2021.10/bin/../lib/gcc/arm-none-eabi/10.3.1/../../../../arm-none-eabi/lib/thumb/v7-m/nofp\libg.a(lib_a-__atexit.o)
 .ARM.attributes
                0x000006e4       0x1d c:/progra~1/gcc-arm-none-eabi-10.3-2021.10/bin/../lib/gcc/arm-none-eabi/10.3.1/thumb/v7-m/nofp/crtn.o
OUTPUT(ZET6_HC_SR04.elf elf32-littlearm)
LOAD linker stubs
LOAD c:/progra~1/gcc-arm-none-eabi-10.3-2021.10/bin/../lib/gcc/arm-none-eabi/10.3.1/../../../../arm-none-eabi/lib/thumb/v7-m/nofp\libc.a
LOAD c:/progra~1/gcc-arm-none-eabi-10.3-2021.10/bin/../lib/gcc/arm-none-eabi/10.3.1/../../../../arm-none-eabi/lib/thumb/v7-m/nofp\libm.a
LOAD c:/progra~1/gcc-arm-none-eabi-10.3-2021.10/bin/../lib/gcc/arm-none-eabi/10.3.1/thumb/v7-m/nofp\libgcc.a

.debug_info     0x00000000    0x1dd1d
 .debug_info    0x00000000      0xf3e CMakeFiles/ZET6_HC_SR04.elf.dir/Core/Src/freertos.c.obj
 .debug_info    0x00000f3e      0x506 CMakeFiles/ZET6_HC_SR04.elf.dir/Core/Src/gpio.c.obj
 .debug_info    0x00001444      0xa0a CMakeFiles/ZET6_HC_SR04.elf.dir/Core/Src/main.c.obj
 .debug_info    0x00001e4e      0x86a CMakeFiles/ZET6_HC_SR04.elf.dir/Core/Src/spi.c.obj
 .debug_info    0x000026b8      0x3ed CMakeFiles/ZET6_HC_SR04.elf.dir/Core/Src/stm32f1xx_hal_msp.c.obj
 .debug_info    0x00002aa5      0xab6 CMakeFiles/ZET6_HC_SR04.elf.dir/Core/Src/stm32f1xx_hal_timebase_tim.c.obj
 .debug_info    0x0000355b      0x6f8 CMakeFiles/ZET6_HC_SR04.elf.dir/Core/Src/stm32f1xx_it.c.obj
 .debug_info    0x00003c53      0x248 CMakeFiles/ZET6_HC_SR04.elf.dir/Core/Src/system_stm32f1xx.c.obj
 .debug_info    0x00003e9b      0x817 CMakeFiles/ZET6_HC_SR04.elf.dir/Core/Src/tim.c.obj
 .debug_info    0x000046b2       0x22 CMakeFiles/ZET6_HC_SR04.elf.dir/Core/Startup/startup_stm32f103zetx.s.obj
 .debug_info    0x000046d4     0x24d0 CMakeFiles/ZET6_HC_SR04.elf.dir/Drivers/LCD_240_280/Src/lcd.c.obj
 .debug_info    0x00006ba4      0xcf6 CMakeFiles/ZET6_HC_SR04.elf.dir/Drivers/LCD_240_280/Src/lcd_interface.c.obj
 .debug_info    0x0000789a      0x80e CMakeFiles/ZET6_HC_SR04.elf.dir/Drivers/STM32F1xx_HAL_Driver/Src/stm32f1xx_hal.c.obj
 .debug_info    0x000080a8      0xdf0 CMakeFiles/ZET6_HC_SR04.elf.dir/Drivers/STM32F1xx_HAL_Driver/Src/stm32f1xx_hal_cortex.c.obj
 .debug_info    0x00008e98      0x66f CMakeFiles/ZET6_HC_SR04.elf.dir/Drivers/STM32F1xx_HAL_Driver/Src/stm32f1xx_hal_gpio.c.obj
 .debug_info    0x00009507      0xa3b CMakeFiles/ZET6_HC_SR04.elf.dir/Drivers/STM32F1xx_HAL_Driver/Src/stm32f1xx_hal_rcc.c.obj
 .debug_info    0x00009f42     0x1d83 CMakeFiles/ZET6_HC_SR04.elf.dir/Drivers/STM32F1xx_HAL_Driver/Src/stm32f1xx_hal_spi.c.obj
 .debug_info    0x0000bcc5     0x3d52 CMakeFiles/ZET6_HC_SR04.elf.dir/Drivers/STM32F1xx_HAL_Driver/Src/stm32f1xx_hal_tim.c.obj
 .debug_info    0x0000fa17     0x1abb CMakeFiles/ZET6_HC_SR04.elf.dir/Drivers/STM32F1xx_HAL_Driver/Src/stm32f1xx_hal_tim_ex.c.obj
 .debug_info    0x000114d2     0x4b1f CMakeFiles/ZET6_HC_SR04.elf.dir/Middlewares/Third_Party/FreeRTOS/Source/CMSIS_RTOS_V2/cmsis_os2.c.obj
 .debug_info    0x00015ff1      0x2da CMakeFiles/ZET6_HC_SR04.elf.dir/Middlewares/Third_Party/FreeRTOS/Source/list.c.obj
 .debug_info    0x000162cb      0x52b CMakeFiles/ZET6_HC_SR04.elf.dir/Middlewares/Third_Party/FreeRTOS/Source/portable/GCC/ARM_CM3/port.c.obj
 .debug_info    0x000167f6      0x471 CMakeFiles/ZET6_HC_SR04.elf.dir/Middlewares/Third_Party/FreeRTOS/Source/portable/MemMang/heap_4.c.obj
 .debug_info    0x00016c67     0x2733 CMakeFiles/ZET6_HC_SR04.elf.dir/Middlewares/Third_Party/FreeRTOS/Source/queue.c.obj
 .debug_info    0x0001939a     0x301a CMakeFiles/ZET6_HC_SR04.elf.dir/Middlewares/Third_Party/FreeRTOS/Source/tasks.c.obj
 .debug_info    0x0001c3b4     0x1969 CMakeFiles/ZET6_HC_SR04.elf.dir/Middlewares/Third_Party/FreeRTOS/Source/timers.c.obj

.debug_abbrev   0x00000000     0x37c4
 .debug_abbrev  0x00000000      0x221 CMakeFiles/ZET6_HC_SR04.elf.dir/Core/Src/freertos.c.obj
 .debug_abbrev  0x00000221      0x158 CMakeFiles/ZET6_HC_SR04.elf.dir/Core/Src/gpio.c.obj
 .debug_abbrev  0x00000379      0x233 CMakeFiles/ZET6_HC_SR04.elf.dir/Core/Src/main.c.obj
 .debug_abbrev  0x000005ac      0x1c1 CMakeFiles/ZET6_HC_SR04.elf.dir/Core/Src/spi.c.obj
 .debug_abbrev  0x0000076d      0x12d CMakeFiles/ZET6_HC_SR04.elf.dir/Core/Src/stm32f1xx_hal_msp.c.obj
 .debug_abbrev  0x0000089a      0x1ff CMakeFiles/ZET6_HC_SR04.elf.dir/Core/Src/stm32f1xx_hal_timebase_tim.c.obj
 .debug_abbrev  0x00000a99      0x1a3 CMakeFiles/ZET6_HC_SR04.elf.dir/Core/Src/stm32f1xx_it.c.obj
 .debug_abbrev  0x00000c3c      0x13e CMakeFiles/ZET6_HC_SR04.elf.dir/Core/Src/system_stm32f1xx.c.obj
 .debug_abbrev  0x00000d7a      0x1c5 CMakeFiles/ZET6_HC_SR04.elf.dir/Core/Src/tim.c.obj
 .debug_abbrev  0x00000f3f       0x12 CMakeFiles/ZET6_HC_SR04.elf.dir/Core/Startup/startup_stm32f103zetx.s.obj
 .debug_abbrev  0x00000f51      0x280 CMakeFiles/ZET6_HC_SR04.elf.dir/Drivers/LCD_240_280/Src/lcd.c.obj
 .debug_abbrev  0x000011d1      0x220 CMakeFiles/ZET6_HC_SR04.elf.dir/Drivers/LCD_240_280/Src/lcd_interface.c.obj
 .debug_abbrev  0x000013f1      0x1f4 CMakeFiles/ZET6_HC_SR04.elf.dir/Drivers/STM32F1xx_HAL_Driver/Src/stm32f1xx_hal.c.obj
 .debug_abbrev  0x000015e5      0x341 CMakeFiles/ZET6_HC_SR04.elf.dir/Drivers/STM32F1xx_HAL_Driver/Src/stm32f1xx_hal_cortex.c.obj
 .debug_abbrev  0x00001926      0x1e6 CMakeFiles/ZET6_HC_SR04.elf.dir/Drivers/STM32F1xx_HAL_Driver/Src/stm32f1xx_hal_gpio.c.obj
 .debug_abbrev  0x00001b0c      0x27a CMakeFiles/ZET6_HC_SR04.elf.dir/Drivers/STM32F1xx_HAL_Driver/Src/stm32f1xx_hal_rcc.c.obj
 .debug_abbrev  0x00001d86      0x23b CMakeFiles/ZET6_HC_SR04.elf.dir/Drivers/STM32F1xx_HAL_Driver/Src/stm32f1xx_hal_spi.c.obj
 .debug_abbrev  0x00001fc1      0x245 CMakeFiles/ZET6_HC_SR04.elf.dir/Drivers/STM32F1xx_HAL_Driver/Src/stm32f1xx_hal_tim.c.obj
 .debug_abbrev  0x00002206      0x248 CMakeFiles/ZET6_HC_SR04.elf.dir/Drivers/STM32F1xx_HAL_Driver/Src/stm32f1xx_hal_tim_ex.c.obj
 .debug_abbrev  0x0000244e      0x418 CMakeFiles/ZET6_HC_SR04.elf.dir/Middlewares/Third_Party/FreeRTOS/Source/CMSIS_RTOS_V2/cmsis_os2.c.obj
 .debug_abbrev  0x00002866      0x106 CMakeFiles/ZET6_HC_SR04.elf.dir/Middlewares/Third_Party/FreeRTOS/Source/list.c.obj
 .debug_abbrev  0x0000296c      0x27e CMakeFiles/ZET6_HC_SR04.elf.dir/Middlewares/Third_Party/FreeRTOS/Source/portable/GCC/ARM_CM3/port.c.obj
 .debug_abbrev  0x00002bea      0x238 CMakeFiles/ZET6_HC_SR04.elf.dir/Middlewares/Third_Party/FreeRTOS/Source/portable/MemMang/heap_4.c.obj
 .debug_abbrev  0x00002e22      0x38c CMakeFiles/ZET6_HC_SR04.elf.dir/Middlewares/Third_Party/FreeRTOS/Source/queue.c.obj
 .debug_abbrev  0x000031ae      0x313 CMakeFiles/ZET6_HC_SR04.elf.dir/Middlewares/Third_Party/FreeRTOS/Source/tasks.c.obj
 .debug_abbrev  0x000034c1      0x303 CMakeFiles/ZET6_HC_SR04.elf.dir/Middlewares/Third_Party/FreeRTOS/Source/timers.c.obj

.debug_loc      0x00000000    0x16b23
 .debug_loc     0x00000000       0xbe CMakeFiles/ZET6_HC_SR04.elf.dir/Core/Src/freertos.c.obj
 .debug_loc     0x000000be      0x10d CMakeFiles/ZET6_HC_SR04.elf.dir/Core/Src/main.c.obj
 .debug_loc     0x000001cb       0x84 CMakeFiles/ZET6_HC_SR04.elf.dir/Core/Src/spi.c.obj
 .debug_loc     0x0000024f       0x15 CMakeFiles/ZET6_HC_SR04.elf.dir/Core/Src/stm32f1xx_hal_msp.c.obj
 .debug_loc     0x00000264      0x10e CMakeFiles/ZET6_HC_SR04.elf.dir/Core/Src/stm32f1xx_hal_timebase_tim.c.obj
 .debug_loc     0x00000372       0xff CMakeFiles/ZET6_HC_SR04.elf.dir/Core/Src/system_stm32f1xx.c.obj
 .debug_loc     0x00000471     0x1ca3 CMakeFiles/ZET6_HC_SR04.elf.dir/Drivers/LCD_240_280/Src/lcd.c.obj
 .debug_loc     0x00002114      0x12f CMakeFiles/ZET6_HC_SR04.elf.dir/Drivers/LCD_240_280/Src/lcd_interface.c.obj
 .debug_loc     0x00002243      0x141 CMakeFiles/ZET6_HC_SR04.elf.dir/Drivers/STM32F1xx_HAL_Driver/Src/stm32f1xx_hal.c.obj
 .debug_loc     0x00002384      0x71f CMakeFiles/ZET6_HC_SR04.elf.dir/Drivers/STM32F1xx_HAL_Driver/Src/stm32f1xx_hal_cortex.c.obj
 .debug_loc     0x00002aa3      0x47d CMakeFiles/ZET6_HC_SR04.elf.dir/Drivers/STM32F1xx_HAL_Driver/Src/stm32f1xx_hal_gpio.c.obj
 .debug_loc     0x00002f20      0x618 CMakeFiles/ZET6_HC_SR04.elf.dir/Drivers/STM32F1xx_HAL_Driver/Src/stm32f1xx_hal_rcc.c.obj
 .debug_loc     0x00003538     0x1e2f CMakeFiles/ZET6_HC_SR04.elf.dir/Drivers/STM32F1xx_HAL_Driver/Src/stm32f1xx_hal_spi.c.obj
 .debug_loc     0x00005367     0x5084 CMakeFiles/ZET6_HC_SR04.elf.dir/Drivers/STM32F1xx_HAL_Driver/Src/stm32f1xx_hal_tim.c.obj
 .debug_loc     0x0000a3eb     0x1cad CMakeFiles/ZET6_HC_SR04.elf.dir/Drivers/STM32F1xx_HAL_Driver/Src/stm32f1xx_hal_tim_ex.c.obj
 .debug_loc     0x0000c098     0x579d CMakeFiles/ZET6_HC_SR04.elf.dir/Middlewares/Third_Party/FreeRTOS/Source/CMSIS_RTOS_V2/cmsis_os2.c.obj
 .debug_loc     0x00011835       0xad CMakeFiles/ZET6_HC_SR04.elf.dir/Middlewares/Third_Party/FreeRTOS/Source/list.c.obj
 .debug_loc     0x000118e2       0xe8 CMakeFiles/ZET6_HC_SR04.elf.dir/Middlewares/Third_Party/FreeRTOS/Source/portable/GCC/ARM_CM3/port.c.obj
 .debug_loc     0x000119ca      0x331 CMakeFiles/ZET6_HC_SR04.elf.dir/Middlewares/Third_Party/FreeRTOS/Source/portable/MemMang/heap_4.c.obj
 .debug_loc     0x00011cfb     0x19de CMakeFiles/ZET6_HC_SR04.elf.dir/Middlewares/Third_Party/FreeRTOS/Source/queue.c.obj
 .debug_loc     0x000136d9     0x24bc CMakeFiles/ZET6_HC_SR04.elf.dir/Middlewares/Third_Party/FreeRTOS/Source/tasks.c.obj
 .debug_loc     0x00015b95      0xf8e CMakeFiles/ZET6_HC_SR04.elf.dir/Middlewares/Third_Party/FreeRTOS/Source/timers.c.obj

.debug_aranges  0x00000000     0x1440
 .debug_aranges
                0x00000000       0x50 CMakeFiles/ZET6_HC_SR04.elf.dir/Core/Src/freertos.c.obj
 .debug_aranges
                0x00000050       0x20 CMakeFiles/ZET6_HC_SR04.elf.dir/Core/Src/gpio.c.obj
 .debug_aranges
                0x00000070       0x40 CMakeFiles/ZET6_HC_SR04.elf.dir/Core/Src/main.c.obj
 .debug_aranges
                0x000000b0       0x30 CMakeFiles/ZET6_HC_SR04.elf.dir/Core/Src/spi.c.obj
 .debug_aranges
                0x000000e0       0x20 CMakeFiles/ZET6_HC_SR04.elf.dir/Core/Src/stm32f1xx_hal_msp.c.obj
 .debug_aranges
                0x00000100       0x30 CMakeFiles/ZET6_HC_SR04.elf.dir/Core/Src/stm32f1xx_hal_timebase_tim.c.obj
 .debug_aranges
                0x00000130       0x58 CMakeFiles/ZET6_HC_SR04.elf.dir/Core/Src/stm32f1xx_it.c.obj
 .debug_aranges
                0x00000188       0x28 CMakeFiles/ZET6_HC_SR04.elf.dir/Core/Src/system_stm32f1xx.c.obj
 .debug_aranges
                0x000001b0       0x30 CMakeFiles/ZET6_HC_SR04.elf.dir/Core/Src/tim.c.obj
 .debug_aranges
                0x000001e0       0x28 CMakeFiles/ZET6_HC_SR04.elf.dir/Core/Startup/startup_stm32f103zetx.s.obj
 .debug_aranges
                0x00000208       0xf0 CMakeFiles/ZET6_HC_SR04.elf.dir/Drivers/LCD_240_280/Src/lcd.c.obj
 .debug_aranges
                0x000002f8       0x88 CMakeFiles/ZET6_HC_SR04.elf.dir/Drivers/LCD_240_280/Src/lcd_interface.c.obj
 .debug_aranges
                0x00000380       0xe0 CMakeFiles/ZET6_HC_SR04.elf.dir/Drivers/STM32F1xx_HAL_Driver/Src/stm32f1xx_hal.c.obj
 .debug_aranges
                0x00000460       0x90 CMakeFiles/ZET6_HC_SR04.elf.dir/Drivers/STM32F1xx_HAL_Driver/Src/stm32f1xx_hal_cortex.c.obj
 .debug_aranges
                0x000004f0       0x58 CMakeFiles/ZET6_HC_SR04.elf.dir/Drivers/STM32F1xx_HAL_Driver/Src/stm32f1xx_hal_gpio.c.obj
 .debug_aranges
                0x00000548       0x90 CMakeFiles/ZET6_HC_SR04.elf.dir/Drivers/STM32F1xx_HAL_Driver/Src/stm32f1xx_hal_rcc.c.obj
 .debug_aranges
                0x000005d8      0x1d0 CMakeFiles/ZET6_HC_SR04.elf.dir/Drivers/STM32F1xx_HAL_Driver/Src/stm32f1xx_hal_spi.c.obj
 .debug_aranges
                0x000007a8      0x3d0 CMakeFiles/ZET6_HC_SR04.elf.dir/Drivers/STM32F1xx_HAL_Driver/Src/stm32f1xx_hal_tim.c.obj
 .debug_aranges
                0x00000b78      0x168 CMakeFiles/ZET6_HC_SR04.elf.dir/Drivers/STM32F1xx_HAL_Driver/Src/stm32f1xx_hal_tim_ex.c.obj
 .debug_aranges
                0x00000ce0      0x228 CMakeFiles/ZET6_HC_SR04.elf.dir/Middlewares/Third_Party/FreeRTOS/Source/CMSIS_RTOS_V2/cmsis_os2.c.obj
 .debug_aranges
                0x00000f08       0x40 CMakeFiles/ZET6_HC_SR04.elf.dir/Middlewares/Third_Party/FreeRTOS/Source/list.c.obj
 .debug_aranges
                0x00000f48       0x78 CMakeFiles/ZET6_HC_SR04.elf.dir/Middlewares/Third_Party/FreeRTOS/Source/portable/GCC/ARM_CM3/port.c.obj
 .debug_aranges
                0x00000fc0       0x50 CMakeFiles/ZET6_HC_SR04.elf.dir/Middlewares/Third_Party/FreeRTOS/Source/portable/MemMang/heap_4.c.obj
 .debug_aranges
                0x00001010      0x158 CMakeFiles/ZET6_HC_SR04.elf.dir/Middlewares/Third_Party/FreeRTOS/Source/queue.c.obj
 .debug_aranges
                0x00001168      0x1f8 CMakeFiles/ZET6_HC_SR04.elf.dir/Middlewares/Third_Party/FreeRTOS/Source/tasks.c.obj
 .debug_aranges
                0x00001360       0xe0 CMakeFiles/ZET6_HC_SR04.elf.dir/Middlewares/Third_Party/FreeRTOS/Source/timers.c.obj

.debug_ranges   0x00000000     0x1530
 .debug_ranges  0x00000000       0x40 CMakeFiles/ZET6_HC_SR04.elf.dir/Core/Src/freertos.c.obj
 .debug_ranges  0x00000040       0x10 CMakeFiles/ZET6_HC_SR04.elf.dir/Core/Src/gpio.c.obj
 .debug_ranges  0x00000050       0x30 CMakeFiles/ZET6_HC_SR04.elf.dir/Core/Src/main.c.obj
 .debug_ranges  0x00000080       0x20 CMakeFiles/ZET6_HC_SR04.elf.dir/Core/Src/spi.c.obj
 .debug_ranges  0x000000a0       0x10 CMakeFiles/ZET6_HC_SR04.elf.dir/Core/Src/stm32f1xx_hal_msp.c.obj
 .debug_ranges  0x000000b0       0x20 CMakeFiles/ZET6_HC_SR04.elf.dir/Core/Src/stm32f1xx_hal_timebase_tim.c.obj
 .debug_ranges  0x000000d0       0x48 CMakeFiles/ZET6_HC_SR04.elf.dir/Core/Src/stm32f1xx_it.c.obj
 .debug_ranges  0x00000118       0x18 CMakeFiles/ZET6_HC_SR04.elf.dir/Core/Src/system_stm32f1xx.c.obj
 .debug_ranges  0x00000130       0x20 CMakeFiles/ZET6_HC_SR04.elf.dir/Core/Src/tim.c.obj
 .debug_ranges  0x00000150       0x20 CMakeFiles/ZET6_HC_SR04.elf.dir/Core/Startup/startup_stm32f103zetx.s.obj
 .debug_ranges  0x00000170       0xe0 CMakeFiles/ZET6_HC_SR04.elf.dir/Drivers/LCD_240_280/Src/lcd.c.obj
 .debug_ranges  0x00000250       0x78 CMakeFiles/ZET6_HC_SR04.elf.dir/Drivers/LCD_240_280/Src/lcd_interface.c.obj
 .debug_ranges  0x000002c8       0xd0 CMakeFiles/ZET6_HC_SR04.elf.dir/Drivers/STM32F1xx_HAL_Driver/Src/stm32f1xx_hal.c.obj
 .debug_ranges  0x00000398       0xe0 CMakeFiles/ZET6_HC_SR04.elf.dir/Drivers/STM32F1xx_HAL_Driver/Src/stm32f1xx_hal_cortex.c.obj
 .debug_ranges  0x00000478       0x48 CMakeFiles/ZET6_HC_SR04.elf.dir/Drivers/STM32F1xx_HAL_Driver/Src/stm32f1xx_hal_gpio.c.obj
 .debug_ranges  0x000004c0       0xa0 CMakeFiles/ZET6_HC_SR04.elf.dir/Drivers/STM32F1xx_HAL_Driver/Src/stm32f1xx_hal_rcc.c.obj
 .debug_ranges  0x00000560      0x1c0 CMakeFiles/ZET6_HC_SR04.elf.dir/Drivers/STM32F1xx_HAL_Driver/Src/stm32f1xx_hal_spi.c.obj
 .debug_ranges  0x00000720      0x3c0 CMakeFiles/ZET6_HC_SR04.elf.dir/Drivers/STM32F1xx_HAL_Driver/Src/stm32f1xx_hal_tim.c.obj
 .debug_ranges  0x00000ae0      0x158 CMakeFiles/ZET6_HC_SR04.elf.dir/Drivers/STM32F1xx_HAL_Driver/Src/stm32f1xx_hal_tim_ex.c.obj
 .debug_ranges  0x00000c38      0x218 CMakeFiles/ZET6_HC_SR04.elf.dir/Middlewares/Third_Party/FreeRTOS/Source/CMSIS_RTOS_V2/cmsis_os2.c.obj
 .debug_ranges  0x00000e50       0x30 CMakeFiles/ZET6_HC_SR04.elf.dir/Middlewares/Third_Party/FreeRTOS/Source/list.c.obj
 .debug_ranges  0x00000e80       0x68 CMakeFiles/ZET6_HC_SR04.elf.dir/Middlewares/Third_Party/FreeRTOS/Source/portable/GCC/ARM_CM3/port.c.obj
 .debug_ranges  0x00000ee8       0x40 CMakeFiles/ZET6_HC_SR04.elf.dir/Middlewares/Third_Party/FreeRTOS/Source/portable/MemMang/heap_4.c.obj
 .debug_ranges  0x00000f28      0x218 CMakeFiles/ZET6_HC_SR04.elf.dir/Middlewares/Third_Party/FreeRTOS/Source/queue.c.obj
 .debug_ranges  0x00001140      0x320 CMakeFiles/ZET6_HC_SR04.elf.dir/Middlewares/Third_Party/FreeRTOS/Source/tasks.c.obj
 .debug_ranges  0x00001460       0xd0 CMakeFiles/ZET6_HC_SR04.elf.dir/Middlewares/Third_Party/FreeRTOS/Source/timers.c.obj

.debug_line     0x00000000    0x17d6f
 .debug_line    0x00000000      0x60f CMakeFiles/ZET6_HC_SR04.elf.dir/Core/Src/freertos.c.obj
 .debug_line    0x0000060f      0x274 CMakeFiles/ZET6_HC_SR04.elf.dir/Core/Src/gpio.c.obj
 .debug_line    0x00000883      0x5ad CMakeFiles/ZET6_HC_SR04.elf.dir/Core/Src/main.c.obj
 .debug_line    0x00000e30      0x393 CMakeFiles/ZET6_HC_SR04.elf.dir/Core/Src/spi.c.obj
 .debug_line    0x000011c3      0x226 CMakeFiles/ZET6_HC_SR04.elf.dir/Core/Src/stm32f1xx_hal_msp.c.obj
 .debug_line    0x000013e9      0x374 CMakeFiles/ZET6_HC_SR04.elf.dir/Core/Src/stm32f1xx_hal_timebase_tim.c.obj
 .debug_line    0x0000175d      0x337 CMakeFiles/ZET6_HC_SR04.elf.dir/Core/Src/stm32f1xx_it.c.obj
 .debug_line    0x00001a94      0x280 CMakeFiles/ZET6_HC_SR04.elf.dir/Core/Src/system_stm32f1xx.c.obj
 .debug_line    0x00001d14      0x349 CMakeFiles/ZET6_HC_SR04.elf.dir/Core/Src/tim.c.obj
 .debug_line    0x0000205d       0xb7 CMakeFiles/ZET6_HC_SR04.elf.dir/Core/Startup/startup_stm32f103zetx.s.obj
 .debug_line    0x00002114     0x1071 CMakeFiles/ZET6_HC_SR04.elf.dir/Drivers/LCD_240_280/Src/lcd.c.obj
 .debug_line    0x00003185      0x5ae CMakeFiles/ZET6_HC_SR04.elf.dir/Drivers/LCD_240_280/Src/lcd_interface.c.obj
 .debug_line    0x00003733      0x5ce CMakeFiles/ZET6_HC_SR04.elf.dir/Drivers/STM32F1xx_HAL_Driver/Src/stm32f1xx_hal.c.obj
 .debug_line    0x00003d01      0x6a6 CMakeFiles/ZET6_HC_SR04.elf.dir/Drivers/STM32F1xx_HAL_Driver/Src/stm32f1xx_hal_cortex.c.obj
 .debug_line    0x000043a7      0x662 CMakeFiles/ZET6_HC_SR04.elf.dir/Drivers/STM32F1xx_HAL_Driver/Src/stm32f1xx_hal_gpio.c.obj
 .debug_line    0x00004a09      0xc8b CMakeFiles/ZET6_HC_SR04.elf.dir/Drivers/STM32F1xx_HAL_Driver/Src/stm32f1xx_hal_rcc.c.obj
 .debug_line    0x00005694     0x2535 CMakeFiles/ZET6_HC_SR04.elf.dir/Drivers/STM32F1xx_HAL_Driver/Src/stm32f1xx_hal_spi.c.obj
 .debug_line    0x00007bc9     0x4ac9 CMakeFiles/ZET6_HC_SR04.elf.dir/Drivers/STM32F1xx_HAL_Driver/Src/stm32f1xx_hal_tim.c.obj
 .debug_line    0x0000c692     0x1cc1 CMakeFiles/ZET6_HC_SR04.elf.dir/Drivers/STM32F1xx_HAL_Driver/Src/stm32f1xx_hal_tim_ex.c.obj
 .debug_line    0x0000e353     0x2dc4 CMakeFiles/ZET6_HC_SR04.elf.dir/Middlewares/Third_Party/FreeRTOS/Source/CMSIS_RTOS_V2/cmsis_os2.c.obj
 .debug_line    0x00011117      0x3e1 CMakeFiles/ZET6_HC_SR04.elf.dir/Middlewares/Third_Party/FreeRTOS/Source/list.c.obj
 .debug_line    0x000114f8      0x692 CMakeFiles/ZET6_HC_SR04.elf.dir/Middlewares/Third_Party/FreeRTOS/Source/portable/GCC/ARM_CM3/port.c.obj
 .debug_line    0x00011b8a      0x6d5 CMakeFiles/ZET6_HC_SR04.elf.dir/Middlewares/Third_Party/FreeRTOS/Source/portable/MemMang/heap_4.c.obj
 .debug_line    0x0001225f     0x2079 CMakeFiles/ZET6_HC_SR04.elf.dir/Middlewares/Third_Party/FreeRTOS/Source/queue.c.obj
 .debug_line    0x000142d8     0x2c4a CMakeFiles/ZET6_HC_SR04.elf.dir/Middlewares/Third_Party/FreeRTOS/Source/tasks.c.obj
 .debug_line    0x00016f22      0xe4d CMakeFiles/ZET6_HC_SR04.elf.dir/Middlewares/Third_Party/FreeRTOS/Source/timers.c.obj

.debug_str      0x00000000     0x6e8c
 .debug_str     0x00000000      0xd17 CMakeFiles/ZET6_HC_SR04.elf.dir/Core/Src/freertos.c.obj
                                0xde6 (size before relaxing)
 .debug_str     0x00000d17      0x431 CMakeFiles/ZET6_HC_SR04.elf.dir/Core/Src/gpio.c.obj
                                0x6bc (size before relaxing)
 .debug_str     0x00001148      0x283 CMakeFiles/ZET6_HC_SR04.elf.dir/Core/Src/main.c.obj
                                0x91d (size before relaxing)
 .debug_str     0x000013cb      0x24f CMakeFiles/ZET6_HC_SR04.elf.dir/Core/Src/spi.c.obj
                                0x6ef (size before relaxing)
 .debug_str     0x0000161a       0x8a CMakeFiles/ZET6_HC_SR04.elf.dir/Core/Src/stm32f1xx_hal_msp.c.obj
                                0x64b (size before relaxing)
 .debug_str     0x000016a4      0x149 CMakeFiles/ZET6_HC_SR04.elf.dir/Core/Src/stm32f1xx_hal_timebase_tim.c.obj
                                0xc54 (size before relaxing)
 .debug_str     0x000017ed       0xfd CMakeFiles/ZET6_HC_SR04.elf.dir/Core/Src/stm32f1xx_it.c.obj
                                0x778 (size before relaxing)
 .debug_str     0x000018ea       0xae CMakeFiles/ZET6_HC_SR04.elf.dir/Core/Src/system_stm32f1xx.c.obj
                                0x2b2 (size before relaxing)
 .debug_str     0x00001998       0xed CMakeFiles/ZET6_HC_SR04.elf.dir/Core/Src/tim.c.obj
                                0x7ed (size before relaxing)
 .debug_str     0x00001a85       0x66 CMakeFiles/ZET6_HC_SR04.elf.dir/Core/Startup/startup_stm32f103zetx.s.obj
                                 0xab (size before relaxing)
 .debug_str     0x00001aeb      0x42d CMakeFiles/ZET6_HC_SR04.elf.dir/Drivers/LCD_240_280/Src/lcd.c.obj
                                0x656 (size before relaxing)
 .debug_str     0x00001f18       0xce CMakeFiles/ZET6_HC_SR04.elf.dir/Drivers/LCD_240_280/Src/lcd_interface.c.obj
                                0x862 (size before relaxing)
 .debug_str     0x00001fe6      0x2b7 CMakeFiles/ZET6_HC_SR04.elf.dir/Drivers/STM32F1xx_HAL_Driver/Src/stm32f1xx_hal.c.obj
                                0x966 (size before relaxing)
 .debug_str     0x0000229d      0x3d9 CMakeFiles/ZET6_HC_SR04.elf.dir/Drivers/STM32F1xx_HAL_Driver/Src/stm32f1xx_hal_cortex.c.obj
                                0xa15 (size before relaxing)
 .debug_str     0x00002676      0x10c CMakeFiles/ZET6_HC_SR04.elf.dir/Drivers/STM32F1xx_HAL_Driver/Src/stm32f1xx_hal_gpio.c.obj
                                0x45e (size before relaxing)
 .debug_str     0x00002782      0x1ee CMakeFiles/ZET6_HC_SR04.elf.dir/Drivers/STM32F1xx_HAL_Driver/Src/stm32f1xx_hal_rcc.c.obj
                                0x689 (size before relaxing)
 .debug_str     0x00002970      0x577 CMakeFiles/ZET6_HC_SR04.elf.dir/Drivers/STM32F1xx_HAL_Driver/Src/stm32f1xx_hal_spi.c.obj
                                0xbcb (size before relaxing)
 .debug_str     0x00002ee7      0xe9d CMakeFiles/ZET6_HC_SR04.elf.dir/Drivers/STM32F1xx_HAL_Driver/Src/stm32f1xx_hal_tim.c.obj
                               0x169d (size before relaxing)
 .debug_str     0x00003d84      0x554 CMakeFiles/ZET6_HC_SR04.elf.dir/Drivers/STM32F1xx_HAL_Driver/Src/stm32f1xx_hal_tim_ex.c.obj
                                0xe9e (size before relaxing)
 .debug_str     0x000042d8     0x1211 CMakeFiles/ZET6_HC_SR04.elf.dir/Middlewares/Third_Party/FreeRTOS/Source/CMSIS_RTOS_V2/cmsis_os2.c.obj
                               0x1949 (size before relaxing)
 .debug_str     0x000054e9      0x169 CMakeFiles/ZET6_HC_SR04.elf.dir/Middlewares/Third_Party/FreeRTOS/Source/list.c.obj
                                0x353 (size before relaxing)
 .debug_str     0x00005652      0x24b CMakeFiles/ZET6_HC_SR04.elf.dir/Middlewares/Third_Party/FreeRTOS/Source/portable/GCC/ARM_CM3/port.c.obj
                                0x4bf (size before relaxing)
 .debug_str     0x0000589d      0x218 CMakeFiles/ZET6_HC_SR04.elf.dir/Middlewares/Third_Party/FreeRTOS/Source/portable/MemMang/heap_4.c.obj
                                0x43c (size before relaxing)
 .debug_str     0x00005ab5      0x60b CMakeFiles/ZET6_HC_SR04.elf.dir/Middlewares/Third_Party/FreeRTOS/Source/queue.c.obj
                                0xcd1 (size before relaxing)
 .debug_str     0x000060c0      0x8be CMakeFiles/ZET6_HC_SR04.elf.dir/Middlewares/Third_Party/FreeRTOS/Source/tasks.c.obj
                               0x12cd (size before relaxing)
 .debug_str     0x0000697e      0x50e CMakeFiles/ZET6_HC_SR04.elf.dir/Middlewares/Third_Party/FreeRTOS/Source/timers.c.obj
                                0xc44 (size before relaxing)

.comment        0x00000000       0x49
 .comment       0x00000000       0x49 CMakeFiles/ZET6_HC_SR04.elf.dir/Core/Src/freertos.c.obj
                                 0x4a (size before relaxing)
 .comment       0x00000049       0x4a CMakeFiles/ZET6_HC_SR04.elf.dir/Core/Src/gpio.c.obj
 .comment       0x00000049       0x4a CMakeFiles/ZET6_HC_SR04.elf.dir/Core/Src/main.c.obj
 .comment       0x00000049       0x4a CMakeFiles/ZET6_HC_SR04.elf.dir/Core/Src/spi.c.obj
 .comment       0x00000049       0x4a CMakeFiles/ZET6_HC_SR04.elf.dir/Core/Src/stm32f1xx_hal_msp.c.obj
 .comment       0x00000049       0x4a CMakeFiles/ZET6_HC_SR04.elf.dir/Core/Src/stm32f1xx_hal_timebase_tim.c.obj
 .comment       0x00000049       0x4a CMakeFiles/ZET6_HC_SR04.elf.dir/Core/Src/stm32f1xx_it.c.obj
 .comment       0x00000049       0x4a CMakeFiles/ZET6_HC_SR04.elf.dir/Core/Src/system_stm32f1xx.c.obj
 .comment       0x00000049       0x4a CMakeFiles/ZET6_HC_SR04.elf.dir/Core/Src/tim.c.obj
 .comment       0x00000049       0x4a CMakeFiles/ZET6_HC_SR04.elf.dir/Drivers/LCD_240_280/Src/lcd.c.obj
 .comment       0x00000049       0x4a CMakeFiles/ZET6_HC_SR04.elf.dir/Drivers/LCD_240_280/Src/lcd_interface.c.obj