Archive member included to satisfy reference by file (symbol)

c:/progra~1/gcc-arm-none-eabi-10.3-2021.10/bin/../lib/gcc/arm-none-eabi/10.3.1/thumb/v7-m/nofp\libgcc.a(_arm_mulsf3.o)
                              CMakeFiles/ZET6_HC_SR04.elf.dir/Drivers/LCD_240_280/Src/lcd.c.obj (__aeabi_fmul)
c:/progra~1/gcc-arm-none-eabi-10.3-2021.10/bin/../lib/gcc/arm-none-eabi/10.3.1/thumb/v7-m/nofp\libgcc.a(_arm_cmpsf2.o)
                              CMakeFiles/ZET6_HC_SR04.elf.dir/Drivers/LCD_240_280/Src/lcd.c.obj (__aeabi_fcmpge)
c:/progra~1/gcc-arm-none-eabi-10.3-2021.10/bin/../lib/gcc/arm-none-eabi/10.3.1/thumb/v7-m/nofp\libgcc.a(_arm_fixunssfsi.o)
                              CMakeFiles/ZET6_HC_SR04.elf.dir/Drivers/LCD_240_280/Src/lcd.c.obj (__aeabi_f2uiz)
c:/progra~1/gcc-arm-none-eabi-10.3-2021.10/bin/../lib/gcc/arm-none-eabi/10.3.1/../../../../arm-none-eabi/lib/thumb/v7-m/nofp\libc.a(lib_a-errno.o)
                              CMakeFiles/ZET6_HC_SR04.elf.dir/Core/Src/syscalls.c.obj (__errno)
c:/progra~1/gcc-arm-none-eabi-10.3-2021.10/bin/../lib/gcc/arm-none-eabi/10.3.1/../../../../arm-none-eabi/lib/thumb/v7-m/nofp\libc.a(lib_a-exit.o)
                              c:/progra~1/gcc-arm-none-eabi-10.3-2021.10/bin/../lib/gcc/arm-none-eabi/10.3.1/../../../../arm-none-eabi/lib/thumb/v7-m/nofp/crt0.o (exit)
c:/progra~1/gcc-arm-none-eabi-10.3-2021.10/bin/../lib/gcc/arm-none-eabi/10.3.1/../../../../arm-none-eabi/lib/thumb/v7-m/nofp\libc.a(lib_a-impure.o)
                              c:/progra~1/gcc-arm-none-eabi-10.3-2021.10/bin/../lib/gcc/arm-none-eabi/10.3.1/../../../../arm-none-eabi/lib/thumb/v7-m/nofp\libc.a(lib_a-exit.o) (_global_impure_ptr)
c:/progra~1/gcc-arm-none-eabi-10.3-2021.10/bin/../lib/gcc/arm-none-eabi/10.3.1/../../../../arm-none-eabi/lib/thumb/v7-m/nofp\libc.a(lib_a-init.o)
                              c:/progra~1/gcc-arm-none-eabi-10.3-2021.10/bin/../lib/gcc/arm-none-eabi/10.3.1/../../../../arm-none-eabi/lib/thumb/v7-m/nofp/crt0.o (__libc_init_array)
c:/progra~1/gcc-arm-none-eabi-10.3-2021.10/bin/../lib/gcc/arm-none-eabi/10.3.1/../../../../arm-none-eabi/lib/thumb/v7-m/nofp\libc.a(lib_a-memcpy.o)
                              CMakeFiles/ZET6_HC_SR04.elf.dir/Middlewares/Third_Party/FreeRTOS/Source/CMSIS_RTOS_V2/cmsis_os2.c.obj (memcpy)
c:/progra~1/gcc-arm-none-eabi-10.3-2021.10/bin/../lib/gcc/arm-none-eabi/10.3.1/../../../../arm-none-eabi/lib/thumb/v7-m/nofp\libc.a(lib_a-memset.o)
                              c:/progra~1/gcc-arm-none-eabi-10.3-2021.10/bin/../lib/gcc/arm-none-eabi/10.3.1/../../../../arm-none-eabi/lib/thumb/v7-m/nofp/crt0.o (memset)
c:/progra~1/gcc-arm-none-eabi-10.3-2021.10/bin/../lib/gcc/arm-none-eabi/10.3.1/../../../../arm-none-eabi/lib/thumb/v7-m/nofp\libc.a(lib_a-__call_atexit.o)
                              c:/progra~1/gcc-arm-none-eabi-10.3-2021.10/bin/../lib/gcc/arm-none-eabi/10.3.1/../../../../arm-none-eabi/lib/thumb/v7-m/nofp\libc.a(lib_a-exit.o) (__call_exitprocs)
c:/progra~1/gcc-arm-none-eabi-10.3-2021.10/bin/../lib/gcc/arm-none-eabi/10.3.1/../../../../arm-none-eabi/lib/thumb/v7-m/nofp\libc.a(lib_a-atexit.o)
                              c:/progra~1/gcc-arm-none-eabi-10.3-2021.10/bin/../lib/gcc/arm-none-eabi/10.3.1/../../../../arm-none-eabi/lib/thumb/v7-m/nofp\libc.a(lib_a-__call_atexit.o) (atexit)
c:/progra~1/gcc-arm-none-eabi-10.3-2021.10/bin/../lib/gcc/arm-none-eabi/10.3.1/../../../../arm-none-eabi/lib/thumb/v7-m/nofp\libc.a(lib_a-fini.o)
                              c:/progra~1/gcc-arm-none-eabi-10.3-2021.10/bin/../lib/gcc/arm-none-eabi/10.3.1/../../../../arm-none-eabi/lib/thumb/v7-m/nofp\libc.a(lib_a-__call_atexit.o) (__libc_fini_array)
c:/progra~1/gcc-arm-none-eabi-10.3-2021.10/bin/../lib/gcc/arm-none-eabi/10.3.1/../../../../arm-none-eabi/lib/thumb/v7-m/nofp\libc.a(lib_a-lock.o)
                              c:/progra~1/gcc-arm-none-eabi-10.3-2021.10/bin/../lib/gcc/arm-none-eabi/10.3.1/../../../../arm-none-eabi/lib/thumb/v7-m/nofp\libc.a(lib_a-__call_atexit.o) (__retarget_lock_acquire_recursive)
c:/progra~1/gcc-arm-none-eabi-10.3-2021.10/bin/../lib/gcc/arm-none-eabi/10.3.1/../../../../arm-none-eabi/lib/thumb/v7-m/nofp\libc.a(lib_a-__atexit.o)
                              c:/progra~1/gcc-arm-none-eabi-10.3-2021.10/bin/../lib/gcc/arm-none-eabi/10.3.1/../../../../arm-none-eabi/lib/thumb/v7-m/nofp\libc.a(lib_a-atexit.o) (__register_exitproc)

Discarded input sections

 .text          0x00000000        0x0 c:/progra~1/gcc-arm-none-eabi-10.3-2021.10/bin/../lib/gcc/arm-none-eabi/10.3.1/thumb/v7-m/nofp/crti.o
 .data          0x00000000        0x0 c:/progra~1/gcc-arm-none-eabi-10.3-2021.10/bin/../lib/gcc/arm-none-eabi/10.3.1/thumb/v7-m/nofp/crti.o
 .bss           0x00000000        0x0 c:/progra~1/gcc-arm-none-eabi-10.3-2021.10/bin/../lib/gcc/arm-none-eabi/10.3.1/thumb/v7-m/nofp/crti.o
 .data          0x00000000        0x4 c:/progra~1/gcc-arm-none-eabi-10.3-2021.10/bin/../lib/gcc/arm-none-eabi/10.3.1/thumb/v7-m/nofp/crtbegin.o
[...]
Memory Configuration

Name             Origin             Length             Attributes
RAM              0x20000000         0x00010000         xrw
FLASH            0x08000000         0x00080000         xr
*default*        0x00000000         0xffffffff

Linker script and memory map

LOAD c:/progra~1/gcc-arm-none-eabi-10.3-2021.10/bin/../lib/gcc/arm-none-eabi/10.3.1/thumb/v7-m/nofp/crti.o
LOAD c:/progra~1/gcc-arm-none-eabi-10.3-2021.10/bin/../lib/gcc/arm-none-eabi/10.3.1/thumb/v7-m/nofp/crtbegin.o
LOAD c:/progra~1/gcc-arm-none-eabi-10.3-2021.10/bin/../lib/gcc/arm-none-eabi/10.3.1/../../../../arm-none-eabi/lib/thumb/v7-m/nofp/crt0.o
LOAD CMakeFiles/ZET6_HC_SR04.elf.dir/Core/Src/freertos.c.obj
LOAD CMakeFiles/ZET6_HC_SR04.elf.dir/Core/Src/gpio.c.obj
LOAD CMakeFiles/ZET6_HC_SR04.elf.dir/Core/Src/main.c.obj
LOAD CMakeFiles/ZET6_HC_SR04.elf.dir/Core/Src/spi.c.obj
LOAD CMakeFiles/ZET6_HC_SR04.elf.dir/Core/Src/stm32f1xx_hal_msp.c.obj
LOAD CMakeFiles/ZET6_HC_SR04.elf.dir/Core/Src/stm32f1xx_hal_timebase_tim.c.obj
LOAD CMakeFiles/ZET6_HC_SR04.elf.dir/Core/Src/stm32f1xx_it.c.obj
LOAD CMakeFiles/ZET6_HC_SR04.elf.dir/Core/Src/syscalls.c.obj
LOAD CMakeFiles/ZET6_HC_SR04.elf.dir/Core/Src/sysmem.c.obj
LOAD CMakeFiles/ZET6_HC_SR04.elf.dir/Core/Src/system_stm32f1xx.c.obj
LOAD CMakeFiles/ZET6_HC_SR04.elf.dir/Core/Startup/startup_stm32f103zetx.s.obj
LOAD CMakeFiles/ZET6_HC_SR04.elf.dir/Drivers/LCD_240_280/Src/lcd.c.obj
LOAD CMakeFiles/ZET6_HC_SR04.elf.dir/Drivers/LCD_240_280/Src/lcd_interface.c.obj
LOAD CMakeFiles/ZET6_HC_SR04.elf.dir/Drivers/STM32F1xx_HAL_Driver/Src/stm32f1xx_hal.c.obj
LOAD CMakeFiles/ZET6_HC_SR04.elf.dir/Drivers/STM32F1xx_HAL_Driver/Src/stm32f1xx_hal_cortex.c.obj
LOAD CMakeFiles/ZET6_HC_SR04.elf.dir/Drivers/STM32F1xx_HAL_Driver/Src/stm32f1xx_hal_dma.c.obj
LOAD CMakeFiles/ZET6_HC_SR04.elf.dir/Drivers/STM32F1xx_HAL_Driver/Src/stm32f1xx_hal_exti.c.obj
LOAD CMakeFiles/ZET6_HC_SR04.elf.dir/Drivers/STM32F1xx_HAL_Driver/Src/stm32f1xx_hal_flash.c.obj
LOAD CMakeFiles/ZET6_HC_SR04.elf.dir/Drivers/STM32F1xx_HAL_Driver/Src/stm32f1xx_hal_flash_ex.c.obj
LOAD CMakeFiles/ZET6_HC_SR04.elf.dir/Drivers/STM32F1xx_HAL_Driver/Src/stm32f1xx_hal_gpio.c.obj
LOAD CMakeFiles/ZET6_HC_SR04.elf.dir/Drivers/STM32F1xx_HAL_Driver/Src/stm32f1xx_hal_gpio_ex.c.obj
LOAD CMakeFiles/ZET6_HC_SR04.elf.dir/Drivers/STM32F1xx_HAL_Driver/Src/stm32f1xx_hal_pwr.c.obj
LOAD CMakeFiles/ZET6_HC_SR04.elf.dir/Drivers/STM32F1xx_HAL_Driver/Src/stm32f1xx_hal_rcc.c.obj
LOAD CMakeFiles/ZET6_HC_SR04.elf.dir/Drivers/STM32F1xx_HAL_Driver/Src/stm32f1xx_hal_rcc_ex.c.obj
LOAD CMakeFiles/ZET6_HC_SR04.elf.dir/Drivers/STM32F1xx_HAL_Driver/Src/stm32f1xx_hal_spi.c.obj
LOAD CMakeFiles/ZET6_HC_SR04.elf.dir/Drivers/STM32F1xx_HAL_Driver/Src/stm32f1xx_hal_tim.c.obj
LOAD CMakeFiles/ZET6_HC_SR04.elf.dir/Drivers/STM32F1xx_HAL_Driver/Src/stm32f1xx_hal_tim_ex.c.obj
LOAD CMakeFiles/ZET6_HC_SR04.elf.dir/Middlewares/Third_Party/FreeRTOS/Source/CMSIS_RTOS_V2/cmsis_os2.c.obj
LOAD CMakeFiles/ZET6_HC_SR04.elf.dir/Middlewares/Third_Party/FreeRTOS/Source/croutine.c.obj
LOAD CMakeFiles/ZET6_HC_SR04.elf.dir/Middlewares/Third_Party/FreeRTOS/Source/event_groups.c.obj
LOAD CMakeFiles/ZET6_HC_SR04.elf.dir/Middlewares/Third_Party/FreeRTOS/Source/list.c.obj
LOAD CMakeFiles/ZET6_HC_SR04.elf.dir/Middlewares/Third_Party/FreeRTOS/Source/portable/GCC/ARM_CM3/port.c.obj
LOAD CMakeFiles/ZET6_HC_SR04.elf.dir/Middlewares/Third_Party/FreeRTOS/Source/portable/MemMang/heap_4.c.obj
LOAD CMakeFiles/ZET6_HC_SR04.elf.dir/Middlewares/Third_Party/FreeRTOS/Source/queue.c.obj
LOAD CMakeFiles/ZET6_HC_SR04.elf.dir/Middlewares/Third_Party/FreeRTOS/Source/stream_buffer.c.obj
LOAD CMakeFiles/ZET6_HC_SR04.elf.dir/Middlewares/Third_Party/FreeRTOS/Source/tasks.c.obj
LOAD CMakeFiles/ZET6_HC_SR04.elf.dir/Middlewares/Third_Party/FreeRTOS/Source/timers.c.obj
START GROUP
LOAD c:/progra~1/gcc-arm-none-eabi-10.3-2021.10/bin/../lib/gcc/arm-none-eabi/10.3.1/thumb/v7-m/nofp\libgcc.a
LOAD c:/progra~1/gcc-arm-none-eabi-10.3-2021.10/bin/../lib/gcc/arm-none-eabi/10.3.1/../../../../arm-none-eabi/lib/thumb/v7-m/nofp\libc.a
END GROUP
LOAD c:/progra~1/gcc-arm-none-eabi-10.3-2021.10/bin/../lib/gcc/arm-none-eabi/10.3.1/thumb/v7-m/nofp/crtend.o
LOAD c:/progra~1/gcc-arm-none-eabi-10.3-2021.10/bin/../lib/gcc/arm-none-eabi/10.3.1/thumb/v7-m/nofp/crtn.o
                0x20010000                _estack = (ORIGIN (RAM) + LENGTH (RAM))
                0x00000200                _Min_Heap_Size = 0x200
                0x00000400                _Min_Stack_Size = 0x400

.isr_vector     0x08000000      0x1e4
                0x08000000                . = ALIGN (0x4)
 *(.isr_vector)
 .isr_vector    0x08000000      0x1e4 CMakeFiles/ZET6_HC_SR04.elf.dir/Core/Startup/startup_stm32f103zetx.s.obj
                0x08000000                g_pfnVectors
                0x080001e4                . = ALIGN (0x4)

.text           0x080001f0     0x39cc
                0x080001f0                . = ALIGN (0x4)
 *(.text)
 .text          0x080001f0       0x40 c:/progra~1/gcc-arm-none-eabi-10.3-2021.10/bin/../lib/gcc/arm-none-eabi/10.3.1/thumb/v7-m/nofp/crtbegin.o
 .text          0x08000230       0xec c:/progra~1/gcc-arm-none-eabi-10.3-2021.10/bin/../lib/gcc/arm-none-eabi/10.3.1/../../../../arm-none-eabi/lib/thumb/v7-m/nofp\libc.a(lib_a-memcpy.o)
                0x08000230                memcpy
 *(.text*)
 .text.APPTask_Main
                0x0800031c        0xa CMakeFiles/ZET6_HC_SR04.elf.dir/Core/Src/freertos.c.obj
                0x0800031c                APPTask_Main
 *fill*         0x08000326        0x2 
 .text.APP_LCDTask
                0x08000328       0x34 CMakeFiles/ZET6_HC_SR04.elf.dir/Core/Src/freertos.c.obj
                0x08000328                APP_LCDTask
 .text.APP_LEDTask
                0x0800035c       0x5c CMakeFiles/ZET6_HC_SR04.elf.dir/Core/Src/freertos.c.obj
                0x0800035c                APP_LEDTask
 .text.APP_SR04Task
                0x080003b8       0x60 CMakeFiles/ZET6_HC_SR04.elf.dir/Core/Src/freertos.c.obj
                0x080003b8                APP_SR04Task
 .text.MX_FREERTOS_Init
                0x08000418       0x6c CMakeFiles/ZET6_HC_SR04.elf.dir/Core/Src/freertos.c.obj
                0x08000418                MX_FREERTOS_Init
 .text.MX_GPIO_Init
                0x08000484       0x30 CMakeFiles/ZET6_HC_SR04.elf.dir/Core/Src/gpio.c.obj
                0x08000484                MX_GPIO_Init
 .text.HAL_TIM_PeriodElapsedCallback
                0x080004b4       0x18 CMakeFiles/ZET6_HC_SR04.elf.dir/Core/Src/main.c.obj
                0x080004b4                HAL_TIM_PeriodElapsedCallback
 .text.Error_Handler
                0x080004cc        0x4 CMakeFiles/ZET6_HC_SR04.elf.dir/Core/Src/main.c.obj
                0x080004cc                Error_Handler
 .text.SystemClock_Config
                0x080004d0       0x64 CMakeFiles/ZET6_HC_SR04.elf.dir/Core/Src/main.c.obj
                0x080004d0                SystemClock_Config
 .text.main     0x08000534       0x20 CMakeFiles/ZET6_HC_SR04.elf.dir/Core/Src/main.c.obj
                0x08000534                main
 .text.MX_SPI1_Init
                0x08000554       0x44 CMakeFiles/ZET6_HC_SR04.elf.dir/Core/Src/spi.c.obj
                0x08000554                MX_SPI1_Init
 .text.HAL_SPI_MspInit
                0x08000598       0x64 CMakeFiles/ZET6_HC_SR04.elf.dir/Core/Src/spi.c.obj
                0x08000598                HAL_SPI_MspInit
 .text.HAL_MspInit
                0x080005fc       0x54 CMakeFiles/ZET6_HC_SR04.elf.dir/Core/Src/stm32f1xx_hal_msp.c.obj
                0x080005fc                HAL_MspInit
 .text.HAL_InitTick
                0x08000650       0xa0 CMakeFiles/ZET6_HC_SR04.elf.dir/Core/Src/stm32f1xx_hal_timebase_tim.c.obj
                0x08000650                HAL_InitTick
 .text.NMI_Handler
                0x080006f0        0x2 CMakeFiles/ZET6_HC_SR04.elf.dir/Core/Src/stm32f1xx_it.c.obj
                0x080006f0                NMI_Handler
 .text.HardFault_Handler
                0x080006f2        0x2 CMakeFiles/ZET6_HC_SR04.elf.dir/Core/Src/stm32f1xx_it.c.obj
                0x080006f2                HardFault_Handler
 .text.MemManage_Handler
                0x080006f4        0x2 CMakeFiles/ZET6_HC_SR04.elf.dir/Core/Src/stm32f1xx_it.c.obj
                0x080006f4                MemManage_Handler
 .text.BusFault_Handler
                0x080006f6        0x2 CMakeFiles/ZET6_HC_SR04.elf.dir/Core/Src/stm32f1xx_it.c.obj
                0x080006f6                BusFault_Handler
 .text.UsageFault_Handler
                0x080006f8        0x2 CMakeFiles/ZET6_HC_SR04.elf.dir/Core/Src/stm32f1xx_it.c.obj
                0x080006f8                UsageFault_Handler
 .text.DebugMon_Handler
                0x080006fa        0x2 CMakeFiles/ZET6_HC_SR04.elf.dir/Core/Src/stm32f1xx_it.c.obj
                0x080006fa                DebugMon_Handler
 .text.TIM6_IRQHandler
                0x080006fc       0x10 CMakeFiles/ZET6_HC_SR04.elf.dir/Core/Src/stm32f1xx_it.c.obj
                0x080006fc                TIM6_IRQHandler
 .text.SystemInit
                0x0800070c        0x2 CMakeFiles/ZET6_HC_SR04.elf.dir/Core/Src/system_stm32f1xx.c.obj
                0x0800070c                SystemInit
 *fill*         0x0800070e        0x2 
 .text.Reset_Handler
                0x08000710       0x48 CMakeFiles/ZET6_HC_SR04.elf.dir/Core/Startup/startup_stm32f103zetx.s.obj
                0x08000710                Reset_Handler
 .text.Default_Handler
                0x08000758        0x2 CMakeFiles/ZET6_HC_SR04.elf.dir/Core/Startup/startup_stm32f103zetx.s.obj
                0x08000758                RTC_Alarm_IRQHandler
                0x08000758                EXTI2_IRQHandler
                0x08000758                TIM8_TRG_COM_IRQHandler
                0x08000758                TIM8_CC_IRQHandler
                0x08000758                TIM1_CC_IRQHandler
                0x08000758                PVD_IRQHandler
                0x08000758                SDIO_IRQHandler
                0x08000758                EXTI3_IRQHandler
                0x08000758                EXTI0_IRQHandler
                0x08000758                I2C2_EV_IRQHandler
                0x08000758                ADC1_2_IRQHandler
                0x08000758                SPI1_IRQHandler
                0x08000758                TAMPER_IRQHandler
                0x08000758                TIM8_UP_IRQHandler
                0x08000758                DMA2_Channel2_IRQHandler
                0x08000758                DMA1_Channel4_IRQHandler
                0x08000758                USART3_IRQHandler
                0x08000758                RTC_IRQHandler
                0x08000758                DMA1_Channel7_IRQHandler
                0x08000758                CAN1_RX1_IRQHandler
                0x08000758                UART5_IRQHandler
                0x08000758                ADC3_IRQHandler
                0x08000758                TIM4_IRQHandler
                0x08000758                DMA2_Channel1_IRQHandler
                0x08000758                I2C1_EV_IRQHandler
                0x08000758                DMA1_Channel6_IRQHandler
                0x08000758                UART4_IRQHandler
                0x08000758                TIM3_IRQHandler
                0x08000758                RCC_IRQHandler
                0x08000758                TIM1_TRG_COM_IRQHandler
                0x08000758                DMA1_Channel1_IRQHandler
                0x08000758                Default_Handler
                0x08000758                EXTI15_10_IRQHandler
                0x08000758                TIM7_IRQHandler
                0x08000758                TIM5_IRQHandler
                0x08000758                EXTI9_5_IRQHandler
                0x08000758                SPI2_IRQHandler
                0x08000758                DMA1_Channel5_IRQHandler
                0x08000758                EXTI4_IRQHandler
                0x08000758                USB_LP_CAN1_RX0_IRQHandler
                0x08000758                USB_HP_CAN1_TX_IRQHandler
                0x08000758                DMA1_Channel3_IRQHandler
                0x08000758                FSMC_IRQHandler
                0x08000758                TIM1_UP_IRQHandler
                0x08000758                WWDG_IRQHandler
                0x08000758                TIM2_IRQHandler
                0x08000758                TIM1_BRK_IRQHandler
                0x08000758                EXTI1_IRQHandler
                0x08000758                DMA2_Channel4_5_IRQHandler
                0x08000758                USART2_IRQHandler
                0x08000758                I2C2_ER_IRQHandler
                0x08000758                DMA1_Channel2_IRQHandler
                0x08000758                TIM8_BRK_IRQHandler
                0x08000758                CAN1_SCE_IRQHandler
                0x08000758                FLASH_IRQHandler
                0x08000758                USART1_IRQHandler
                0x08000758                SPI3_IRQHandler
                0x08000758                I2C1_ER_IRQHandler
                0x08000758                USBWakeUp_IRQHandler
                0x08000758                DMA2_Channel3_IRQHandler
 .text.LCD_Write8BitData
                0x0800075a        0x8 CMakeFiles/ZET6_HC_SR04.elf.dir/Drivers/LCD_240_280/Src/lcd.c.obj
                0x0800075a                LCD_Write8BitData
 .text.LCD_Write16BitData
                0x08000762        0x8 CMakeFiles/ZET6_HC_SR04.elf.dir/Drivers/LCD_240_280/Src/lcd.c.obj
                0x08000762                LCD_Write16BitData
 .text.LCD_WriteCommand
                0x0800076a       0x14 CMakeFiles/ZET6_HC_SR04.elf.dir/Drivers/LCD_240_280/Src/lcd.c.obj
                0x0800076a                LCD_WriteCommand
 .text.LCD_Delayms
                0x0800077e        0x8 CMakeFiles/ZET6_HC_SR04.elf.dir/Drivers/LCD_240_280/Src/lcd.c.obj
                0x0800077e                LCD_Delayms
 .text.LCD_Address_Set
                0x08000786       0x3e CMakeFiles/ZET6_HC_SR04.elf.dir/Drivers/LCD_240_280/Src/lcd.c.obj
                0x08000786                LCD_Address_Set
 .text.LCD_Fill
                0x080007c4       0x3c CMakeFiles/ZET6_HC_SR04.elf.dir/Drivers/LCD_240_280/Src/lcd.c.obj
                0x080007c4                LCD_Fill
 .text.LCD_DrawPoint
                0x08000800       0x14 CMakeFiles/ZET6_HC_SR04.elf.dir/Drivers/LCD_240_280/Src/lcd.c.obj
                0x08000800                LCD_DrawPoint
 .text.LCD_ShowChar
                0x08000814      0x140 CMakeFiles/ZET6_HC_SR04.elf.dir/Drivers/LCD_240_280/Src/lcd.c.obj
                0x08000814                LCD_ShowChar
 .text.LCD_ShowString
                0x08000954       0x44 CMakeFiles/ZET6_HC_SR04.elf.dir/Drivers/LCD_240_280/Src/lcd.c.obj
                0x08000954                LCD_ShowString
 .text.LCD_Init
                0x08000998      0x19e CMakeFiles/ZET6_HC_SR04.elf.dir/Drivers/LCD_240_280/Src/lcd.c.obj
                0x08000998                LCD_Init
 *fill*         0x08000b36        0x2 
 .text.lcd_interface_gpio_init
                0x08000b38       0xcc CMakeFiles/ZET6_HC_SR04.elf.dir/Drivers/LCD_240_280/Src/lcd_interface.c.obj
                0x08000b38                lcd_interface_gpio_init
 .text.lcd_interface_delayms
                0x08000c04        0x8 CMakeFiles/ZET6_HC_SR04.elf.dir/Drivers/LCD_240_280/Src/lcd_interface.c.obj
                0x08000c04                lcd_interface_delayms
 .text.lcd_interface_res_clr
                0x08000c0c       0x14 CMakeFiles/ZET6_HC_SR04.elf.dir/Drivers/LCD_240_280/Src/lcd_interface.c.obj
                0x08000c0c                lcd_interface_res_clr
 .text.lcd_interface_res_set
                0x08000c20       0x14 CMakeFiles/ZET6_HC_SR04.elf.dir/Drivers/LCD_240_280/Src/lcd_interface.c.obj
                0x08000c20                lcd_interface_res_set
 .text.lcd_interface_dc_lcr
                0x08000c34       0x14 CMakeFiles/ZET6_HC_SR04.elf.dir/Drivers/LCD_240_280/Src/lcd_interface.c.obj
                0x08000c34                lcd_interface_dc_lcr
 .text.lcd_interface_dc_set
                0x08000c48       0x14 CMakeFiles/ZET6_HC_SR04.elf.dir/Drivers/LCD_240_280/Src/lcd_interface.c.obj
                0x08000c48                lcd_interface_dc_set
 .text.lcd_interface_cs_clr
                0x08000c5c       0x14 CMakeFiles/ZET6_HC_SR04.elf.dir/Drivers/LCD_240_280/Src/lcd_interface.c.obj
                0x08000c5c                lcd_interface_cs_clr
 .text.lcd_interface_cs_set
                0x08000c70       0x14 CMakeFiles/ZET6_HC_SR04.elf.dir/Drivers/LCD_240_280/Src/lcd_interface.c.obj
                0x08000c70                lcd_interface_cs_set
 .text.lcd_interface_write_8bit_data
                0x08000c84       0x28 CMakeFiles/ZET6_HC_SR04.elf.dir/Drivers/LCD_240_280/Src/lcd_interface.c.obj
                0x08000c84                lcd_interface_write_8bit_data
 .text.lcd_interface_write_16bit_data
                0x08000cac       0x2c CMakeFiles/ZET6_HC_SR04.elf.dir/Drivers/LCD_240_280/Src/lcd_interface.c.obj
                0x08000cac                lcd_interface_write_16bit_data
 .text.lcd_interface_blk_set
                0x08000cd8       0x14 CMakeFiles/ZET6_HC_SR04.elf.dir/Drivers/LCD_240_280/Src/lcd_interface.c.obj
                0x08000cd8                lcd_interface_blk_set
 .text.HAL_Init
                0x08000cec       0x24 CMakeFiles/ZET6_HC_SR04.elf.dir/Drivers/STM32F1xx_HAL_Driver/Src/stm32f1xx_hal.c.obj
                0x08000cec                HAL_Init
 .text.HAL_IncTick
                0x08000d10       0x18 CMakeFiles/ZET6_HC_SR04.elf.dir/Drivers/STM32F1xx_HAL_Driver/Src/stm32f1xx_hal.c.obj
                0x08000d10                HAL_IncTick
 .text.HAL_GetTick
                0x08000d28        0xc CMakeFiles/ZET6_HC_SR04.elf.dir/Drivers/STM32F1xx_HAL_Driver/Src/stm32f1xx_hal.c.obj
                0x08000d28                HAL_GetTick
 .text.HAL_Delay
                0x08000d34       0x28 CMakeFiles/ZET6_HC_SR04.elf.dir/Drivers/STM32F1xx_HAL_Driver/Src/stm32f1xx_hal.c.obj
                0x08000d34                HAL_Delay
 .text.HAL_NVIC_SetPriorityGrouping
                0x08000d5c       0x24 CMakeFiles/ZET6_HC_SR04.elf.dir/Drivers/STM32F1xx_HAL_Driver/Src/stm32f1xx_hal_cortex.c.obj
                0x08000d5c                HAL_NVIC_SetPriorityGrouping
 .text.HAL_NVIC_SetPriority
                0x08000d80       0x70 CMakeFiles/ZET6_HC_SR04.elf.dir/Drivers/STM32F1xx_HAL_Driver/Src/stm32f1xx_hal_cortex.c.obj
                0x08000d80                HAL_NVIC_SetPriority
 .text.HAL_NVIC_EnableIRQ
                0x08000df0       0x1c CMakeFiles/ZET6_HC_SR04.elf.dir/Drivers/STM32F1xx_HAL_Driver/Src/stm32f1xx_hal_cortex.c.obj
                0x08000df0                HAL_NVIC_EnableIRQ
 .text.HAL_GPIO_Init
                0x08000e0c      0x240 CMakeFiles/ZET6_HC_SR04.elf.dir/Drivers/STM32F1xx_HAL_Driver/Src/stm32f1xx_hal_gpio.c.obj
                0x08000e0c                HAL_GPIO_Init
 .text.HAL_GPIO_WritePin
                0x0800104c        0xc CMakeFiles/ZET6_HC_SR04.elf.dir/Drivers/STM32F1xx_HAL_Driver/Src/stm32f1xx_hal_gpio.c.obj
                0x0800104c                HAL_GPIO_WritePin
 .text.HAL_GPIO_TogglePin
                0x08001058       0x12 CMakeFiles/ZET6_HC_SR04.elf.dir/Drivers/STM32F1xx_HAL_Driver/Src/stm32f1xx_hal_gpio.c.obj
                0x08001058                HAL_GPIO_TogglePin
 *fill*         0x0800106a        0x2 
 .text.RCC_Delay
                0x0800106c       0x2c CMakeFiles/ZET6_HC_SR04.elf.dir/Drivers/STM32F1xx_HAL_Driver/Src/stm32f1xx_hal_rcc.c.obj
 .text.HAL_RCC_OscConfig
                0x08001098      0x410 CMakeFiles/ZET6_HC_SR04.elf.dir/Drivers/STM32F1xx_HAL_Driver/Src/stm32f1xx_hal_rcc.c.obj
                0x08001098                HAL_RCC_OscConfig
 .text.HAL_RCC_GetSysClockFreq
                0x080014a8       0x54 CMakeFiles/ZET6_HC_SR04.elf.dir/Drivers/STM32F1xx_HAL_Driver/Src/stm32f1xx_hal_rcc.c.obj
                0x080014a8                HAL_RCC_GetSysClockFreq
 .text.HAL_RCC_ClockConfig
                0x080014fc      0x16c CMakeFiles/ZET6_HC_SR04.elf.dir/Drivers/STM32F1xx_HAL_Driver/Src/stm32f1xx_hal_rcc.c.obj
                0x080014fc                HAL_RCC_ClockConfig
 .text.HAL_RCC_GetHCLKFreq
                0x08001668        0xc CMakeFiles/ZET6_HC_SR04.elf.dir/Drivers/STM32F1xx_HAL_Driver/Src/stm32f1xx_hal_rcc.c.obj
                0x08001668                HAL_RCC_GetHCLKFreq
 .text.HAL_RCC_GetPCLK1Freq
                0x08001674       0x20 CMakeFiles/ZET6_HC_SR04.elf.dir/Drivers/STM32F1xx_HAL_Driver/Src/stm32f1xx_hal_rcc.c.obj
                0x08001674                HAL_RCC_GetPCLK1Freq
 .text.HAL_RCC_GetClockConfig
                0x08001694       0x3c CMakeFiles/ZET6_HC_SR04.elf.dir/Drivers/STM32F1xx_HAL_Driver/Src/stm32f1xx_hal_rcc.c.obj
                0x08001694                HAL_RCC_GetClockConfig
 .text.SPI_WaitFlagStateUntilTimeout
                0x080016d0       0xd4 CMakeFiles/ZET6_HC_SR04.elf.dir/Drivers/STM32F1xx_HAL_Driver/Src/stm32f1xx_hal_spi.c.obj
 .text.SPI_EndRxTxTransaction
                0x080017a4       0x24 CMakeFiles/ZET6_HC_SR04.elf.dir/Drivers/STM32F1xx_HAL_Driver/Src/stm32f1xx_hal_spi.c.obj
 .text.HAL_SPI_Init
                0x080017c8       0xb6 CMakeFiles/ZET6_HC_SR04.elf.dir/Drivers/STM32F1xx_HAL_Driver/Src/stm32f1xx_hal_spi.c.obj
                0x080017c8                HAL_SPI_Init
 .text.HAL_SPI_Transmit
                0x0800187e      0x1b8 CMakeFiles/ZET6_HC_SR04.elf.dir/Drivers/STM32F1xx_HAL_Driver/Src/stm32f1xx_hal_spi.c.obj
                0x0800187e                HAL_SPI_Transmit
 .text.HAL_TIM_Base_MspInit
                0x08001a36        0x2 CMakeFiles/ZET6_HC_SR04.elf.dir/Drivers/STM32F1xx_HAL_Driver/Src/stm32f1xx_hal_tim.c.obj
                0x08001a36                HAL_TIM_Base_MspInit
 .text.HAL_TIM_Base_Start_IT
                0x08001a38       0x78 CMakeFiles/ZET6_HC_SR04.elf.dir/Drivers/STM32F1xx_HAL_Driver/Src/stm32f1xx_hal_tim.c.obj
                0x08001a38                HAL_TIM_Base_Start_IT
 .text.HAL_TIM_OC_DelayElapsedCallback
                0x08001ab0        0x2 CMakeFiles/ZET6_HC_SR04.elf.dir/Drivers/STM32F1xx_HAL_Driver/Src/stm32f1xx_hal_tim.c.obj
                0x08001ab0                HAL_TIM_OC_DelayElapsedCallback
 .text.HAL_TIM_IC_CaptureCallback
                0x08001ab2        0x2 CMakeFiles/ZET6_HC_SR04.elf.dir/Drivers/STM32F1xx_HAL_Driver/Src/stm32f1xx_hal_tim.c.obj
                0x08001ab2                HAL_TIM_IC_CaptureCallback
 .text.HAL_TIM_PWM_PulseFinishedCallback
                0x08001ab4        0x2 CMakeFiles/ZET6_HC_SR04.elf.dir/Drivers/STM32F1xx_HAL_Driver/Src/stm32f1xx_hal_tim.c.obj
                0x08001ab4                HAL_TIM_PWM_PulseFinishedCallback
 .text.HAL_TIM_TriggerCallback
                0x08001ab6        0x2 CMakeFiles/ZET6_HC_SR04.elf.dir/Drivers/STM32F1xx_HAL_Driver/Src/stm32f1xx_hal_tim.c.obj
                0x08001ab6                HAL_TIM_TriggerCallback
 .text.HAL_TIM_IRQHandler
                0x08001ab8      0x17a CMakeFiles/ZET6_HC_SR04.elf.dir/Drivers/STM32F1xx_HAL_Driver/Src/stm32f1xx_hal_tim.c.obj
                0x08001ab8                HAL_TIM_IRQHandler
 *fill*         0x08001c32        0x2 
 .text.TIM_Base_SetConfig
                0x08001c34       0x98 CMakeFiles/ZET6_HC_SR04.elf.dir/Drivers/STM32F1xx_HAL_Driver/Src/stm32f1xx_hal_tim.c.obj
                0x08001c34                TIM_Base_SetConfig
 .text.HAL_TIM_Base_Init
                0x08001ccc       0x58 CMakeFiles/ZET6_HC_SR04.elf.dir/Drivers/STM32F1xx_HAL_Driver/Src/stm32f1xx_hal_tim.c.obj
                0x08001ccc                HAL_TIM_Base_Init
 .text.HAL_TIMEx_CommutCallback
                0x08001d24        0x2 CMakeFiles/ZET6_HC_SR04.elf.dir/Drivers/STM32F1xx_HAL_Driver/Src/stm32f1xx_hal_tim_ex.c.obj
                0x08001d24                HAL_TIMEx_CommutCallback
 .text.HAL_TIMEx_BreakCallback
                0x08001d26        0x2 CMakeFiles/ZET6_HC_SR04.elf.dir/Drivers/STM32F1xx_HAL_Driver/Src/stm32f1xx_hal_tim_ex.c.obj
                0x08001d26                HAL_TIMEx_BreakCallback
 .text.osKernelInitialize
                0x08001d28       0x44 CMakeFiles/ZET6_HC_SR04.elf.dir/Middlewares/Third_Party/FreeRTOS/Source/CMSIS_RTOS_V2/cmsis_os2.c.obj
                0x08001d28                osKernelInitialize
 .text.osKernelStart
                0x08001d6c       0x4c CMakeFiles/ZET6_HC_SR04.elf.dir/Middlewares/Third_Party/FreeRTOS/Source/CMSIS_RTOS_V2/cmsis_os2.c.obj
                0x08001d6c                osKernelStart
 .text.osThreadNew
                0x08001db8       0xec CMakeFiles/ZET6_HC_SR04.elf.dir/Middlewares/Third_Party/FreeRTOS/Source/CMSIS_RTOS_V2/cmsis_os2.c.obj
                0x08001db8                osThreadNew
 .text.vApplicationGetIdleTaskMemory
                0x08001ea4       0x18 CMakeFiles/ZET6_HC_SR04.elf.dir/Middlewares/Third_Party/FreeRTOS/Source/CMSIS_RTOS_V2/cmsis_os2.c.obj
                0x08001ea4                vApplicationGetIdleTaskMemory
 .text.vApplicationGetTimerTaskMemory
                0x08001ebc       0x18 CMakeFiles/ZET6_HC_SR04.elf.dir/Middlewares/Third_Party/FreeRTOS/Source/CMSIS_RTOS_V2/cmsis_os2.c.obj
                0x08001ebc                vApplicationGetTimerTaskMemory
 .text.vListInitialise
                0x08001ed4       0x16 CMakeFiles/ZET6_HC_SR04.elf.dir/Middlewares/Third_Party/FreeRTOS/Source/list.c.obj
                0x08001ed4                vListInitialise
 .text.vListInitialiseItem
                0x08001eea        0x6 CMakeFiles/ZET6_HC_SR04.elf.dir/Middlewares/Third_Party/FreeRTOS/Source/list.c.obj
                0x08001eea                vListInitialiseItem
 .text.vListInsertEnd
                0x08001ef0       0x16 CMakeFiles/ZET6_HC_SR04.elf.dir/Middlewares/Third_Party/FreeRTOS/Source/list.c.obj
                0x08001ef0                vListInsertEnd
 .text.vListInsert
                0x08001f06       0x32 CMakeFiles/ZET6_HC_SR04.elf.dir/Middlewares/Third_Party/FreeRTOS/Source/list.c.obj
                0x08001f06                vListInsert
 .text.uxListRemove
                0x08001f38       0x26 CMakeFiles/ZET6_HC_SR04.elf.dir/Middlewares/Third_Party/FreeRTOS/Source/list.c.obj
                0x08001f38                uxListRemove
 *fill*         0x08001f5e        0x2 
 .text.prvTaskExitError
                0x08001f60       0x40 CMakeFiles/ZET6_HC_SR04.elf.dir/Middlewares/Third_Party/FreeRTOS/Source/portable/GCC/ARM_CM3/port.c.obj
 .text.prvPortStartFirstTask
                0x08001fa0       0x20 CMakeFiles/ZET6_HC_SR04.elf.dir/Middlewares/Third_Party/FreeRTOS/Source/portable/GCC/ARM_CM3/port.c.obj
 .text.pxPortInitialiseStack
                0x08001fc0       0x24 CMakeFiles/ZET6_HC_SR04.elf.dir/Middlewares/Third_Party/FreeRTOS/Source/portable/GCC/ARM_CM3/port.c.obj
                0x08001fc0                pxPortInitialiseStack
 *fill*         0x08001fe4        0xc 
 .text.SVC_Handler
                0x08001ff0       0x24 CMakeFiles/ZET6_HC_SR04.elf.dir/Middlewares/Third_Party/FreeRTOS/Source/portable/GCC/ARM_CM3/port.c.obj
                0x08001ff0                SVC_Handler
 .text.vPortEnterCritical
                0x08002014       0x44 CMakeFiles/ZET6_HC_SR04.elf.dir/Middlewares/Third_Party/FreeRTOS/Source/portable/GCC/ARM_CM3/port.c.obj
                0x08002014                vPortEnterCritical
 .text.vPortExitCritical
                0x08002058       0x2c CMakeFiles/ZET6_HC_SR04.elf.dir/Middlewares/Third_Party/FreeRTOS/Source/portable/GCC/ARM_CM3/port.c.obj
                0x08002058                vPortExitCritical
 *fill*         0x08002084        0xc 
 .text.PendSV_Handler
                0x08002090       0x44 CMakeFiles/ZET6_HC_SR04.elf.dir/Middlewares/Third_Party/FreeRTOS/Source/portable/GCC/ARM_CM3/port.c.obj
                0x08002090                PendSV_Handler
 .text.SysTick_Handler
                0x080020d4       0x2c CMakeFiles/ZET6_HC_SR04.elf.dir/Middlewares/Third_Party/FreeRTOS/Source/portable/GCC/ARM_CM3/port.c.obj
                0x080020d4                SysTick_Handler
 .text.vPortSetupTimerInterrupt
                0x08002100       0x28 CMakeFiles/ZET6_HC_SR04.elf.dir/Middlewares/Third_Party/FreeRTOS/Source/portable/GCC/ARM_CM3/port.c.obj
                0x08002100                vPortSetupTimerInterrupt
 .text.xPortStartScheduler
                0x08002128       0xc0 CMakeFiles/ZET6_HC_SR04.elf.dir/Middlewares/Third_Party/FreeRTOS/Source/portable/GCC/ARM_CM3/port.c.obj
                0x08002128                xPortStartScheduler
 .text.vPortValidateInterruptPriority
                0x080021e8       0x5c CMakeFiles/ZET6_HC_SR04.elf.dir/Middlewares/Third_Party/FreeRTOS/Source/portable/GCC/ARM_CM3/port.c.obj
                0x080021e8                vPortValidateInterruptPriority
 .text.prvHeapInit
                0x08002244       0x64 CMakeFiles/ZET6_HC_SR04.elf.dir/Middlewares/Third_Party/FreeRTOS/Source/portable/MemMang/heap_4.c.obj
 .text.prvInsertBlockIntoFreeList
                0x080022a8       0x60 CMakeFiles/ZET6_HC_SR04.elf.dir/Middlewares/Third_Party/FreeRTOS/Source/portable/MemMang/heap_4.c.obj
 .text.pvPortMalloc
                0x08002308       0xf0 CMakeFiles/ZET6_HC_SR04.elf.dir/Middlewares/Third_Party/FreeRTOS/Source/portable/MemMang/heap_4.c.obj
                0x08002308                pvPortMalloc
 .text.vPortFree
                0x080023f8       0x70 CMakeFiles/ZET6_HC_SR04.elf.dir/Middlewares/Third_Party/FreeRTOS/Source/portable/MemMang/heap_4.c.obj
                0x080023f8                vPortFree
 .text.prvIsQueueFull
                0x08002468       0x1e CMakeFiles/ZET6_HC_SR04.elf.dir/Middlewares/Third_Party/FreeRTOS/Source/queue.c.obj
 .text.prvIsQueueEmpty
                0x08002486       0x1a CMakeFiles/ZET6_HC_SR04.elf.dir/Middlewares/Third_Party/FreeRTOS/Source/queue.c.obj
 .text.prvCopyDataToQueue
                0x080024a0       0x76 CMakeFiles/ZET6_HC_SR04.elf.dir/Middlewares/Third_Party/FreeRTOS/Source/queue.c.obj
 .text.prvCopyDataFromQueue
                0x08002516       0x24 CMakeFiles/ZET6_HC_SR04.elf.dir/Middlewares/Third_Party/FreeRTOS/Source/queue.c.obj
 .text.prvUnlockQueue
                0x0800253a       0x6e CMakeFiles/ZET6_HC_SR04.elf.dir/Middlewares/Third_Party/FreeRTOS/Source/queue.c.obj
 .text.xQueueGenericReset
                0x080025a8       0x84 CMakeFiles/ZET6_HC_SR04.elf.dir/Middlewares/Third_Party/FreeRTOS/Source/queue.c.obj
                0x080025a8                xQueueGenericReset
 .text.prvInitialiseNewQueue
                0x0800262c       0x22 CMakeFiles/ZET6_HC_SR04.elf.dir/Middlewares/Third_Party/FreeRTOS/Source/queue.c.obj
 .text.xQueueGenericCreateStatic
                0x0800264e       0x92 CMakeFiles/ZET6_HC_SR04.elf.dir/Middlewares/Third_Party/FreeRTOS/Source/queue.c.obj
                0x0800264e                xQueueGenericCreateStatic
 .text.xQueueGenericSend
                0x080026e0      0x188 CMakeFiles/ZET6_HC_SR04.elf.dir/Middlewares/Third_Party/FreeRTOS/Source/queue.c.obj
                0x080026e0                xQueueGenericSend
 .text.xQueueGenericSendFromISR
                0x08002868       0xcc CMakeFiles/ZET6_HC_SR04.elf.dir/Middlewares/Third_Party/FreeRTOS/Source/queue.c.obj
                0x08002868                xQueueGenericSendFromISR
 .text.xQueueReceive
                0x08002934      0x15e CMakeFiles/ZET6_HC_SR04.elf.dir/Middlewares/Third_Party/FreeRTOS/Source/queue.c.obj
                0x08002934                xQueueReceive
 *fill*         0x08002a92        0x2 
 .text.vQueueAddToRegistry
                0x08002a94       0x28 CMakeFiles/ZET6_HC_SR04.elf.dir/Middlewares/Third_Party/FreeRTOS/Source/queue.c.obj
                0x08002a94                vQueueAddToRegistry
 .text.vQueueWaitForMessageRestricted
                0x08002abc       0x52 CMakeFiles/ZET6_HC_SR04.elf.dir/Middlewares/Third_Party/FreeRTOS/Source/queue.c.obj
                0x08002abc                vQueueWaitForMessageRestricted
 *fill*         0x08002b0e        0x2 
 .text.prvResetNextTaskUnblockTime
                0x08002b10       0x2c CMakeFiles/ZET6_HC_SR04.elf.dir/Middlewares/Third_Party/FreeRTOS/Source/tasks.c.obj
 .text.prvInitialiseNewTask
                0x08002b3c       0x9c CMakeFiles/ZET6_HC_SR04.elf.dir/Middlewares/Third_Party/FreeRTOS/Source/tasks.c.obj
 .text.prvInitialiseTaskLists
                0x08002bd8       0x68 CMakeFiles/ZET6_HC_SR04.elf.dir/Middlewares/Third_Party/FreeRTOS/Source/tasks.c.obj
 .text.prvAddNewTaskToReadyList
                0x08002c40       0xac CMakeFiles/ZET6_HC_SR04.elf.dir/Middlewares/Third_Party/FreeRTOS/Source/tasks.c.obj
 .text.prvDeleteTCB
                0x08002cec       0x38 CMakeFiles/ZET6_HC_SR04.elf.dir/Middlewares/Third_Party/FreeRTOS/Source/tasks.c.obj
 .text.prvCheckTasksWaitingTermination
                0x08002d24       0x4c CMakeFiles/ZET6_HC_SR04.elf.dir/Middlewares/Third_Party/FreeRTOS/Source/tasks.c.obj
 .text.prvIdleTask
                0x08002d70       0x28 CMakeFiles/ZET6_HC_SR04.elf.dir/Middlewares/Third_Party/FreeRTOS/Source/tasks.c.obj
 .text.prvAddCurrentTaskToDelayedList
                0x08002d98       0x7c CMakeFiles/ZET6_HC_SR04.elf.dir/Middlewares/Third_Party/FreeRTOS/Source/tasks.c.obj
 .text.xTaskCreateStatic
                0x08002e14       0x74 CMakeFiles/ZET6_HC_SR04.elf.dir/Middlewares/Third_Party/FreeRTOS/Source/tasks.c.obj
                0x08002e14                xTaskCreateStatic
 .text.xTaskCreate
                0x08002e88       0x68 CMakeFiles/ZET6_HC_SR04.elf.dir/Middlewares/Third_Party/FreeRTOS/Source/tasks.c.obj
                0x08002e88                xTaskCreate
 .text.vTaskStartScheduler
                0x08002ef0       0x9c CMakeFiles/ZET6_HC_SR04.elf.dir/Middlewares/Third_Party/FreeRTOS/Source/tasks.c.obj
                0x08002ef0                vTaskStartScheduler
 .text.vTaskSuspendAll
                0x08002f8c       0x10 CMakeFiles/ZET6_HC_SR04.elf.dir/Middlewares/Third_Party/FreeRTOS/Source/tasks.c.obj
                0x08002f8c                vTaskSuspendAll
 .text.xTaskGetTickCount
                0x08002f9c        0xc CMakeFiles/ZET6_HC_SR04.elf.dir/Middlewares/Third_Party/FreeRTOS/Source/tasks.c.obj
                0x08002f9c                xTaskGetTickCount
 .text.xTaskIncrementTick
                0x08002fa8      0x118 CMakeFiles/ZET6_HC_SR04.elf.dir/Middlewares/Third_Party/FreeRTOS/Source/tasks.c.obj
                0x08002fa8                xTaskIncrementTick
 .text.xTaskResumeAll
                0x080030c0       0xf8 CMakeFiles/ZET6_HC_SR04.elf.dir/Middlewares/Third_Party/FreeRTOS/Source/tasks.c.obj
                0x080030c0                xTaskResumeAll
 .text.vTaskDelay
                0x080031b8       0x4c CMakeFiles/ZET6_HC_SR04.elf.dir/Middlewares/Third_Party/FreeRTOS/Source/tasks.c.obj
                0x080031b8                vTaskDelay
 .text.vTaskSwitchContext
                0x08003204       0x94 CMakeFiles/ZET6_HC_SR04.elf.dir/Middlewares/Third_Party/FreeRTOS/Source/tasks.c.obj
                0x08003204                vTaskSwitchContext
 .text.vTaskSuspend
                0x08003298       0xc4 CMakeFiles/ZET6_HC_SR04.elf.dir/Middlewares/Third_Party/FreeRTOS/Source/tasks.c.obj
                0x08003298                vTaskSuspend
 .text.vTaskPlaceOnEventList
                0x0800335c       0x30 CMakeFiles/ZET6_HC_SR04.elf.dir/Middlewares/Third_Party/FreeRTOS/Source/tasks.c.obj
                0x0800335c                vTaskPlaceOnEventList
 .text.vTaskPlaceOnEventListRestricted
                0x0800338c       0x38 CMakeFiles/ZET6_HC_SR04.elf.dir/Middlewares/Third_Party/FreeRTOS/Source/tasks.c.obj
                0x0800338c                vTaskPlaceOnEventListRestricted
 .text.xTaskRemoveFromEventList
                0x080033c4       0x8c CMakeFiles/ZET6_HC_SR04.elf.dir/Middlewares/Third_Party/FreeRTOS/Source/tasks.c.obj
                0x080033c4                xTaskRemoveFromEventList
 .text.vTaskInternalSetTimeOutState
                0x08003450       0x18 CMakeFiles/ZET6_HC_SR04.elf.dir/Middlewares/Third_Party/FreeRTOS/Source/tasks.c.obj
                0x08003450                vTaskInternalSetTimeOutState
 .text.xTaskCheckForTimeOut
                0x08003468       0x84 CMakeFiles/ZET6_HC_SR04.elf.dir/Middlewares/Third_Party/FreeRTOS/Source/tasks.c.obj
                0x08003468                xTaskCheckForTimeOut
 .text.vTaskMissedYield
                0x080034ec        0xc CMakeFiles/ZET6_HC_SR04.elf.dir/Middlewares/Third_Party/FreeRTOS/Source/tasks.c.obj
                0x080034ec                vTaskMissedYield
 .text.xTaskGetSchedulerState
                0x080034f8       0x20 CMakeFiles/ZET6_HC_SR04.elf.dir/Middlewares/Third_Party/FreeRTOS/Source/tasks.c.obj
                0x080034f8                xTaskGetSchedulerState
 .text.xTaskPriorityDisinherit
                0x08003518       0x90 CMakeFiles/ZET6_HC_SR04.elf.dir/Middlewares/Third_Party/FreeRTOS/Source/tasks.c.obj
                0x08003518                xTaskPriorityDisinherit
 .text.prvGetNextExpireTime
                0x080035a8       0x20 CMakeFiles/ZET6_HC_SR04.elf.dir/Middlewares/Third_Party/FreeRTOS/Source/timers.c.obj
 .text.prvInsertTimerInActiveList
                0x080035c8       0x48 CMakeFiles/ZET6_HC_SR04.elf.dir/Middlewares/Third_Party/FreeRTOS/Source/timers.c.obj
 .text.prvCheckForValidListAndQueue
                0x08003610       0x70 CMakeFiles/ZET6_HC_SR04.elf.dir/Middlewares/Third_Party/FreeRTOS/Source/timers.c.obj
 .text.xTimerCreateTimerTask
                0x08003680       0x64 CMakeFiles/ZET6_HC_SR04.elf.dir/Middlewares/Third_Party/FreeRTOS/Source/timers.c.obj
                0x08003680                xTimerCreateTimerTask
 .text.xTimerGenericCommand
                0x080036e4       0x6c CMakeFiles/ZET6_HC_SR04.elf.dir/Middlewares/Third_Party/FreeRTOS/Source/timers.c.obj
                0x080036e4                xTimerGenericCommand
 .text.prvSwitchTimerLists
                0x08003750       0x78 CMakeFiles/ZET6_HC_SR04.elf.dir/Middlewares/Third_Party/FreeRTOS/Source/timers.c.obj
 .text.prvSampleTimeNow
                0x080037c8       0x2c CMakeFiles/ZET6_HC_SR04.elf.dir/Middlewares/Third_Party/FreeRTOS/Source/timers.c.obj
 .text.prvProcessExpiredTimer
                0x080037f4       0x60 CMakeFiles/ZET6_HC_SR04.elf.dir/Middlewares/Third_Party/FreeRTOS/Source/timers.c.obj
 .text.prvProcessTimerOrBlockTask
                0x08003854       0x74 CMakeFiles/ZET6_HC_SR04.elf.dir/Middlewares/Third_Party/FreeRTOS/Source/timers.c.obj
 .text.prvProcessReceivedCommands
                0x080038c8       0xf8 CMakeFiles/ZET6_HC_SR04.elf.dir/Middlewares/Third_Party/FreeRTOS/Source/timers.c.obj
 .text.prvTimerTask
                0x080039c0       0x16 CMakeFiles/ZET6_HC_SR04.elf.dir/Middlewares/Third_Party/FreeRTOS/Source/timers.c.obj
 *fill*         0x080039d6        0x2 
 .text.__libc_init_array
                0x080039d8       0x48 c:/progra~1/gcc-arm-none-eabi-10.3-2021.10/bin/../lib/gcc/arm-none-eabi/10.3.1/../../../../arm-none-eabi/lib/thumb/v7-m/nofp\libc.a(lib_a-init.o)
                0x080039d8                __libc_init_array
 .text.memset   0x08003a20       0xa4 c:/progra~1/gcc-arm-none-eabi-10.3-2021.10/bin/../lib/gcc/arm-none-eabi/10.3.1/../../../../arm-none-eabi/lib/thumb/v7-m/nofp\libc.a(lib_a-memset.o)
                0x08003a20                memset
 .text.startup.register_fini
                0x08003ac4       0x14 c:/progra~1/gcc-arm-none-eabi-10.3-2021.10/bin/../lib/gcc/arm-none-eabi/10.3.1/../../../../arm-none-eabi/lib/thumb/v7-m/nofp\libc.a(lib_a-__call_atexit.o)
 .text.atexit   0x08003ad8        0xc c:/progra~1/gcc-arm-none-eabi-10.3-2021.10/bin/../lib/gcc/arm-none-eabi/10.3.1/../../../../arm-none-eabi/lib/thumb/v7-m/nofp\libc.a(lib_a-atexit.o)
                0x08003ad8                atexit
 .text.__libc_fini_array
                0x08003ae4       0x2c c:/progra~1/gcc-arm-none-eabi-10.3-2021.10/bin/../lib/gcc/arm-none-eabi/10.3.1/../../../../arm-none-eabi/lib/thumb/v7-m/nofp\libc.a(lib_a-fini.o)
                0x08003ae4                __libc_fini_array
 .text.__retarget_lock_acquire_recursive
                0x08003b10        0x4 c:/progra~1/gcc-arm-none-eabi-10.3-2021.10/bin/../lib/gcc/arm-none-eabi/10.3.1/../../../../arm-none-eabi/lib/thumb/v7-m/nofp\libc.a(lib_a-lock.o)
                0x08003b10                __retarget_lock_acquire_recursive
 .text.__retarget_lock_release_recursive
                0x08003b14        0x4 c:/progra~1/gcc-arm-none-eabi-10.3-2021.10/bin/../lib/gcc/arm-none-eabi/10.3.1/../../../../arm-none-eabi/lib/thumb/v7-m/nofp\libc.a(lib_a-lock.o)
                0x08003b14                __retarget_lock_release_recursive
 .text.__register_exitproc
                0x08003b18       0x8c c:/progra~1/gcc-arm-none-eabi-10.3-2021.10/bin/../lib/gcc/arm-none-eabi/10.3.1/../../../../arm-none-eabi/lib/thumb/v7-m/nofp\libc.a(lib_a-__atexit.o)
                0x08003b18                __register_exitproc
 *(.glue_7)
 .glue_7        0x08003ba4        0x0 linker stubs
 *(.glue_7t)
 .glue_7t       0x08003ba4        0x0 linker stubs
 *(.eh_frame)
 .eh_frame      0x08003ba4        0x0 c:/progra~1/gcc-arm-none-eabi-10.3-2021.10/bin/../lib/gcc/arm-none-eabi/10.3.1/thumb/v7-m/nofp/crtbegin.o
 *(.init)
 .init          0x08003ba4        0x4 c:/progra~1/gcc-arm-none-eabi-10.3-2021.10/bin/../lib/gcc/arm-none-eabi/10.3.1/thumb/v7-m/nofp/crti.o
                0x08003ba4                _init
 .init          0x08003ba8        0x8 c:/progra~1/gcc-arm-none-eabi-10.3-2021.10/bin/../lib/gcc/arm-none-eabi/10.3.1/thumb/v7-m/nofp/crtn.o
 *(.fini)
 .fini          0x08003bb0        0x4 c:/progra~1/gcc-arm-none-eabi-10.3-2021.10/bin/../lib/gcc/arm-none-eabi/10.3.1/thumb/v7-m/nofp/crti.o
                0x08003bb0                _fini
 .fini          0x08003bb4        0x8 c:/progra~1/gcc-arm-none-eabi-10.3-2021.10/bin/../lib/gcc/arm-none-eabi/10.3.1/thumb/v7-m/nofp/crtn.o
                0x08003bbc                . = ALIGN (0x4)
                0x08003bbc                _etext = .

.vfp11_veneer   0x08003bbc        0x0
 .vfp11_veneer  0x08003bbc        0x0 linker stubs

.v4_bx          0x08003bbc        0x0
 .v4_bx         0x08003bbc        0x0 linker stubs

.iplt           0x08003bbc        0x0
 .iplt          0x08003bbc        0x0 c:/progra~1/gcc-arm-none-eabi-10.3-2021.10/bin/../lib/gcc/arm-none-eabi/10.3.1/thumb/v7-m/nofp/crtbegin.o

.rodata         0x08003bbc     0x3504
                0x08003bbc                . = ALIGN (0x4)
 *(.rodata)
 *(.rodata*)
 .rodata.APP_LCDTask.str1.4
                0x08003bbc        0xd CMakeFiles/ZET6_HC_SR04.elf.dir/Core/Src/freertos.c.obj
 *fill*         0x08003bc9        0x3 
 .rodata.str1.4
                0x08003bcc       0x28 CMakeFiles/ZET6_HC_SR04.elf.dir/Core/Src/freertos.c.obj
 .rodata.APP_LCD_attributs
                0x08003bf4       0x24 CMakeFiles/ZET6_HC_SR04.elf.dir/Core/Src/freertos.c.obj
                0x08003bf4                APP_LCD_attributs
 .rodata.APP_LED_attributs
                0x08003c18       0x24 CMakeFiles/ZET6_HC_SR04.elf.dir/Core/Src/freertos.c.obj
                0x08003c18                APP_LED_attributs
 .rodata.APP_Main_attributes
                0x08003c3c       0x24 CMakeFiles/ZET6_HC_SR04.elf.dir/Core/Src/freertos.c.obj
                0x08003c3c                APP_Main_attributes
 .rodata.APP_SR04_attributs
                0x08003c60       0x24 CMakeFiles/ZET6_HC_SR04.elf.dir/Core/Src/freertos.c.obj
                0x08003c60                APP_SR04_attributs
 .rodata.AHBPrescTable
                0x08003c84       0x10 CMakeFiles/ZET6_HC_SR04.elf.dir/Core/Src/system_stm32f1xx.c.obj
                0x08003c84                AHBPrescTable
 .rodata.APBPrescTable
                0x08003c94        0x8 CMakeFiles/ZET6_HC_SR04.elf.dir/Core/Src/system_stm32f1xx.c.obj
                0x08003c94                APBPrescTable
 .rodata.ascii_1206
                0x08003c9c      0x474 CMakeFiles/ZET6_HC_SR04.elf.dir/Drivers/LCD_240_280/Src/lcd.c.obj
                0x08003c9c                ascii_1206
 .rodata.ascii_1608
                0x08004110      0x5f0 CMakeFiles/ZET6_HC_SR04.elf.dir/Drivers/LCD_240_280/Src/lcd.c.obj
                0x08004110                ascii_1608
 .rodata.ascii_2412
                0x08004700     0x11d0 CMakeFiles/ZET6_HC_SR04.elf.dir/Drivers/LCD_240_280/Src/lcd.c.obj
                0x08004700                ascii_2412
 .rodata.ascii_3216
                0x080058d0     0x17c0 CMakeFiles/ZET6_HC_SR04.elf.dir/Drivers/LCD_240_280/Src/lcd.c.obj
                0x080058d0                ascii_3216
 .rodata.aPLLMULFactorTable.1
                0x08007090       0x10 CMakeFiles/ZET6_HC_SR04.elf.dir/Drivers/STM32F1xx_HAL_Driver/Src/stm32f1xx_hal_rcc.c.obj
 .rodata.aPredivFactorTable.0
                0x080070a0        0x2 CMakeFiles/ZET6_HC_SR04.elf.dir/Drivers/STM32F1xx_HAL_Driver/Src/stm32f1xx_hal_rcc.c.obj
 *fill*         0x080070a2        0x2 
 .rodata.vTaskStartScheduler.str1.4
                0x080070a4        0x5 CMakeFiles/ZET6_HC_SR04.elf.dir/Middlewares/Third_Party/FreeRTOS/Source/tasks.c.obj
 *fill*         0x080070a9        0x3 
 .rodata.prvCheckForValidListAndQueue.str1.4
                0x080070ac        0x5 CMakeFiles/ZET6_HC_SR04.elf.dir/Middlewares/Third_Party/FreeRTOS/Source/timers.c.obj
 *fill*         0x080070b1        0x3 
 .rodata.xTimerCreateTimerTask.str1.4
                0x080070b4        0x8 CMakeFiles/ZET6_HC_SR04.elf.dir/Middlewares/Third_Party/FreeRTOS/Source/timers.c.obj
 .rodata._global_impure_ptr
                0x080070bc        0x4 c:/progra~1/gcc-arm-none-eabi-10.3-2021.10/bin/../lib/gcc/arm-none-eabi/10.3.1/../../../../arm-none-eabi/lib/thumb/v7-m/nofp\libc.a(lib_a-impure.o)
                0x080070bc                _global_impure_ptr
                0x080070c0                . = ALIGN (0x4)

.rel.dyn        0x080070c0        0x0
 .rel.iplt      0x080070c0        0x0 c:/progra~1/gcc-arm-none-eabi-10.3-2021.10/bin/../lib/gcc/arm-none-eabi/10.3.1/thumb/v7-m/nofp/crtbegin.o

.ARM.extab      0x080070c0        0x0
                0x080070c0                . = ALIGN (0x4)
 *(.ARM.extab* .gnu.linkonce.armextab.*)
                0x080070c0                . = ALIGN (0x4)

.ARM            0x080070c0        0x0
                0x080070c0                . = ALIGN (0x4)
                0x080070c0                __exidx_start = .
 *(.ARM.exidx*)
                0x080070c0                __exidx_end = .
                0x080070c0                . = ALIGN (0x4)

.preinit_array  0x080070c0        0x0
                0x080070c0                . = ALIGN (0x4)
                0x080070c0                PROVIDE (__preinit_array_start = .)
 *(.preinit_array*)
                0x080070c0                PROVIDE (__preinit_array_end = .)
                0x080070c0                . = ALIGN (0x4)

.init_array     0x080070c0        0x8
                0x080070c0                . = ALIGN (0x4)
                0x080070c0                PROVIDE (__init_array_start = .)
 *(SORT_BY_NAME(.init_array.*))
 .init_array.00000
                0x080070c0        0x4 c:/progra~1/gcc-arm-none-eabi-10.3-2021.10/bin/../lib/gcc/arm-none-eabi/10.3.1/../../../../arm-none-eabi/lib/thumb/v7-m/nofp\libc.a(lib_a-__call_atexit.o)
 *(.init_array*)
 .init_array    0x080070c4        0x4 c:/progra~1/gcc-arm-none-eabi-10.3-2021.10/bin/../lib/gcc/arm-none-eabi/10.3.1/thumb/v7-m/nofp/crtbegin.o
                0x080070c8                PROVIDE (__init_array_end = .)
                0x080070c8                . = ALIGN (0x4)

.fini_array     0x080070c8        0x4
                0x080070c8                . = ALIGN (0x4)
                0x080070c8                PROVIDE (__fini_array_start = .)
 *(SORT_BY_NAME(.fini_array.*))
 *(.fini_array*)
 .fini_array    0x080070c8        0x4 c:/progra~1/gcc-arm-none-eabi-10.3-2021.10/bin/../lib/gcc/arm-none-eabi/10.3.1/thumb/v7-m/nofp/crtbegin.o
                0x080070cc                PROVIDE (__fini_array_end = .)
                0x080070cc                . = ALIGN (0x4)
                0x080070cc                _sidata = LOADADDR (.data)

.data           0x20000000      0x43c load address 0x080070cc
                0x20000000                . = ALIGN (0x4)
                0x20000000                _sdata = .
 *(.data)
 *(.data*)
 .data.SystemCoreClock
                0x20000000        0x4 CMakeFiles/ZET6_HC_SR04.elf.dir/Core/Src/system_stm32f1xx.c.obj
                0x20000000                SystemCoreClock
 .data.uwTickFreq
                0x20000004        0x1 CMakeFiles/ZET6_HC_SR04.elf.dir/Drivers/STM32F1xx_HAL_Driver/Src/stm32f1xx_hal.c.obj
                0x20000004                uwTickFreq
 *fill*         0x20000005        0x3 
 .data.uwTickPrio
                0x20000008        0x4 CMakeFiles/ZET6_HC_SR04.elf.dir/Drivers/STM32F1xx_HAL_Driver/Src/stm32f1xx_hal.c.obj
                0x20000008                uwTickPrio
 .data.uxCriticalNesting
                0x2000000c        0x4 CMakeFiles/ZET6_HC_SR04.elf.dir/Middlewares/Third_Party/FreeRTOS/Source/portable/GCC/ARM_CM3/port.c.obj
 .data.impure_data
                0x20000010      0x428 c:/progra~1/gcc-arm-none-eabi-10.3-2021.10/bin/../lib/gcc/arm-none-eabi/10.3.1/../../../../arm-none-eabi/lib/thumb/v7-m/nofp\libc.a(lib_a-impure.o)
 .data.__atexit_recursive_mutex
                0x20000438        0x4 c:/progra~1/gcc-arm-none-eabi-10.3-2021.10/bin/../lib/gcc/arm-none-eabi/10.3.1/../../../../arm-none-eabi/lib/thumb/v7-m/nofp\libc.a(lib_a-__call_atexit.o)
                0x20000438                __atexit_recursive_mutex
 *(.RamFunc)
 *(.RamFunc*)
                0x2000043c                . = ALIGN (0x4)
                0x2000043c                _edata = .

.igot.plt       0x2000043c        0x0 load address 0x08007508
 .igot.plt      0x2000043c        0x0 c:/progra~1/gcc-arm-none-eabi-10.3-2021.10/bin/../lib/gcc/arm-none-eabi/10.3.1/thumb/v7-m/nofp/crtbegin.o
                0x2000043c                . = ALIGN (0x4)

.bss            0x2000043c     0x1a1c load address 0x08007508
                0x2000043c                _sbss = .
                0x2000043c                __bss_start__ = _sbss
 *(.bss)
 .bss           0x2000043c       0x1c c:/progra~1/gcc-arm-none-eabi-10.3-2021.10/bin/../lib/gcc/arm-none-eabi/10.3.1/thumb/v7-m/nofp/crtbegin.o
 *(.bss*)
 .bss.APP_LCDhandle
                0x20000458        0x4 CMakeFiles/ZET6_HC_SR04.elf.dir/Core/Src/freertos.c.obj
                0x20000458                APP_LCDhandle
 .bss.APP_LEDHandle
                0x2000045c        0x4 CMakeFiles/ZET6_HC_SR04.elf.dir/Core/Src/freertos.c.obj
                0x2000045c                APP_LEDHandle
 .bss.APP_MainHandle
                0x20000460        0x4 CMakeFiles/ZET6_HC_SR04.elf.dir/Core/Src/freertos.c.obj
                0x20000460                APP_MainHandle
 .bss.APP_SR04Handle
                0x20000464        0x4 CMakeFiles/ZET6_HC_SR04.elf.dir/Core/Src/freertos.c.obj
                0x20000464                APP_SR04Handle
 .bss.hspi1     0x20000468       0x58 CMakeFiles/ZET6_HC_SR04.elf.dir/Core/Src/spi.c.obj
                0x20000468                hspi1
 .bss.htim6     0x200004c0       0x48 CMakeFiles/ZET6_HC_SR04.elf.dir/Core/Src/stm32f1xx_hal_timebase_tim.c.obj
                0x200004c0                htim6
 .bss.uwTick    0x20000508        0x4 CMakeFiles/ZET6_HC_SR04.elf.dir/Drivers/STM32F1xx_HAL_Driver/Src/stm32f1xx_hal.c.obj
                0x20000508                uwTick
 .bss.Idle_Stack
                0x2000050c      0x200 CMakeFiles/ZET6_HC_SR04.elf.dir/Middlewares/Third_Party/FreeRTOS/Source/CMSIS_RTOS_V2/cmsis_os2.c.obj
 .bss.Idle_TCB  0x2000070c       0x5c CMakeFiles/ZET6_HC_SR04.elf.dir/Middlewares/Third_Party/FreeRTOS/Source/CMSIS_RTOS_V2/cmsis_os2.c.obj
 .bss.KernelState
                0x20000768        0x4 CMakeFiles/ZET6_HC_SR04.elf.dir/Middlewares/Third_Party/FreeRTOS/Source/CMSIS_RTOS_V2/cmsis_os2.c.obj
 .bss.Timer_Stack
                0x2000076c      0x400 CMakeFiles/ZET6_HC_SR04.elf.dir/Middlewares/Third_Party/FreeRTOS/Source/CMSIS_RTOS_V2/cmsis_os2.c.obj
 .bss.Timer_TCB
                0x20000b6c       0x5c CMakeFiles/ZET6_HC_SR04.elf.dir/Middlewares/Third_Party/FreeRTOS/Source/CMSIS_RTOS_V2/cmsis_os2.c.obj
 .bss.ucMaxSysCallPriority
                0x20000bc8        0x1 CMakeFiles/ZET6_HC_SR04.elf.dir/Middlewares/Third_Party/FreeRTOS/Source/portable/GCC/ARM_CM3/port.c.obj
 *fill*         0x20000bc9        0x3 
 .bss.ulMaxPRIGROUPValue
                0x20000bcc        0x4 CMakeFiles/ZET6_HC_SR04.elf.dir/Middlewares/Third_Party/FreeRTOS/Source/portable/GCC/ARM_CM3/port.c.obj
 .bss.pxEnd     0x20000bd0        0x4 CMakeFiles/ZET6_HC_SR04.elf.dir/Middlewares/Third_Party/FreeRTOS/Source/portable/MemMang/heap_4.c.obj
 .bss.ucHeap    0x20000bd4      0xc00 CMakeFiles/ZET6_HC_SR04.elf.dir/Middlewares/Third_Party/FreeRTOS/Source/portable/MemMang/heap_4.c.obj
 .bss.xBlockAllocatedBit
                0x200017d4        0x4 CMakeFiles/ZET6_HC_SR04.elf.dir/Middlewares/Third_Party/FreeRTOS/Source/portable/MemMang/heap_4.c.obj
 .bss.xFreeBytesRemaining
                0x200017d8        0x4 CMakeFiles/ZET6_HC_SR04.elf.dir/Middlewares/Third_Party/FreeRTOS/Source/portable/MemMang/heap_4.c.obj
 .bss.xMinimumEverFreeBytesRemaining
                0x200017dc        0x4 CMakeFiles/ZET6_HC_SR04.elf.dir/Middlewares/Third_Party/FreeRTOS/Source/portable/MemMang/heap_4.c.obj
 .bss.xStart    0x200017e0        0x8 CMakeFiles/ZET6_HC_SR04.elf.dir/Middlewares/Third_Party/FreeRTOS/Source/portable/MemMang/heap_4.c.obj
 .bss.xQueueRegistry
                0x200017e8       0x40 CMakeFiles/ZET6_HC_SR04.elf.dir/Middlewares/Third_Party/FreeRTOS/Source/queue.c.obj
                0x200017e8                xQueueRegistry
 .bss.pxCurrentTCB
                0x20001828        0x4 CMakeFiles/ZET6_HC_SR04.elf.dir/Middlewares/Third_Party/FreeRTOS/Source/tasks.c.obj
                0x20001828                pxCurrentTCB
 .bss.pxDelayedTaskList
                0x2000182c        0x4 CMakeFiles/ZET6_HC_SR04.elf.dir/Middlewares/Third_Party/FreeRTOS/Source/tasks.c.obj
 .bss.pxOverflowDelayedTaskList
                0x20001830        0x4 CMakeFiles/ZET6_HC_SR04.elf.dir/Middlewares/Third_Party/FreeRTOS/Source/tasks.c.obj
 .bss.pxReadyTasksLists
                0x20001834      0x460 CMakeFiles/ZET6_HC_SR04.elf.dir/Middlewares/Third_Party/FreeRTOS/Source/tasks.c.obj
 .bss.uxCurrentNumberOfTasks
                0x20001c94        0x4 CMakeFiles/ZET6_HC_SR04.elf.dir/Middlewares/Third_Party/FreeRTOS/Source/tasks.c.obj
 .bss.uxDeletedTasksWaitingCleanUp
                0x20001c98        0x4 CMakeFiles/ZET6_HC_SR04.elf.dir/Middlewares/Third_Party/FreeRTOS/Source/tasks.c.obj
 .bss.uxPendedTicks
                0x20001c9c        0x4 CMakeFiles/ZET6_HC_SR04.elf.dir/Middlewares/Third_Party/FreeRTOS/Source/tasks.c.obj
 .bss.uxSchedulerSuspended
                0x20001ca0        0x4 CMakeFiles/ZET6_HC_SR04.elf.dir/Middlewares/Third_Party/FreeRTOS/Source/tasks.c.obj
 .bss.uxTaskNumber
                0x20001ca4        0x4 CMakeFiles/ZET6_HC_SR04.elf.dir/Middlewares/Third_Party/FreeRTOS/Source/tasks.c.obj
 .bss.uxTopReadyPriority
                0x20001ca8        0x4 CMakeFiles/ZET6_HC_SR04.elf.dir/Middlewares/Third_Party/FreeRTOS/Source/tasks.c.obj
 .bss.xDelayedTaskList1
                0x20001cac       0x14 CMakeFiles/ZET6_HC_SR04.elf.dir/Middlewares/Third_Party/FreeRTOS/Source/tasks.c.obj
 .bss.xDelayedTaskList2
                0x20001cc0       0x14 CMakeFiles/ZET6_HC_SR04.elf.dir/Middlewares/Third_Party/FreeRTOS/Source/tasks.c.obj
 .bss.xIdleTaskHandle
                0x20001cd4        0x4 CMakeFiles/ZET6_HC_SR04.elf.dir/Middlewares/Third_Party/FreeRTOS/Source/tasks.c.obj
 .bss.xNextTaskUnblockTime
                0x20001cd8        0x4 CMakeFiles/ZET6_HC_SR04.elf.dir/Middlewares/Third_Party/FreeRTOS/Source/tasks.c.obj
 .bss.xNumOfOverflows
                0x20001cdc        0x4 CMakeFiles/ZET6_HC_SR04.elf.dir/Middlewares/Third_Party/FreeRTOS/Source/tasks.c.obj
 .bss.xPendingReadyList
                0x20001ce0       0x14 CMakeFiles/ZET6_HC_SR04.elf.dir/Middlewares/Third_Party/FreeRTOS/Source/tasks.c.obj
 .bss.xSchedulerRunning
                0x20001cf4        0x4 CMakeFiles/ZET6_HC_SR04.elf.dir/Middlewares/Third_Party/FreeRTOS/Source/tasks.c.obj
 .bss.xSuspendedTaskList
                0x20001cf8       0x14 CMakeFiles/ZET6_HC_SR04.elf.dir/Middlewares/Third_Party/FreeRTOS/Source/tasks.c.obj
 .bss.xTasksWaitingTermination
                0x20001d0c       0x14 CMakeFiles/ZET6_HC_SR04.elf.dir/Middlewares/Third_Party/FreeRTOS/Source/tasks.c.obj
 .bss.xTickCount
                0x20001d20        0x4 CMakeFiles/ZET6_HC_SR04.elf.dir/Middlewares/Third_Party/FreeRTOS/Source/tasks.c.obj
 .bss.xYieldPending
                0x20001d24        0x4 CMakeFiles/ZET6_HC_SR04.elf.dir/Middlewares/Third_Party/FreeRTOS/Source/tasks.c.obj
 .bss.pxCurrentTimerList
                0x20001d28        0x4 CMakeFiles/ZET6_HC_SR04.elf.dir/Middlewares/Third_Party/FreeRTOS/Source/timers.c.obj
 .bss.pxOverflowTimerList
                0x20001d2c        0x4 CMakeFiles/ZET6_HC_SR04.elf.dir/Middlewares/Third_Party/FreeRTOS/Source/timers.c.obj
 .bss.ucStaticTimerQueueStorage.1
                0x20001d30       0xa0 CMakeFiles/ZET6_HC_SR04.elf.dir/Middlewares/Third_Party/FreeRTOS/Source/timers.c.obj
 .bss.xActiveTimerList1
                0x20001dd0       0x14 CMakeFiles/ZET6_HC_SR04.elf.dir/Middlewares/Third_Party/FreeRTOS/Source/timers.c.obj
 .bss.xActiveTimerList2
                0x20001de4       0x14 CMakeFiles/ZET6_HC_SR04.elf.dir/Middlewares/Third_Party/FreeRTOS/Source/timers.c.obj
 .bss.xLastTime.2
                0x20001df8        0x4 CMakeFiles/ZET6_HC_SR04.elf.dir/Middlewares/Third_Party/FreeRTOS/Source/timers.c.obj
 .bss.xStaticTimerQueue.0
                0x20001dfc       0x50 CMakeFiles/ZET6_HC_SR04.elf.dir/Middlewares/Third_Party/FreeRTOS/Source/timers.c.obj
 .bss.xTimerQueue
                0x20001e4c        0x4 CMakeFiles/ZET6_HC_SR04.elf.dir/Middlewares/Third_Party/FreeRTOS/Source/timers.c.obj
 .bss.xTimerTaskHandle
                0x20001e50        0x4 CMakeFiles/ZET6_HC_SR04.elf.dir/Middlewares/Third_Party/FreeRTOS/Source/timers.c.obj
 .bss.__lock___atexit_recursive_mutex
                0x20001e54        0x1 c:/progra~1/gcc-arm-none-eabi-10.3-2021.10/bin/../lib/gcc/arm-none-eabi/10.3.1/../../../../arm-none-eabi/lib/thumb/v7-m/nofp\libc.a(lib_a-lock.o)
                0x20001e54                __lock___atexit_recursive_mutex
 *(COMMON)
                0x20001e58                . = ALIGN (0x4)
 *fill*         0x20001e55        0x3 
                0x20001e58                _ebss = .
                0x20001e58                __bss_end__ = _ebss

._user_heap_stack
                0x20001e58      0x600 load address 0x08007508
                0x20001e58                . = ALIGN (0x8)
                [!provide]                PROVIDE (end = .)
                0x20001e58                PROVIDE (_end = .)
                0x20002058                . = (. + _Min_Heap_Size)
 *fill*         0x20001e58      0x200 
                0x20002458                . = (. + _Min_Stack_Size)
 *fill*         0x20002058      0x400 
                0x20002458                . = ALIGN (0x8)

/DISCARD/
 libc.a(*)
 libm.a(*)
 libgcc.a(*)

.ARM.attributes
                0x00000000       0x29
 *(.ARM.attributes)
 .ARM.attributes
                0x00000000       0x1d c:/progra~1/gcc-arm-none-eabi-10.3-2021.10/bin/../lib/gcc/arm-none-eabi/10.3.1/thumb/v7-m/nofp/crti.o
 .ARM.attributes
                0x0000001d       0x2d c:/progra~1/gcc-arm-none-eabi-10.3-2021.10/bin/../lib/gcc/arm-none-eabi/10.3.1/thumb/v7-m/nofp/crtbegin.o
 .ARM.attributes
                0x0000004a       0x2d CMakeFiles/ZET6_HC_SR04.elf.dir/Core/Src/freertos.c.obj
 .ARM.attributes
                0x00000077       0x2d CMakeFiles/ZET6_HC_SR04.elf.dir/Core/Src/gpio.c.obj
 .ARM.attributes
                0x000000a4       0x2d CMakeFiles/ZET6_HC_SR04.elf.dir/Core/Src/main.c.obj
 .ARM.attributes
                0x000000d1       0x2d CMakeFiles/ZET6_HC_SR04.elf.dir/Core/Src/spi.c.obj
 .ARM.attributes
                0x000000fe       0x2d CMakeFiles/ZET6_HC_SR04.elf.dir/Core/Src/stm32f1xx_hal_msp.c.obj
 .ARM.attributes
                0x0000012b       0x2d CMakeFiles/ZET6_HC_SR04.elf.dir/Core/Src/stm32f1xx_hal_timebase_tim.c.obj
 .ARM.attributes
                0x00000158       0x2d CMakeFiles/ZET6_HC_SR04.elf.dir/Core/Src/stm32f1xx_it.c.obj
 .ARM.attributes
                0x00000185       0x2d CMakeFiles/ZET6_HC_SR04.elf.dir/Core/Src/system_stm32f1xx.c.obj
 .ARM.attributes
                0x000001b2       0x21 CMakeFiles/ZET6_HC_SR04.elf.dir/Core/Startup/startup_stm32f103zetx.s.obj
 .ARM.attributes
                0x000001d3       0x2d CMakeFiles/ZET6_HC_SR04.elf.dir/Drivers/LCD_240_280/Src/lcd.c.obj
 .ARM.attributes
                0x00000200       0x2d CMakeFiles/ZET6_HC_SR04.elf.dir/Drivers/LCD_240_280/Src/lcd_interface.c.obj
 .ARM.attributes
                0x0000022d       0x2d CMakeFiles/ZET6_HC_SR04.elf.dir/Drivers/STM32F1xx_HAL_Driver/Src/stm32f1xx_hal.c.obj
 .ARM.attributes
                0x0000025a       0x2d CMakeFiles/ZET6_HC_SR04.elf.dir/Drivers/STM32F1xx_HAL_Driver/Src/stm32f1xx_hal_cortex.c.obj
 .ARM.attributes
                0x00000287       0x2d CMakeFiles/ZET6_HC_SR04.elf.dir/Drivers/STM32F1xx_HAL_Driver/Src/stm32f1xx_hal_gpio.c.obj
 .ARM.attributes
                0x000002b4       0x2d CMakeFiles/ZET6_HC_SR04.elf.dir/Drivers/STM32F1xx_HAL_Driver/Src/stm32f1xx_hal_rcc.c.obj
 .ARM.attributes
                0x000002e1       0x2d CMakeFiles/ZET6_HC_SR04.elf.dir/Drivers/STM32F1xx_HAL_Driver/Src/stm32f1xx_hal_spi.c.obj
 .ARM.attributes
                0x0000030e       0x2d CMakeFiles/ZET6_HC_SR04.elf.dir/Drivers/STM32F1xx_HAL_Driver/Src/stm32f1xx_hal_tim.c.obj
 .ARM.attributes
                0x0000033b       0x2d CMakeFiles/ZET6_HC_SR04.elf.dir/Drivers/STM32F1xx_HAL_Driver/Src/stm32f1xx_hal_tim_ex.c.obj
 .ARM.attributes
                0x00000368       0x2d CMakeFiles/ZET6_HC_SR04.elf.dir/Middlewares/Third_Party/FreeRTOS/Source/CMSIS_RTOS_V2/cmsis_os2.c.obj
 .ARM.attributes
                0x00000395       0x2d CMakeFiles/ZET6_HC_SR04.elf.dir/Middlewares/Third_Party/FreeRTOS/Source/list.c.obj
 .ARM.attributes
                0x000003c2       0x2d CMakeFiles/ZET6_HC_SR04.elf.dir/Middlewares/Third_Party/FreeRTOS/Source/portable/GCC/ARM_CM3/port.c.obj
 .ARM.attributes
                0x000003ef       0x2d CMakeFiles/ZET6_HC_SR04.elf.dir/Middlewares/Third_Party/FreeRTOS/Source/portable/MemMang/heap_4.c.obj
 .ARM.attributes
                0x0000041c       0x2d CMakeFiles/ZET6_HC_SR04.elf.dir/Middlewares/Third_Party/FreeRTOS/Source/queue.c.obj
 .ARM.attributes
                0x00000449       0x2d CMakeFiles/ZET6_HC_SR04.elf.dir/Middlewares/Third_Party/FreeRTOS/Source/tasks.c.obj
 .ARM.attributes
                0x00000476       0x2d CMakeFiles/ZET6_HC_SR04.elf.dir/Middlewares/Third_Party/FreeRTOS/Source/timers.c.obj
 .ARM.attributes
                0x000004a3       0x2d c:/progra~1/gcc-arm-none-eabi-10.3-2021.10/bin/../lib/gcc/arm-none-eabi/10.3.1/../../../../arm-none-eabi/lib/thumb/v7-m/nofp\libc.a(lib_a-impure.o)
 .ARM.attributes
                0x000004d0       0x2d c:/progra~1/gcc-arm-none-eabi-10.3-2021.10/bin/../lib/gcc/arm-none-eabi/10.3.1/../../../../arm-none-eabi/lib/thumb/v7-m/nofp\libc.a(lib_a-init.o)
 .ARM.attributes
                0x000004fd       0x1b c:/progra~1/gcc-arm-none-eabi-10.3-2021.10/bin/../lib/gcc/arm-none-eabi/10.3.1/../../../../arm-none-eabi/lib/thumb/v7-m/nofp\libc.a(lib_a-memcpy.o)
 .ARM.attributes
                0x00000518       0x2d c:/progra~1/gcc-arm-none-eabi-10.3-2021.10/bin/../lib/gcc/arm-none-eabi/10.3.1/../../../../arm-none-eabi/lib/thumb/v7-m/nofp\libc.a(lib_a-memset.o)
 .ARM.attributes
                0x00000545       0x2d c:/progra~1/gcc-arm-none-eabi-10.3-2021.10/bin/../lib/gcc/arm-none-eabi/10.3.1/../../../../arm-none-eabi/lib/thumb/v7-m/nofp\libc.a(lib_a-__call_atexit.o)
 .ARM.attributes
                0x00000572       0x2d c:/progra~1/gcc-arm-none-eabi-10.3-2021.10/bin/../lib/gcc/arm-none-eabi/10.3.1/../../../../arm-none-eabi/lib/thumb/v7-m/nofp\libc.a(lib_a-atexit.o)
 .ARM.attributes
                0x0000059f       0x2d c:/progra~1/gcc-arm-none-eabi-10.3-2021.10/bin/../lib/gcc/arm-none-eabi/10.3.1/../../../../arm-none-eabi/lib/thumb/v7-m/nofp\libc.a(lib_a-fini.o)
 .ARM.attributes
                0x000005cc       0x2d c:/progra~1/gcc-arm-none-eabi-10.3-2021.10/bin/../lib/gcc/arm-none-eabi/10.3.1/../../../../arm-none-eabi/lib/thumb/v7-m/nofp\libc.a(lib_a-lock.o)
 .ARM.attributes
                0x000005f9       0x2d c:/progra~1/gcc-arm-none-eabi-10.3-2021.10/bin/../lib/gcc/arm-none-eabi/10.3.1/../../../../arm-none-eabi/lib/thumb/v7-m/nofp\libc.a(lib_a-__atexit.o)
 .ARM.attributes
                0x00000626       0x1d c:/progra~1/gcc-arm-none-eabi-10.3-2021.10/bin/../lib/gcc/arm-none-eabi/10.3.1/thumb/v7-m/nofp/crtn.o
OUTPUT(ZET6_HC_SR04.elf elf32-littlearm)
LOAD linker stubs
LOAD c:/progra~1/gcc-arm-none-eabi-10.3-2021.10/bin/../lib/gcc/arm-none-eabi/10.3.1/../../../../arm-none-eabi/lib/thumb/v7-m/nofp\libc.a
LOAD c:/progra~1/gcc-arm-none-eabi-10.3-2021.10/bin/../lib/gcc/arm-none-eabi/10.3.1/../../../../arm-none-eabi/lib/thumb/v7-m/nofp\libm.a
LOAD c:/progra~1/gcc-arm-none-eabi-10.3-2021.10/bin/../lib/gcc/arm-none-eabi/10.3.1/thumb/v7-m/nofp\libgcc.a

.debug_info     0x00000000    0x1ca34
 .debug_info    0x00000000      0x855 CMakeFiles/ZET6_HC_SR04.elf.dir/Core/Src/freertos.c.obj
 .debug_info    0x00000855      0x17c CMakeFiles/ZET6_HC_SR04.elf.dir/Core/Src/gpio.c.obj
 .debug_info    0x000009d1      0x9f5 CMakeFiles/ZET6_HC_SR04.elf.dir/Core/Src/main.c.obj
 .debug_info    0x000013c6      0x86a CMakeFiles/ZET6_HC_SR04.elf.dir/Core/Src/spi.c.obj
 .debug_info    0x00001c30      0x3ed CMakeFiles/ZET6_HC_SR04.elf.dir/Core/Src/stm32f1xx_hal_msp.c.obj
 .debug_info    0x0000201d      0xab6 CMakeFiles/ZET6_HC_SR04.elf.dir/Core/Src/stm32f1xx_hal_timebase_tim.c.obj
 .debug_info    0x00002ad3      0x6ae CMakeFiles/ZET6_HC_SR04.elf.dir/Core/Src/stm32f1xx_it.c.obj
 .debug_info    0x00003181      0x248 CMakeFiles/ZET6_HC_SR04.elf.dir/Core/Src/system_stm32f1xx.c.obj
 .debug_info    0x000033c9       0x22 CMakeFiles/ZET6_HC_SR04.elf.dir/Core/Startup/startup_stm32f103zetx.s.obj
 .debug_info    0x000033eb     0x24d0 CMakeFiles/ZET6_HC_SR04.elf.dir/Drivers/LCD_240_280/Src/lcd.c.obj
 .debug_info    0x000058bb      0xcf6 CMakeFiles/ZET6_HC_SR04.elf.dir/Drivers/LCD_240_280/Src/lcd_interface.c.obj
 .debug_info    0x000065b1      0x80e CMakeFiles/ZET6_HC_SR04.elf.dir/Drivers/STM32F1xx_HAL_Driver/Src/stm32f1xx_hal.c.obj
 .debug_info    0x00006dbf      0xdf0 CMakeFiles/ZET6_HC_SR04.elf.dir/Drivers/STM32F1xx_HAL_Driver/Src/stm32f1xx_hal_cortex.c.obj
 .debug_info    0x00007baf      0x66f CMakeFiles/ZET6_HC_SR04.elf.dir/Drivers/STM32F1xx_HAL_Driver/Src/stm32f1xx_hal_gpio.c.obj
 .debug_info    0x0000821e      0xa3b CMakeFiles/ZET6_HC_SR04.elf.dir/Drivers/STM32F1xx_HAL_Driver/Src/stm32f1xx_hal_rcc.c.obj
 .debug_info    0x00008c59     0x1d83 CMakeFiles/ZET6_HC_SR04.elf.dir/Drivers/STM32F1xx_HAL_Driver/Src/stm32f1xx_hal_spi.c.obj
 .debug_info    0x0000a9dc     0x3d52 CMakeFiles/ZET6_HC_SR04.elf.dir/Drivers/STM32F1xx_HAL_Driver/Src/stm32f1xx_hal_tim.c.obj
 .debug_info    0x0000e72e     0x1abb CMakeFiles/ZET6_HC_SR04.elf.dir/Drivers/STM32F1xx_HAL_Driver/Src/stm32f1xx_hal_tim_ex.c.obj
 .debug_info    0x000101e9     0x4b1f CMakeFiles/ZET6_HC_SR04.elf.dir/Middlewares/Third_Party/FreeRTOS/Source/CMSIS_RTOS_V2/cmsis_os2.c.obj
 .debug_info    0x00014d08      0x2da CMakeFiles/ZET6_HC_SR04.elf.dir/Middlewares/Third_Party/FreeRTOS/Source/list.c.obj
 .debug_info    0x00014fe2      0x52b CMakeFiles/ZET6_HC_SR04.elf.dir/Middlewares/Third_Party/FreeRTOS/Source/portable/GCC/ARM_CM3/port.c.obj
 .debug_info    0x0001550d      0x471 CMakeFiles/ZET6_HC_SR04.elf.dir/Middlewares/Third_Party/FreeRTOS/Source/portable/MemMang/heap_4.c.obj
 .debug_info    0x0001597e     0x2733 CMakeFiles/ZET6_HC_SR04.elf.dir/Middlewares/Third_Party/FreeRTOS/Source/queue.c.obj
 .debug_info    0x000180b1     0x301a CMakeFiles/ZET6_HC_SR04.elf.dir/Middlewares/Third_Party/FreeRTOS/Source/tasks.c.obj
 .debug_info    0x0001b0cb     0x1969 CMakeFiles/ZET6_HC_SR04.elf.dir/Middlewares/Third_Party/FreeRTOS/Source/timers.c.obj

.debug_abbrev   0x00000000     0x34cb
 .debug_abbrev  0x00000000      0x1b0 CMakeFiles/ZET6_HC_SR04.elf.dir/Core/Src/freertos.c.obj
 .debug_abbrev  0x000001b0       0xbf CMakeFiles/ZET6_HC_SR04.elf.dir/Core/Src/gpio.c.obj
 .debug_abbrev  0x0000026f      0x233 CMakeFiles/ZET6_HC_SR04.elf.dir/Core/Src/main.c.obj
 .debug_abbrev  0x000004a2      0x1c1 CMakeFiles/ZET6_HC_SR04.elf.dir/Core/Src/spi.c.obj
 .debug_abbrev  0x00000663      0x12d CMakeFiles/ZET6_HC_SR04.elf.dir/Core/Src/stm32f1xx_hal_msp.c.obj
 .debug_abbrev  0x00000790      0x1ff CMakeFiles/ZET6_HC_SR04.elf.dir/Core/Src/stm32f1xx_hal_timebase_tim.c.obj
 .debug_abbrev  0x0000098f      0x179 CMakeFiles/ZET6_HC_SR04.elf.dir/Core/Src/stm32f1xx_it.c.obj
 .debug_abbrev  0x00000b08      0x13e CMakeFiles/ZET6_HC_SR04.elf.dir/Core/Src/system_stm32f1xx.c.obj
 .debug_abbrev  0x00000c46       0x12 CMakeFiles/ZET6_HC_SR04.elf.dir/Core/Startup/startup_stm32f103zetx.s.obj
 .debug_abbrev  0x00000c58      0x280 CMakeFiles/ZET6_HC_SR04.elf.dir/Drivers/LCD_240_280/Src/lcd.c.obj
 .debug_abbrev  0x00000ed8      0x220 CMakeFiles/ZET6_HC_SR04.elf.dir/Drivers/LCD_240_280/Src/lcd_interface.c.obj
 .debug_abbrev  0x000010f8      0x1f4 CMakeFiles/ZET6_HC_SR04.elf.dir/Drivers/STM32F1xx_HAL_Driver/Src/stm32f1xx_hal.c.obj
 .debug_abbrev  0x000012ec      0x341 CMakeFiles/ZET6_HC_SR04.elf.dir/Drivers/STM32F1xx_HAL_Driver/Src/stm32f1xx_hal_cortex.c.obj
 .debug_abbrev  0x0000162d      0x1e6 CMakeFiles/ZET6_HC_SR04.elf.dir/Drivers/STM32F1xx_HAL_Driver/Src/stm32f1xx_hal_gpio.c.obj
 .debug_abbrev  0x00001813      0x27a CMakeFiles/ZET6_HC_SR04.elf.dir/Drivers/STM32F1xx_HAL_Driver/Src/stm32f1xx_hal_rcc.c.obj
 .debug_abbrev  0x00001a8d      0x23b CMakeFiles/ZET6_HC_SR04.elf.dir/Drivers/STM32F1xx_HAL_Driver/Src/stm32f1xx_hal_spi.c.obj
 .debug_abbrev  0x00001cc8      0x245 CMakeFiles/ZET6_HC_SR04.elf.dir/Drivers/STM32F1xx_HAL_Driver/Src/stm32f1xx_hal_tim.c.obj
 .debug_abbrev  0x00001f0d      0x248 CMakeFiles/ZET6_HC_SR04.elf.dir/Drivers/STM32F1xx_HAL_Driver/Src/stm32f1xx_hal_tim_ex.c.obj
 .debug_abbrev  0x00002155      0x418 CMakeFiles/ZET6_HC_SR04.elf.dir/Middlewares/Third_Party/FreeRTOS/Source/CMSIS_RTOS_V2/cmsis_os2.c.obj
 .debug_abbrev  0x0000256d      0x106 CMakeFiles/ZET6_HC_SR04.elf.dir/Middlewares/Third_Party/FreeRTOS/Source/list.c.obj
 .debug_abbrev  0x00002673      0x27e CMakeFiles/ZET6_HC_SR04.elf.dir/Middlewares/Third_Party/FreeRTOS/Source/portable/GCC/ARM_CM3/port.c.obj
 .debug_abbrev  0x000028f1      0x238 CMakeFiles/ZET6_HC_SR04.elf.dir/Middlewares/Third_Party/FreeRTOS/Source/portable/MemMang/heap_4.c.obj
 .debug_abbrev  0x00002b29      0x38c CMakeFiles/ZET6_HC_SR04.elf.dir/Middlewares/Third_Party/FreeRTOS/Source/queue.c.obj
 .debug_abbrev  0x00002eb5      0x313 CMakeFiles/ZET6_HC_SR04.elf.dir/Middlewares/Third_Party/FreeRTOS/Source/tasks.c.obj
 .debug_abbrev  0x000031c8      0x303 CMakeFiles/ZET6_HC_SR04.elf.dir/Middlewares/Third_Party/FreeRTOS/Source/timers.c.obj

.debug_loc      0x00000000    0x16b0b
 .debug_loc     0x00000000       0x94 CMakeFiles/ZET6_HC_SR04.elf.dir/Core/Src/freertos.c.obj
 .debug_loc     0x00000094      0x11f CMakeFiles/ZET6_HC_SR04.elf.dir/Core/Src/main.c.obj
 .debug_loc     0x000001b3       0x84 CMakeFiles/ZET6_HC_SR04.elf.dir/Core/Src/spi.c.obj
 .debug_loc     0x00000237       0x15 CMakeFiles/ZET6_HC_SR04.elf.dir/Core/Src/stm32f1xx_hal_msp.c.obj
 .debug_loc     0x0000024c      0x10e CMakeFiles/ZET6_HC_SR04.elf.dir/Core/Src/stm32f1xx_hal_timebase_tim.c.obj
 .debug_loc     0x0000035a       0xff CMakeFiles/ZET6_HC_SR04.elf.dir/Core/Src/system_stm32f1xx.c.obj
 .debug_loc     0x00000459     0x1ca3 CMakeFiles/ZET6_HC_SR04.elf.dir/Drivers/LCD_240_280/Src/lcd.c.obj
 .debug_loc     0x000020fc      0x12f CMakeFiles/ZET6_HC_SR04.elf.dir/Drivers/LCD_240_280/Src/lcd_interface.c.obj
 .debug_loc     0x0000222b      0x141 CMakeFiles/ZET6_HC_SR04.elf.dir/Drivers/STM32F1xx_HAL_Driver/Src/stm32f1xx_hal.c.obj
 .debug_loc     0x0000236c      0x71f CMakeFiles/ZET6_HC_SR04.elf.dir/Drivers/STM32F1xx_HAL_Driver/Src/stm32f1xx_hal_cortex.c.obj
 .debug_loc     0x00002a8b      0x47d CMakeFiles/ZET6_HC_SR04.elf.dir/Drivers/STM32F1xx_HAL_Driver/Src/stm32f1xx_hal_gpio.c.obj
 .debug_loc     0x00002f08      0x618 CMakeFiles/ZET6_HC_SR04.elf.dir/Drivers/STM32F1xx_HAL_Driver/Src/stm32f1xx_hal_rcc.c.obj
 .debug_loc     0x00003520     0x1e2f CMakeFiles/ZET6_HC_SR04.elf.dir/Drivers/STM32F1xx_HAL_Driver/Src/stm32f1xx_hal_spi.c.obj
 .debug_loc     0x0000534f     0x5084 CMakeFiles/ZET6_HC_SR04.elf.dir/Drivers/STM32F1xx_HAL_Driver/Src/stm32f1xx_hal_tim.c.obj
 .debug_loc     0x0000a3d3     0x1cad CMakeFiles/ZET6_HC_SR04.elf.dir/Drivers/STM32F1xx_HAL_Driver/Src/stm32f1xx_hal_tim_ex.c.obj
 .debug_loc     0x0000c080     0x579d CMakeFiles/ZET6_HC_SR04.elf.dir/Middlewares/Third_Party/FreeRTOS/Source/CMSIS_RTOS_V2/cmsis_os2.c.obj
 .debug_loc     0x0001181d       0xad CMakeFiles/ZET6_HC_SR04.elf.dir/Middlewares/Third_Party/FreeRTOS/Source/list.c.obj
 .debug_loc     0x000118ca       0xe8 CMakeFiles/ZET6_HC_SR04.elf.dir/Middlewares/Third_Party/FreeRTOS/Source/portable/GCC/ARM_CM3/port.c.obj
 .debug_loc     0x000119b2      0x331 CMakeFiles/ZET6_HC_SR04.elf.dir/Middlewares/Third_Party/FreeRTOS/Source/portable/MemMang/heap_4.c.obj
 .debug_loc     0x00011ce3     0x19de CMakeFiles/ZET6_HC_SR04.elf.dir/Middlewares/Third_Party/FreeRTOS/Source/queue.c.obj
 .debug_loc     0x000136c1     0x24bc CMakeFiles/ZET6_HC_SR04.elf.dir/Middlewares/Third_Party/FreeRTOS/Source/tasks.c.obj
 .debug_loc     0x00015b7d      0xf8e CMakeFiles/ZET6_HC_SR04.elf.dir/Middlewares/Third_Party/FreeRTOS/Source/timers.c.obj

.debug_aranges  0x00000000     0x13f8
 .debug_aranges
                0x00000000       0x40 CMakeFiles/ZET6_HC_SR04.elf.dir/Core/Src/freertos.c.obj
 .debug_aranges
                0x00000040       0x20 CMakeFiles/ZET6_HC_SR04.elf.dir/Core/Src/gpio.c.obj
 .debug_aranges
                0x00000060       0x40 CMakeFiles/ZET6_HC_SR04.elf.dir/Core/Src/main.c.obj
 .debug_aranges
                0x000000a0       0x30 CMakeFiles/ZET6_HC_SR04.elf.dir/Core/Src/spi.c.obj
 .debug_aranges
                0x000000d0       0x20 CMakeFiles/ZET6_HC_SR04.elf.dir/Core/Src/stm32f1xx_hal_msp.c.obj
 .debug_aranges
                0x000000f0       0x30 CMakeFiles/ZET6_HC_SR04.elf.dir/Core/Src/stm32f1xx_hal_timebase_tim.c.obj
 .debug_aranges
                0x00000120       0x50 CMakeFiles/ZET6_HC_SR04.elf.dir/Core/Src/stm32f1xx_it.c.obj
 .debug_aranges
                0x00000170       0x28 CMakeFiles/ZET6_HC_SR04.elf.dir/Core/Src/system_stm32f1xx.c.obj
 .debug_aranges
                0x00000198       0x28 CMakeFiles/ZET6_HC_SR04.elf.dir/Core/Startup/startup_stm32f103zetx.s.obj
 .debug_aranges
                0x000001c0       0xf0 CMakeFiles/ZET6_HC_SR04.elf.dir/Drivers/LCD_240_280/Src/lcd.c.obj
 .debug_aranges
                0x000002b0       0x88 CMakeFiles/ZET6_HC_SR04.elf.dir/Drivers/LCD_240_280/Src/lcd_interface.c.obj
 .debug_aranges
                0x00000338       0xe0 CMakeFiles/ZET6_HC_SR04.elf.dir/Drivers/STM32F1xx_HAL_Driver/Src/stm32f1xx_hal.c.obj
 .debug_aranges
                0x00000418       0x90 CMakeFiles/ZET6_HC_SR04.elf.dir/Drivers/STM32F1xx_HAL_Driver/Src/stm32f1xx_hal_cortex.c.obj
 .debug_aranges
                0x000004a8       0x58 CMakeFiles/ZET6_HC_SR04.elf.dir/Drivers/STM32F1xx_HAL_Driver/Src/stm32f1xx_hal_gpio.c.obj
 .debug_aranges
                0x00000500       0x90 CMakeFiles/ZET6_HC_SR04.elf.dir/Drivers/STM32F1xx_HAL_Driver/Src/stm32f1xx_hal_rcc.c.obj
 .debug_aranges
                0x00000590      0x1d0 CMakeFiles/ZET6_HC_SR04.elf.dir/Drivers/STM32F1xx_HAL_Driver/Src/stm32f1xx_hal_spi.c.obj
 .debug_aranges
                0x00000760      0x3d0 CMakeFiles/ZET6_HC_SR04.elf.dir/Drivers/STM32F1xx_HAL_Driver/Src/stm32f1xx_hal_tim.c.obj
 .debug_aranges
                0x00000b30      0x168 CMakeFiles/ZET6_HC_SR04.elf.dir/Drivers/STM32F1xx_HAL_Driver/Src/stm32f1xx_hal_tim_ex.c.obj
 .debug_aranges
                0x00000c98      0x228 CMakeFiles/ZET6_HC_SR04.elf.dir/Middlewares/Third_Party/FreeRTOS/Source/CMSIS_RTOS_V2/cmsis_os2.c.obj
 .debug_aranges
                0x00000ec0       0x40 CMakeFiles/ZET6_HC_SR04.elf.dir/Middlewares/Third_Party/FreeRTOS/Source/list.c.obj
 .debug_aranges
                0x00000f00       0x78 CMakeFiles/ZET6_HC_SR04.elf.dir/Middlewares/Third_Party/FreeRTOS/Source/portable/GCC/ARM_CM3/port.c.obj
 .debug_aranges
                0x00000f78       0x50 CMakeFiles/ZET6_HC_SR04.elf.dir/Middlewares/Third_Party/FreeRTOS/Source/portable/MemMang/heap_4.c.obj
 .debug_aranges
                0x00000fc8      0x158 CMakeFiles/ZET6_HC_SR04.elf.dir/Middlewares/Third_Party/FreeRTOS/Source/queue.c.obj
 .debug_aranges
                0x00001120      0x1f8 CMakeFiles/ZET6_HC_SR04.elf.dir/Middlewares/Third_Party/FreeRTOS/Source/tasks.c.obj
 .debug_aranges
                0x00001318       0xe0 CMakeFiles/ZET6_HC_SR04.elf.dir/Middlewares/Third_Party/FreeRTOS/Source/timers.c.obj

.debug_ranges   0x00000000     0x14f8
 .debug_ranges  0x00000000       0x30 CMakeFiles/ZET6_HC_SR04.elf.dir/Core/Src/freertos.c.obj
 .debug_ranges  0x00000030       0x10 CMakeFiles/ZET6_HC_SR04.elf.dir/Core/Src/gpio.c.obj
 .debug_ranges  0x00000040       0x30 CMakeFiles/ZET6_HC_SR04.elf.dir/Core/Src/main.c.obj
 .debug_ranges  0x00000070       0x20 CMakeFiles/ZET6_HC_SR04.elf.dir/Core/Src/spi.c.obj
 .debug_ranges  0x00000090       0x10 CMakeFiles/ZET6_HC_SR04.elf.dir/Core/Src/stm32f1xx_hal_msp.c.obj
 .debug_ranges  0x000000a0       0x20 CMakeFiles/ZET6_HC_SR04.elf.dir/Core/Src/stm32f1xx_hal_timebase_tim.c.obj
 .debug_ranges  0x000000c0       0x40 CMakeFiles/ZET6_HC_SR04.elf.dir/Core/Src/stm32f1xx_it.c.obj
 .debug_ranges  0x00000100       0x18 CMakeFiles/ZET6_HC_SR04.elf.dir/Core/Src/system_stm32f1xx.c.obj
 .debug_ranges  0x00000118       0x20 CMakeFiles/ZET6_HC_SR04.elf.dir/Core/Startup/startup_stm32f103zetx.s.obj
 .debug_ranges  0x00000138       0xe0 CMakeFiles/ZET6_HC_SR04.elf.dir/Drivers/LCD_240_280/Src/lcd.c.obj
 .debug_ranges  0x00000218       0x78 CMakeFiles/ZET6_HC_SR04.elf.dir/Drivers/LCD_240_280/Src/lcd_interface.c.obj
 .debug_ranges  0x00000290       0xd0 CMakeFiles/ZET6_HC_SR04.elf.dir/Drivers/STM32F1xx_HAL_Driver/Src/stm32f1xx_hal.c.obj
 .debug_ranges  0x00000360       0xe0 CMakeFiles/ZET6_HC_SR04.elf.dir/Drivers/STM32F1xx_HAL_Driver/Src/stm32f1xx_hal_cortex.c.obj
 .debug_ranges  0x00000440       0x48 CMakeFiles/ZET6_HC_SR04.elf.dir/Drivers/STM32F1xx_HAL_Driver/Src/stm32f1xx_hal_gpio.c.obj
 .debug_ranges  0x00000488       0xa0 CMakeFiles/ZET6_HC_SR04.elf.dir/Drivers/STM32F1xx_HAL_Driver/Src/stm32f1xx_hal_rcc.c.obj
 .debug_ranges  0x00000528      0x1c0 CMakeFiles/ZET6_HC_SR04.elf.dir/Drivers/STM32F1xx_HAL_Driver/Src/stm32f1xx_hal_spi.c.obj
 .debug_ranges  0x000006e8      0x3c0 CMakeFiles/ZET6_HC_SR04.elf.dir/Drivers/STM32F1xx_HAL_Driver/Src/stm32f1xx_hal_tim.c.obj
 .debug_ranges  0x00000aa8      0x158 CMakeFiles/ZET6_HC_SR04.elf.dir/Drivers/STM32F1xx_HAL_Driver/Src/stm32f1xx_hal_tim_ex.c.obj
 .debug_ranges  0x00000c00      0x218 CMakeFiles/ZET6_HC_SR04.elf.dir/Middlewares/Third_Party/FreeRTOS/Source/CMSIS_RTOS_V2/cmsis_os2.c.obj
 .debug_ranges  0x00000e18       0x30 CMakeFiles/ZET6_HC_SR04.elf.dir/Middlewares/Third_Party/FreeRTOS/Source/list.c.obj
 .debug_ranges  0x00000e48       0x68 CMakeFiles/ZET6_HC_SR04.elf.dir/Middlewares/Third_Party/FreeRTOS/Source/portable/GCC/ARM_CM3/port.c.obj
 .debug_ranges  0x00000eb0       0x40 CMakeFiles/ZET6_HC_SR04.elf.dir/Middlewares/Third_Party/FreeRTOS/Source/portable/MemMang/heap_4.c.obj
 .debug_ranges  0x00000ef0      0x218 CMakeFiles/ZET6_HC_SR04.elf.dir/Middlewares/Third_Party/FreeRTOS/Source/queue.c.obj
 .debug_ranges  0x00001108      0x320 CMakeFiles/ZET6_HC_SR04.elf.dir/Middlewares/Third_Party/FreeRTOS/Source/tasks.c.obj
 .debug_ranges  0x00001428       0xd0 CMakeFiles/ZET6_HC_SR04.elf.dir/Middlewares/Third_Party/FreeRTOS/Source/timers.c.obj

.debug_line     0x00000000    0x1780f
 .debug_line    0x00000000      0x4ff CMakeFiles/ZET6_HC_SR04.elf.dir/Core/Src/freertos.c.obj
 .debug_line    0x000004ff      0x1a3 CMakeFiles/ZET6_HC_SR04.elf.dir/Core/Src/gpio.c.obj
 .debug_line    0x000006a2      0x5a8 CMakeFiles/ZET6_HC_SR04.elf.dir/Core/Src/main.c.obj
 .debug_line    0x00000c4a      0x393 CMakeFiles/ZET6_HC_SR04.elf.dir/Core/Src/spi.c.obj
 .debug_line    0x00000fdd      0x226 CMakeFiles/ZET6_HC_SR04.elf.dir/Core/Src/stm32f1xx_hal_msp.c.obj
 .debug_line    0x00001203      0x374 CMakeFiles/ZET6_HC_SR04.elf.dir/Core/Src/stm32f1xx_hal_timebase_tim.c.obj
 .debug_line    0x00001577      0x306 CMakeFiles/ZET6_HC_SR04.elf.dir/Core/Src/stm32f1xx_it.c.obj
 .debug_line    0x0000187d      0x280 CMakeFiles/ZET6_HC_SR04.elf.dir/Core/Src/system_stm32f1xx.c.obj
 .debug_line    0x00001afd       0xb7 CMakeFiles/ZET6_HC_SR04.elf.dir/Core/Startup/startup_stm32f103zetx.s.obj
 .debug_line    0x00001bb4     0x1071 CMakeFiles/ZET6_HC_SR04.elf.dir/Drivers/LCD_240_280/Src/lcd.c.obj
 .debug_line    0x00002c25      0x5ae CMakeFiles/ZET6_HC_SR04.elf.dir/Drivers/LCD_240_280/Src/lcd_interface.c.obj
 .debug_line    0x000031d3      0x5ce CMakeFiles/ZET6_HC_SR04.elf.dir/Drivers/STM32F1xx_HAL_Driver/Src/stm32f1xx_hal.c.obj
 .debug_line    0x000037a1      0x6a6 CMakeFiles/ZET6_HC_SR04.elf.dir/Drivers/STM32F1xx_HAL_Driver/Src/stm32f1xx_hal_cortex.c.obj
 .debug_line    0x00003e47      0x662 CMakeFiles/ZET6_HC_SR04.elf.dir/Drivers/STM32F1xx_HAL_Driver/Src/stm32f1xx_hal_gpio.c.obj
 .debug_line    0x000044a9      0xc8b CMakeFiles/ZET6_HC_SR04.elf.dir/Drivers/STM32F1xx_HAL_Driver/Src/stm32f1xx_hal_rcc.c.obj
 .debug_line    0x00005134     0x2535 CMakeFiles/ZET6_HC_SR04.elf.dir/Drivers/STM32F1xx_HAL_Driver/Src/stm32f1xx_hal_spi.c.obj
 .debug_line    0x00007669     0x4ac9 CMakeFiles/ZET6_HC_SR04.elf.dir/Drivers/STM32F1xx_HAL_Driver/Src/stm32f1xx_hal_tim.c.obj
 .debug_line    0x0000c132     0x1cc1 CMakeFiles/ZET6_HC_SR04.elf.dir/Drivers/STM32F1xx_HAL_Driver/Src/stm32f1xx_hal_tim_ex.c.obj
 .debug_line    0x0000ddf3     0x2dc4 CMakeFiles/ZET6_HC_SR04.elf.dir/Middlewares/Third_Party/FreeRTOS/Source/CMSIS_RTOS_V2/cmsis_os2.c.obj
 .debug_line    0x00010bb7      0x3e1 CMakeFiles/ZET6_HC_SR04.elf.dir/Middlewares/Third_Party/FreeRTOS/Source/list.c.obj
 .debug_line    0x00010f98      0x692 CMakeFiles/ZET6_HC_SR04.elf.dir/Middlewares/Third_Party/FreeRTOS/Source/portable/GCC/ARM_CM3/port.c.obj
 .debug_line    0x0001162a      0x6d5 CMakeFiles/ZET6_HC_SR04.elf.dir/Middlewares/Third_Party/FreeRTOS/Source/portable/MemMang/heap_4.c.obj
 .debug_line    0x00011cff     0x2079 CMakeFiles/ZET6_HC_SR04.elf.dir/Middlewares/Third_Party/FreeRTOS/Source/queue.c.obj
 .debug_line    0x00013d78     0x2c4a CMakeFiles/ZET6_HC_SR04.elf.dir/Middlewares/Third_Party/FreeRTOS/Source/tasks.c.obj
 .debug_line    0x000169c2      0xe4d CMakeFiles/ZET6_HC_SR04.elf.dir/Middlewares/Third_Party/FreeRTOS/Source/timers.c.obj

.debug_str      0x00000000     0x6dd4
 .debug_str     0x00000000      0x81c CMakeFiles/ZET6_HC_SR04.elf.dir/Core/Src/freertos.c.obj
                                0x876 (size before relaxing)
 .debug_str     0x0000081c       0x50 CMakeFiles/ZET6_HC_SR04.elf.dir/Core/Src/gpio.c.obj
                                0x240 (size before relaxing)
 .debug_str     0x0000086c      0x6c1 CMakeFiles/ZET6_HC_SR04.elf.dir/Core/Src/main.c.obj
                                0x90d (size before relaxing)
 .debug_str     0x00000f2d      0x259 CMakeFiles/ZET6_HC_SR04.elf.dir/Core/Src/spi.c.obj
                                0x6ec (size before relaxing)
 .debug_str     0x00001186      0x458 CMakeFiles/ZET6_HC_SR04.elf.dir/Core/Src/stm32f1xx_hal_msp.c.obj
                                0x648 (size before relaxing)
 .debug_str     0x000015de      0x15c CMakeFiles/ZET6_HC_SR04.elf.dir/Core/Src/stm32f1xx_hal_timebase_tim.c.obj
                                0xc51 (size before relaxing)
 .debug_str     0x0000173a       0xd3 CMakeFiles/ZET6_HC_SR04.elf.dir/Core/Src/stm32f1xx_it.c.obj
                                0x737 (size before relaxing)
 .debug_str     0x0000180d       0xae CMakeFiles/ZET6_HC_SR04.elf.dir/Core/Src/system_stm32f1xx.c.obj
                                0x2af (size before relaxing)
 .debug_str     0x000018bb       0x66 CMakeFiles/ZET6_HC_SR04.elf.dir/Core/Startup/startup_stm32f103zetx.s.obj
                                 0xab (size before relaxing)
 .debug_str     0x00001921      0x445 CMakeFiles/ZET6_HC_SR04.elf.dir/Drivers/LCD_240_280/Src/lcd.c.obj
                                0x653 (size before relaxing)
 .debug_str     0x00001d66       0xce CMakeFiles/ZET6_HC_SR04.elf.dir/Drivers/LCD_240_280/Src/lcd_interface.c.obj
                                0x85f (size before relaxing)
 .debug_str     0x00001e34      0x2b7 CMakeFiles/ZET6_HC_SR04.elf.dir/Drivers/STM32F1xx_HAL_Driver/Src/stm32f1xx_hal.c.obj
                                0x963 (size before relaxing)
 .debug_str     0x000020eb      0x3d9 CMakeFiles/ZET6_HC_SR04.elf.dir/Drivers/STM32F1xx_HAL_Driver/Src/stm32f1xx_hal_cortex.c.obj
                                0xa12 (size before relaxing)
 .debug_str     0x000024c4      0x132 CMakeFiles/ZET6_HC_SR04.elf.dir/Drivers/STM32F1xx_HAL_Driver/Src/stm32f1xx_hal_gpio.c.obj
                                0x45b (size before relaxing)
 .debug_str     0x000025f6      0x1ee CMakeFiles/ZET6_HC_SR04.elf.dir/Drivers/STM32F1xx_HAL_Driver/Src/stm32f1xx_hal_rcc.c.obj
                                0x686 (size before relaxing)
 .debug_str     0x000027e4      0x577 CMakeFiles/ZET6_HC_SR04.elf.dir/Drivers/STM32F1xx_HAL_Driver/Src/stm32f1xx_hal_spi.c.obj
                                0xbc8 (size before relaxing)
 .debug_str     0x00002d5b      0xedc CMakeFiles/ZET6_HC_SR04.elf.dir/Drivers/STM32F1xx_HAL_Driver/Src/stm32f1xx_hal_tim.c.obj
                               0x169a (size before relaxing)
 .debug_str     0x00003c37      0x5c4 CMakeFiles/ZET6_HC_SR04.elf.dir/Drivers/STM32F1xx_HAL_Driver/Src/stm32f1xx_hal_tim_ex.c.obj
                                0xe9b (size before relaxing)
 .debug_str     0x000041fb     0x1211 CMakeFiles/ZET6_HC_SR04.elf.dir/Middlewares/Third_Party/FreeRTOS/Source/CMSIS_RTOS_V2/cmsis_os2.c.obj
                               0x1946 (size before relaxing)
 .debug_str     0x0000540c      0x169 CMakeFiles/ZET6_HC_SR04.elf.dir/Middlewares/Third_Party/FreeRTOS/Source/list.c.obj
                                0x350 (size before relaxing)
 .debug_str     0x00005575      0x270 CMakeFiles/ZET6_HC_SR04.elf.dir/Middlewares/Third_Party/FreeRTOS/Source/portable/GCC/ARM_CM3/port.c.obj
                                0x4bc (size before relaxing)
 .debug_str     0x000057e5      0x218 CMakeFiles/ZET6_HC_SR04.elf.dir/Middlewares/Third_Party/FreeRTOS/Source/portable/MemMang/heap_4.c.obj
                                0x439 (size before relaxing)
 .debug_str     0x000059fd      0x60b CMakeFiles/ZET6_HC_SR04.elf.dir/Middlewares/Third_Party/FreeRTOS/Source/queue.c.obj
                                0xcce (size before relaxing)
 .debug_str     0x00006008      0x8be CMakeFiles/ZET6_HC_SR04.elf.dir/Middlewares/Third_Party/FreeRTOS/Source/tasks.c.obj
                               0x12ca (size before relaxing)
 .debug_str     0x000068c6      0x50e CMakeFiles/ZET6_HC_SR04.elf.dir/Middlewares/Third_Party/FreeRTOS/Source/timers.c.obj
                                0xc41 (size before relaxing)

.comment        0x00000000       0x49
 .comment       0x00000000       0x49 CMakeFiles/ZET6_HC_SR04.elf.dir/Core/Src/freertos.c.obj
                                 0x4a (size before relaxing)
 .comment       0x00000049       0x4a CMakeFiles/ZET6_HC_SR04.elf.dir/Core/Src/gpio.c.obj
 .comment       0x00000049       0x4a CMakeFiles/ZET6_HC_SR04.elf.dir/Core/Src/main.c.obj
 .comment       0x00000049       0x4a CMakeFiles/ZET6_HC_SR04.elf.dir/Core/Src/spi.c.obj
 .comment       0x00000049       0x4a CMakeFiles/ZET6_HC_SR04.elf.dir/Core/Src/stm32f1xx_hal_msp.c.obj
 .comment       0x00000049       0x4a CMakeFiles/ZET6_HC_SR04.elf.dir/Core/Src/stm32f1xx_hal_timebase_tim.c.obj
 .comment       0x00000049       0x4a CMakeFiles/ZET6_HC_SR04.elf.dir/Core/Src/stm32f1xx_it.c.obj
 .comment       0x00000049       0x4a CMakeFiles/ZET6_HC_SR04.elf.dir/Core/Src/system_stm32f1xx.c.obj
 .comment       0x00000049       0x4a CMakeFiles/ZET6_HC_SR04.elf.dir/Drivers/LCD_240_280/Src/lcd.c.obj
 .comment       0x00000049       0x4a CMakeFiles/ZET6_HC_SR04.elf.dir/Drivers/LCD_240_280/Src/lcd_interface.c.obj
 .comment       0x00000049       0x4a CMakeFiles/ZET6_HC_SR04.elf.dir/Drivers/STM32F1xx_HAL_Driver/Src/stm32f1xx_hal.c.obj
 .comment       0x00000049       0x4a CMakeFiles/ZET6_HC_SR04.elf.dir/Drivers/STM32F1xx_HAL_Driver/Src/stm32f1xx_hal_cortex.c.obj
 .comment       0x00000049       0x4a CMakeFiles/ZET6_HC_SR04.elf.dir/Drivers/STM32F1xx_HAL_Driver/Src/stm32f1xx_hal_gpio.c.obj
 .comment       0x00000049       0x4a CMakeFiles/ZET6_HC_SR04.elf.dir/Drivers/STM32F1xx_HAL_Driver/Src/stm32f1xx_hal_rcc.c.obj
 .comment       0x00000049       0x4a CMakeFiles/ZET6_HC_SR04.elf.dir/Drivers/STM32F1xx_HAL_Driver/Src/stm32f1xx_hal_spi.c.obj
 .comment       0x00000049       0x4a CMakeFiles/ZET6_HC_SR04.elf.dir/Drivers/STM32F1xx_HAL_Driver/Src/stm32f1xx_hal_tim.c.obj
 .comment       0x00000049       0x4a CMakeFiles/ZET6_HC_SR04.elf.dir/Drivers/STM32F1xx_HAL_Driver/Src/stm32f1xx_hal_tim_ex.c.obj
 .comment       0x00000049       0x4a CMakeFiles/ZET6_HC_SR04.elf.dir/Middlewares/Third_Party/FreeRTOS/Source/CMSIS_RTOS_V2/cmsis_os2.c.obj
 .comment       0x00000049       0x4a CMakeFiles/ZET6_HC_SR04.elf.dir/Middlewares/Third_Party/FreeRTOS/Source/list.c.obj
 .comment       0x00000049       0x4a CMakeFiles/ZET6_HC_SR04.elf.dir/Middlewares/Third_Party/FreeRTOS/Source/portable/GCC/ARM_CM3/port.c.obj
 .comment       0x00000049       0x4a CMakeFiles/ZET6_HC_SR04.elf.dir/Middlewares/Third_Party/FreeRTOS/Source/portable/MemMang/heap_4.c.obj
 .comment       0x00000049       0x4a CMakeFiles/ZET6_HC_SR04.elf.dir/Middlewares/Third_Party/FreeRTOS/Source/queue.c.obj
 .comment       0x00000049       0x4a CMakeFiles/ZET6_HC_SR04.elf.dir/Middlewares/Third_Party/FreeRTOS/Source/tasks.c.obj
 .comment       0x00000049       0x4a CMakeFiles/ZET6_HC_SR04.elf.dir/Middlewares/Third_Party/FreeRTOS/Source/timers.c.obj

.debug_frame    0x00000000     0x3b50
 .debug_frame   0x00000000       0x8c CMakeFiles/ZET6_HC_SR04.elf.dir/Core/Src/freertos.c.obj
 .debug_frame   0x0000008c       0x28 CMakeFiles/ZET6_HC_SR04.elf.dir/Core/Src/gpio.c.obj
 .debug_frame   0x000000b4       0x88 CMakeFiles/ZET6_HC_SR04.elf.dir/Core/Src/main.c.obj
 .debug_frame   0x0000013c       0x60 CMakeFiles/ZET6_HC_SR04.elf.dir/Core/Src/spi.c.obj
 .debug_frame   0x0000019c       0x2c CMakeFiles/ZET6_HC_SR04.elf.dir/Core/Src/stm32f1xx_hal_msp.c.obj
 .debug_frame   0x000001c8       0x54 CMakeFiles/ZET6_HC_SR04.elf.dir/Core/Src/stm32f1xx_hal_timebase_tim.c.obj
 .debug_frame   0x0000021c       0x88 CMakeFiles/ZET6_HC_SR04.elf.dir/Core/Src/stm32f1xx_it.c.obj
 .debug_frame   0x000002a4       0x30 CMakeFiles/ZET6_HC_SR04.elf.dir/Core/Src/system_stm32f1xx.c.obj
 .debug_frame   0x000002d4      0x3e4 CMakeFiles/ZET6_HC_SR04.elf.dir/Drivers/LCD_240_280/Src/lcd.c.obj
 .debug_frame   0x000006b8      0x17c CMakeFiles/ZET6_HC_SR04.elf.dir/Drivers/LCD_240_280/Src/lcd_interface.c.obj
 .debug_frame   0x00000834      0x1cc CMakeFiles/ZET6_HC_SR04.elf.dir/Drivers/STM32F1xx_HAL_Driver/Src/stm32f1xx_hal.c.obj
 .debug_frame   0x00000a00      0x118 CMakeFiles/ZET6_HC_SR04.elf.dir/Drivers/STM32F1xx_HAL_Driver/Src/stm32f1xx_hal_cortex.c.obj
 .debug_frame   0x00000b18       0xe4 CMakeFiles/ZET6_HC_SR04.elf.dir/Drivers/STM32F1xx_HAL_Driver/Src/stm32f1xx_hal_gpio.c.obj
 .debug_frame   0x00000bfc      0x184 CMakeFiles/ZET6_HC_SR04.elf.dir/Drivers/STM32F1xx_HAL_Driver/Src/stm32f1xx_hal_rcc.c.obj
 .debug_frame   0x00000d80      0x5ac CMakeFiles/ZET6_HC_SR04.elf.dir/Drivers/STM32F1xx_HAL_Driver/Src/stm32f1xx_hal_spi.c.obj
 .debug_frame   0x0000132c      0xb04 CMakeFiles/ZET6_HC_SR04.elf.dir/Drivers/STM32F1xx_HAL_Driver/Src/stm32f1xx_hal_tim.c.obj
 .debug_frame   0x00001e30      0x40c CMakeFiles/ZET6_HC_SR04.elf.dir/Drivers/STM32F1xx_HAL_Driver/Src/stm32f1xx_hal_tim_ex.c.obj
 .debug_frame   0x0000223c      0x79c CMakeFiles/ZET6_HC_SR04.elf.dir/Middlewares/Third_Party/FreeRTOS/Source/CMSIS_RTOS_V2/cmsis_os2.c.obj
 .debug_frame   0x000029d8       0x70 CMakeFiles/ZET6_HC_SR04.elf.dir/Middlewares/Third_Party/FreeRTOS/Source/list.c.obj
 .debug_frame   0x00002a48       0xf0 CMakeFiles/ZET6_HC_SR04.elf.dir/Middlewares/Third_Party/FreeRTOS/Source/portable/GCC/ARM_CM3/port.c.obj
 .debug_frame   0x00002b38       0xb0 CMakeFiles/ZET6_HC_SR04.elf.dir/Middlewares/Third_Party/FreeRTOS/Source/portable/MemMang/heap_4.c.obj
 .debug_frame   0x00002be8      0x458 CMakeFiles/ZET6_HC_SR04.elf.dir/Middlewares/Third_Party/FreeRTOS/Source/queue.c.obj
 .debug_frame   0x00003040      0x660 CMakeFiles/ZET6_HC_SR04.elf.dir/Middlewares/Third_Party/FreeRTOS/Source/tasks.c.obj
 .debug_frame   0x000036a0      0x2c4 CMakeFiles/ZET6_HC_SR04.elf.dir/Middlewares/Third_Party/FreeRTOS/Source/timers.c.obj
 .debug_frame   0x00003964       0x2c c:/progra~1/gcc-arm-none-eabi-10.3-2021.10/bin/../lib/gcc/arm-none-eabi/10.3.1/../../../../arm-none-eabi/lib/thumb/v7-m/nofp\libc.a(lib_a-init.o)
 .debug_frame   0x00003990       0x2c c:/progra~1/gcc-arm-none-eabi-10.3-2021.10/bin/../lib/gcc/arm-none-eabi/10.3.1/../../../../arm-none-eabi/lib/thumb/v7-m/nofp\libc.a(lib_a-memset.o)
 .debug_frame   0x000039bc       0x5c c:/progra~1/gcc-arm-none-eabi-10.3-2021.10/bin/../lib/gcc/arm-none-eabi/10.3.1/../../../../arm-none-eabi/lib/thumb/v7-m/nofp\libc.a(lib_a-__call_atexit.o)
 .debug_frame   0x00003a18       0x20 c:/progra~1/gcc-arm-none-eabi-10.3-2021.10/bin/../lib/gcc/arm-none-eabi/10.3.1/../../../../arm-none-eabi/lib/thumb/v7-m/nofp\libc.a(lib_a-atexit.o)
 .debug_frame   0x00003a38       0x34 c:/progra~1/gcc-arm-none-eabi-10.3-2021.10/bin/../lib/gcc/arm-none-eabi/10.3.1/../../../../arm-none-eabi/lib/thumb/v7-m/nofp\libc.a(lib_a-fini.o)
 .debug_frame   0x00003a6c       0xb0 c:/progra~1/gcc-arm-none-eabi-10.3-2021.10/bin/../lib/gcc/arm-none-eabi/10.3.1/../../../../arm-none-eabi/lib/thumb/v7-m/nofp\libc.a(lib_a-lock.o)
 .debug_frame   0x00003b1c       0x34 c:/progra~1/gcc-arm-none-eabi-10.3-2021.10/bin/../lib/gcc/arm-none-eabi/10.3.1/../../../../arm-none-eabi/lib/thumb/v7-m/nofp\libc.a(lib_a-__atexit.o)